Component: Arm Compiler for Embedded 6.22 Tool: armlink [5ee90200]

==============================================================================

Section Cross References

    startup_stm32f427xx.o(STACK) refers (Special) to heapauxi.o(.text) for __use_two_region_memory
    startup_stm32f427xx.o(HEAP) refers (Special) to heapauxi.o(.text) for __use_two_region_memory
    startup_stm32f427xx.o(RESET) refers (Special) to heapauxi.o(.text) for __use_two_region_memory
    startup_stm32f427xx.o(RESET) refers to startup_stm32f427xx.o(STACK) for __initial_sp
    startup_stm32f427xx.o(RESET) refers to startup_stm32f427xx.o(.text) for Reset_Handler
    startup_stm32f427xx.o(RESET) refers to stm32f4xx_it.o(.text.NMI_Handler) for NMI_Handler
    startup_stm32f427xx.o(RESET) refers to stm32f4xx_it.o(.text.HardFault_Handler) for HardFault_Handler
    startup_stm32f427xx.o(RESET) refers to stm32f4xx_it.o(.text.MemManage_Handler) for MemManage_Handler
    startup_stm32f427xx.o(RESET) refers to stm32f4xx_it.o(.text.BusFault_Handler) for BusFault_Handler
    startup_stm32f427xx.o(RESET) refers to stm32f4xx_it.o(.text.UsageFault_Handler) for UsageFault_Handler
    startup_stm32f427xx.o(RESET) refers to stm32f4xx_it.o(.text.SVC_Handler) for SVC_Handler
    startup_stm32f427xx.o(RESET) refers to stm32f4xx_it.o(.text.DebugMon_Handler) for DebugMon_Handler
    startup_stm32f427xx.o(RESET) refers to stm32f4xx_it.o(.text.PendSV_Handler) for PendSV_Handler
    startup_stm32f427xx.o(RESET) refers to stm32f4xx_it.o(.text.SysTick_Handler) for SysTick_Handler
    startup_stm32f427xx.o(RESET) refers to stm32f4xx_it.o(.text.CAN1_RX0_IRQHandler) for CAN1_RX0_IRQHandler
    startup_stm32f427xx.o(RESET) refers to stm32f4xx_it.o(.text.TIM4_IRQHandler) for TIM4_IRQHandler
    startup_stm32f427xx.o(RESET) refers to stm32f4xx_it.o(.text.USART1_IRQHandler) for USART1_IRQHandler
    startup_stm32f427xx.o(RESET) refers to stm32f4xx_it.o(.text.DMA2_Stream2_IRQHandler) for DMA2_Stream2_IRQHandler
    startup_stm32f427xx.o(RESET) refers to stm32f4xx_it.o(.text.CAN2_RX1_IRQHandler) for CAN2_RX1_IRQHandler
    startup_stm32f427xx.o(.text) refers (Special) to heapauxi.o(.text) for __use_two_region_memory
    startup_stm32f427xx.o(.text) refers to system_stm32f4xx.o(.text.SystemInit) for SystemInit
    startup_stm32f427xx.o(.text) refers to __main.o(!!!main) for __main
    startup_stm32f427xx.o(.text) refers to startup_stm32f427xx.o(HEAP) for Heap_Mem
    startup_stm32f427xx.o(.text) refers to startup_stm32f427xx.o(STACK) for Stack_Mem
    can_user.o(.text.can_filter_init) refers to stm32f4xx_hal_can.o(.text.HAL_CAN_Start) for HAL_CAN_Start
    can_user.o(.text.can_filter_init) refers to stm32f4xx_hal_can.o(.text.HAL_CAN_ConfigFilter) for HAL_CAN_ConfigFilter
    can_user.o(.text.can_filter_init) refers to stm32f4xx_hal_can.o(.text.HAL_CAN_ActivateNotification) for HAL_CAN_ActivateNotification
    can_user.o(.text.can_filter_init) refers to can.o(.bss.hcan1) for hcan1
    can_user.o(.text.can_filter_init) refers to can.o(.bss.hcan2) for hcan2
    can_user.o(.ARM.exidx.text.can_filter_init) refers to can_user.o(.text.can_filter_init) for [Anonymous Symbol]
    can_user.o(.text.HAL_CAN_RxFifo0MsgPendingCallback) refers to stm32f4xx_hal_can.o(.text.HAL_CAN_GetRxMessage) for HAL_CAN_GetRxMessage
    can_user.o(.text.HAL_CAN_RxFifo0MsgPendingCallback) refers to can.o(.bss.hcan1) for hcan1
    can_user.o(.text.HAL_CAN_RxFifo0MsgPendingCallback) refers to can_user.o(.bss.rx_data) for rx_data
    can_user.o(.text.HAL_CAN_RxFifo0MsgPendingCallback) refers to main.o(.bss.motor_reciver_bodan3508) for motor_reciver_bodan3508
    can_user.o(.text.HAL_CAN_RxFifo0MsgPendingCallback) refers to main.o(.bss.motor_recieve_dipan6020) for motor_recieve_dipan6020
    can_user.o(.text.HAL_CAN_RxFifo0MsgPendingCallback) refers to main.o(.bss..L_MergedGlobals) for RC_Ctl
    can_user.o(.ARM.exidx.text.HAL_CAN_RxFifo0MsgPendingCallback) refers to can_user.o(.text.HAL_CAN_RxFifo0MsgPendingCallback) for [Anonymous Symbol]
    can_user.o(.text.HAL_CAN_RxFifo1MsgPendingCallback) refers to stm32f4xx_hal_can.o(.text.HAL_CAN_GetRxMessage) for HAL_CAN_GetRxMessage
    can_user.o(.text.HAL_CAN_RxFifo1MsgPendingCallback) refers to can.o(.bss.hcan2) for hcan2
    can_user.o(.text.HAL_CAN_RxFifo1MsgPendingCallback) refers to main.o(.bss..L_MergedGlobals) for motor_recieve_dipan3508
    can_user.o(.ARM.exidx.text.HAL_CAN_RxFifo1MsgPendingCallback) refers to can_user.o(.text.HAL_CAN_RxFifo1MsgPendingCallback) for [Anonymous Symbol]
    can_user.o(.text.CAN_cmd_current_3508motor) refers to stm32f4xx_hal_can.o(.text.HAL_CAN_AddTxMessage) for HAL_CAN_AddTxMessage
    can_user.o(.text.CAN_cmd_current_3508motor) refers to can_user.o(.bss..L_MergedGlobals) for [Anonymous Symbol]
    can_user.o(.text.CAN_cmd_current_3508motor) refers to can.o(.bss.hcan2) for hcan2
    can_user.o(.ARM.exidx.text.CAN_cmd_current_3508motor) refers to can_user.o(.text.CAN_cmd_current_3508motor) for [Anonymous Symbol]
[...]
    __arm_cp.3_1                             0x08001530   Number         4  stm32f4xx_hal_rcc.o(.text.HAL_RCC_GetSysClockFreq)
    __arm_cp.3_2                             0x08001534   Number         4  stm32f4xx_hal_rcc.o(.text.HAL_RCC_GetSysClockFreq)
    [Anonymous Symbol]                       0x08001538   Section        0  stm32f4xx_hal_rcc.o(.text.HAL_RCC_OscConfig)
    __arm_cp.1_0                             0x08001858   Number         4  stm32f4xx_hal_rcc.o(.text.HAL_RCC_OscConfig)
    __arm_cp.1_1                             0x0800185c   Number         4  stm32f4xx_hal_rcc.o(.text.HAL_RCC_OscConfig)
    __arm_cp.1_2                             0x08001860   Number         4  stm32f4xx_hal_rcc.o(.text.HAL_RCC_OscConfig)
    [Anonymous Symbol]                       0x08001864   Section        0  stm32f4xx_hal_cortex.o(.text.HAL_SYSTICK_Config)
    __arm_cp.6_0                             0x08001884   Number         4  stm32f4xx_hal_cortex.o(.text.HAL_SYSTICK_Config)
    __arm_cp.6_1                             0x08001888   Number         4  stm32f4xx_hal_cortex.o(.text.HAL_SYSTICK_Config)
    [Anonymous Symbol]                       0x0800188c   Section        0  stm32f4xx_hal_tim_ex.o(.text.HAL_TIMEx_BreakCallback)
    [Anonymous Symbol]                       0x0800188e   Section        0  stm32f4xx_hal_tim_ex.o(.text.HAL_TIMEx_CommutCallback)
    [Anonymous Symbol]                       0x08001890   Section        0  stm32f4xx_hal_tim_ex.o(.text.HAL_TIMEx_MasterConfigSynchronization)
    [Anonymous Symbol]                       0x08001900   Section        0  stm32f4xx_hal_tim.o(.text.HAL_TIM_Base_Init)
    [Anonymous Symbol]                       0x08001920   Section        0  tim.o(.text.HAL_TIM_Base_MspInit)
    __arm_cp.1_1                             0x08001958   Number         4  tim.o(.text.HAL_TIM_Base_MspInit)
    [Anonymous Symbol]                       0x0800195c   Section        0  stm32f4xx_hal_tim.o(.text.HAL_TIM_Base_Start_IT)
    __arm_cp.7_0                             0x080019c0   Number         4  stm32f4xx_hal_tim.o(.text.HAL_TIM_Base_Start_IT)
    __arm_cp.7_2                             0x080019c4   Number         4  stm32f4xx_hal_tim.o(.text.HAL_TIM_Base_Start_IT)
    __arm_cp.7_3                             0x080019c8   Number         4  stm32f4xx_hal_tim.o(.text.HAL_TIM_Base_Start_IT)
    __arm_cp.7_4                             0x080019cc   Number         4  stm32f4xx_hal_tim.o(.text.HAL_TIM_Base_Start_IT)
    __arm_cp.7_5                             0x080019d0   Number         4  stm32f4xx_hal_tim.o(.text.HAL_TIM_Base_Start_IT)
    __arm_cp.7_6                             0x080019d4   Number         4  stm32f4xx_hal_tim.o(.text.HAL_TIM_Base_Start_IT)
    [Anonymous Symbol]                       0x080019d8   Section        0  stm32f4xx_hal_tim.o(.text.HAL_TIM_ConfigClockSource)
    [Anonymous Symbol]                       0x08001a8c   Section        0  stm32f4xx_hal_tim.o(.text.HAL_TIM_IC_CaptureCallback)
    [Anonymous Symbol]                       0x08001a8e   Section        0  stm32f4xx_hal_tim.o(.text.HAL_TIM_IRQHandler)
    [Anonymous Symbol]                       0x08001b98   Section        0  stm32f4xx_hal_tim.o(.text.HAL_TIM_OC_DelayElapsedCallback)
    [Anonymous Symbol]                       0x08001b9a   Section        0  stm32f4xx_hal_tim.o(.text.HAL_TIM_PWM_PulseFinishedCallback)
    [Anonymous Symbol]                       0x08001b9c   Section        0  main.o(.text.HAL_TIM_PeriodElapsedCallback)
    __arm_cp.3_0                             0x08001bc4   Number         4  main.o(.text.HAL_TIM_PeriodElapsedCallback)
    __arm_cp.3_1                             0x08001bc8   Number         4  main.o(.text.HAL_TIM_PeriodElapsedCallback)
    [Anonymous Symbol]                       0x08001bcc   Section        0  stm32f4xx_hal_tim.o(.text.HAL_TIM_TriggerCallback)
    [Anonymous Symbol]                       0x08001bce   Section        0  stm32f4xx_hal_uart.o(.text.HAL_UARTEx_ReceiveToIdle_DMA)
    [Anonymous Symbol]                       0x08001c14   Section        0  yaokong.o(.text.HAL_UARTEx_RxEventCallback)
    __arm_cp.0_0                             0x08001c6c   Number         4  yaokong.o(.text.HAL_UARTEx_RxEventCallback)
    __arm_cp.0_1                             0x08001c70   Number         4  yaokong.o(.text.HAL_UARTEx_RxEventCallback)
    __arm_cp.0_2                             0x08001c74   Number         4  yaokong.o(.text.HAL_UARTEx_RxEventCallback)
    [Anonymous Symbol]                       0x08001c78   Section        0  stm32f4xx_hal_uart.o(.text.HAL_UART_ErrorCallback)
    [Anonymous Symbol]                       0x08001c7c   Section        0  stm32f4xx_hal_uart.o(.text.HAL_UART_IRQHandler)
    __arm_cp.42_0                            0x08001ebc   Number         4  stm32f4xx_hal_uart.o(.text.HAL_UART_IRQHandler)
    [Anonymous Symbol]                       0x08001ec0   Section        0  stm32f4xx_hal_uart.o(.text.HAL_UART_Init)
    [Anonymous Symbol]                       0x08001eec   Section        0  usart.o(.text.HAL_UART_MspInit)
    __arm_cp.1_2                             0x08001f90   Number         4  usart.o(.text.HAL_UART_MspInit)
    __arm_cp.1_3                             0x08001f94   Number         4  usart.o(.text.HAL_UART_MspInit)
    [Anonymous Symbol]                       0x08001f98   Section        0  stm32f4xx_hal_uart.o(.text.HAL_UART_RxCpltCallback)
    [Anonymous Symbol]                       0x08001f9a   Section        0  stm32f4xx_hal_uart.o(.text.HAL_UART_RxHalfCpltCallback)
    [Anonymous Symbol]                       0x08001f9c   Section        0  stm32f4xx_hal_uart.o(.text.HAL_UART_TxCpltCallback)
    [Anonymous Symbol]                       0x08001f9e   Section        0  stm32f4xx_it.o(.text.HardFault_Handler)
    [Anonymous Symbol]                       0x08001fa0   Section        0  can.o(.text.MX_CAN1_Init)
    __arm_cp.0_0                             0x08001fb8   Number         4  can.o(.text.MX_CAN1_Init)
    __arm_cp.0_1                             0x08001fbc   Number         4  can.o(.text.MX_CAN1_Init)
    [Anonymous Symbol]                       0x08001fc0   Section        0  can.o(.text.MX_CAN2_Init)
    __arm_cp.1_0                             0x08001fd8   Number         4  can.o(.text.MX_CAN2_Init)
    __arm_cp.1_1                             0x08001fdc   Number         4  can.o(.text.MX_CAN2_Init)
    [Anonymous Symbol]                       0x08001fe0   Section        0  dma.o(.text.MX_DMA_Init)
    [Anonymous Symbol]                       0x08002010   Section        0  gpio.o(.text.MX_GPIO_Init)
    __arm_cp.0_0                             0x0800206c   Number         4  gpio.o(.text.MX_GPIO_Init)
    [Anonymous Symbol]                       0x08002070   Section        0  tim.o(.text.MX_TIM4_Init)
    __arm_cp.0_1                             0x080020cc   Number         4  tim.o(.text.MX_TIM4_Init)
    [Anonymous Symbol]                       0x080020d0   Section        0  usart.o(.text.MX_USART1_UART_Init)
    __arm_cp.0_0                             0x08002104   Number         4  usart.o(.text.MX_USART1_UART_Init)
    __arm_cp.0_1                             0x08002108   Number         4  usart.o(.text.MX_USART1_UART_Init)
    __arm_cp.0_2                             0x0800210c   Number         4  usart.o(.text.MX_USART1_UART_Init)
    [Anonymous Symbol]                       0x08002110   Section        0  stm32f4xx_it.o(.text.MemManage_Handler)
    [Anonymous Symbol]                       0x08002112   Section        0  stm32f4xx_it.o(.text.NMI_Handler)
    OUTLINED_FUNCTION_0                      0x08002115   Thumb Code    28  can.o(.text.OUTLINED_FUNCTION_0)
    [Anonymous Symbol]                       0x08002114   Section        0  can.o(.text.OUTLINED_FUNCTION_0)
    OUTLINED_FUNCTION_0                      0x08002131   Thumb Code    12  stm32f4xx_hal_can.o(.text.OUTLINED_FUNCTION_0)
    [Anonymous Symbol]                       0x08002130   Section        0  stm32f4xx_hal_can.o(.text.OUTLINED_FUNCTION_0)
    OUTLINED_FUNCTION_0                      0x0800213d   Thumb Code    12  stm32f4xx_hal_rcc.o(.text.OUTLINED_FUNCTION_0)
    [Anonymous Symbol]                       0x0800213c   Section        0  stm32f4xx_hal_rcc.o(.text.OUTLINED_FUNCTION_0)
    OUTLINED_FUNCTION_0                      0x08002149   Thumb Code    14  stm32f4xx_hal_dma.o(.text.OUTLINED_FUNCTION_0)
    [Anonymous Symbol]                       0x08002148   Section        0  stm32f4xx_hal_dma.o(.text.OUTLINED_FUNCTION_0)
    OUTLINED_FUNCTION_0                      0x08002157   Thumb Code     8  stm32f4xx_hal_pwr_ex.o(.text.OUTLINED_FUNCTION_0)
    [Anonymous Symbol]                       0x08002156   Section        0  stm32f4xx_hal_pwr_ex.o(.text.OUTLINED_FUNCTION_0)
    OUTLINED_FUNCTION_0                      0x0800215f   Thumb Code    20  stm32f4xx_hal_uart.o(.text.OUTLINED_FUNCTION_0)
    [Anonymous Symbol]                       0x0800215e   Section        0  stm32f4xx_hal_uart.o(.text.OUTLINED_FUNCTION_0)
    OUTLINED_FUNCTION_1                      0x08002173   Thumb Code    12  stm32f4xx_hal_can.o(.text.OUTLINED_FUNCTION_1)
    [Anonymous Symbol]                       0x08002172   Section        0  stm32f4xx_hal_can.o(.text.OUTLINED_FUNCTION_1)
    OUTLINED_FUNCTION_1                      0x0800217f   Thumb Code    10  stm32f4xx_hal_dma.o(.text.OUTLINED_FUNCTION_1)
    [Anonymous Symbol]                       0x0800217e   Section        0  stm32f4xx_hal_dma.o(.text.OUTLINED_FUNCTION_1)
    OUTLINED_FUNCTION_1                      0x08002189   Thumb Code    46  stm32f4xx_hal_tim.o(.text.OUTLINED_FUNCTION_1)
    [Anonymous Symbol]                       0x08002188   Section        0  stm32f4xx_hal_tim.o(.text.OUTLINED_FUNCTION_1)
    OUTLINED_FUNCTION_1                      0x080021b7   Thumb Code    20  stm32f4xx_hal_uart.o(.text.OUTLINED_FUNCTION_1)
    [Anonymous Symbol]                       0x080021b6   Section        0  stm32f4xx_hal_uart.o(.text.OUTLINED_FUNCTION_1)
    OUTLINED_FUNCTION_10                     0x080021cb   Thumb Code    20  stm32f4xx_hal_uart.o(.text.OUTLINED_FUNCTION_10)
    [Anonymous Symbol]                       0x080021ca   Section        0  stm32f4xx_hal_uart.o(.text.OUTLINED_FUNCTION_10)
    OUTLINED_FUNCTION_11                     0x080021df   Thumb Code    10  stm32f4xx_hal_tim.o(.text.OUTLINED_FUNCTION_11)
    [Anonymous Symbol]                       0x080021de   Section        0  stm32f4xx_hal_tim.o(.text.OUTLINED_FUNCTION_11)
    OUTLINED_FUNCTION_11                     0x080021e9   Thumb Code    20  stm32f4xx_hal_uart.o(.text.OUTLINED_FUNCTION_11)
    [Anonymous Symbol]                       0x080021e8   Section        0  stm32f4xx_hal_uart.o(.text.OUTLINED_FUNCTION_11)
    OUTLINED_FUNCTION_13                     0x080021fd   Thumb Code    12  stm32f4xx_hal_uart.o(.text.OUTLINED_FUNCTION_13)
    [Anonymous Symbol]                       0x080021fc   Section        0  stm32f4xx_hal_uart.o(.text.OUTLINED_FUNCTION_13)
    OUTLINED_FUNCTION_14                     0x08002209   Thumb Code    10  stm32f4xx_hal_tim.o(.text.OUTLINED_FUNCTION_14)
    [Anonymous Symbol]                       0x08002208   Section        0  stm32f4xx_hal_tim.o(.text.OUTLINED_FUNCTION_14)
    OUTLINED_FUNCTION_14                     0x08002213   Thumb Code    10  stm32f4xx_hal_uart.o(.text.OUTLINED_FUNCTION_14)
    [Anonymous Symbol]                       0x08002212   Section        0  stm32f4xx_hal_uart.o(.text.OUTLINED_FUNCTION_14)
    OUTLINED_FUNCTION_18                     0x0800221d   Thumb Code    10  stm32f4xx_hal_uart.o(.text.OUTLINED_FUNCTION_18)
    [Anonymous Symbol]                       0x0800221c   Section        0  stm32f4xx_hal_uart.o(.text.OUTLINED_FUNCTION_18)
    OUTLINED_FUNCTION_19                     0x08002227   Thumb Code     8  stm32f4xx_hal_uart.o(.text.OUTLINED_FUNCTION_19)
    [Anonymous Symbol]                       0x08002226   Section        0  stm32f4xx_hal_uart.o(.text.OUTLINED_FUNCTION_19)
    OUTLINED_FUNCTION_2                      0x0800222f   Thumb Code    14  stm32f4xx_hal_can.o(.text.OUTLINED_FUNCTION_2)
    [Anonymous Symbol]                       0x0800222e   Section        0  stm32f4xx_hal_can.o(.text.OUTLINED_FUNCTION_2)
    OUTLINED_FUNCTION_2                      0x0800223d   Thumb Code    10  stm32f4xx_hal_rcc.o(.text.OUTLINED_FUNCTION_2)
    [Anonymous Symbol]                       0x0800223c   Section        0  stm32f4xx_hal_rcc.o(.text.OUTLINED_FUNCTION_2)
    OUTLINED_FUNCTION_2                      0x08002247   Thumb Code     8  stm32f4xx_hal_dma.o(.text.OUTLINED_FUNCTION_2)
    [Anonymous Symbol]                       0x08002246   Section        0  stm32f4xx_hal_dma.o(.text.OUTLINED_FUNCTION_2)
    OUTLINED_FUNCTION_2                      0x0800224f   Thumb Code    20  stm32f4xx_hal_uart.o(.text.OUTLINED_FUNCTION_2)
    [Anonymous Symbol]                       0x0800224e   Section        0  stm32f4xx_hal_uart.o(.text.OUTLINED_FUNCTION_2)
    OUTLINED_FUNCTION_20                     0x08002263   Thumb Code     6  stm32f4xx_hal_uart.o(.text.OUTLINED_FUNCTION_20)
    [Anonymous Symbol]                       0x08002262   Section        0  stm32f4xx_hal_uart.o(.text.OUTLINED_FUNCTION_20)
    OUTLINED_FUNCTION_25                     0x08002269   Thumb Code    26  stm32f4xx_hal_tim.o(.text.OUTLINED_FUNCTION_25)
    [Anonymous Symbol]                       0x08002268   Section        0  stm32f4xx_hal_tim.o(.text.OUTLINED_FUNCTION_25)
    OUTLINED_FUNCTION_26                     0x08002283   Thumb Code    10  stm32f4xx_hal_tim.o(.text.OUTLINED_FUNCTION_26)
    [Anonymous Symbol]                       0x08002282   Section        0  stm32f4xx_hal_tim.o(.text.OUTLINED_FUNCTION_26)
    OUTLINED_FUNCTION_3                      0x0800228d   Thumb Code    16  stm32f4xx_hal_can.o(.text.OUTLINED_FUNCTION_3)
    [Anonymous Symbol]                       0x0800228c   Section        0  stm32f4xx_hal_can.o(.text.OUTLINED_FUNCTION_3)
    OUTLINED_FUNCTION_3                      0x0800229d   Thumb Code    10  stm32f4xx_hal_dma.o(.text.OUTLINED_FUNCTION_3)
    [Anonymous Symbol]                       0x0800229c   Section        0  stm32f4xx_hal_dma.o(.text.OUTLINED_FUNCTION_3)
    OUTLINED_FUNCTION_31                     0x080022a7   Thumb Code    20  stm32f4xx_hal_tim.o(.text.OUTLINED_FUNCTION_31)
    [Anonymous Symbol]                       0x080022a6   Section        0  stm32f4xx_hal_tim.o(.text.OUTLINED_FUNCTION_31)
    OUTLINED_FUNCTION_4                      0x080022bb   Thumb Code    12  stm32f4xx_hal_can.o(.text.OUTLINED_FUNCTION_4)
    [Anonymous Symbol]                       0x080022ba   Section        0  stm32f4xx_hal_can.o(.text.OUTLINED_FUNCTION_4)
    OUTLINED_FUNCTION_4                      0x080022c7   Thumb Code    22  stm32f4xx_hal_uart.o(.text.OUTLINED_FUNCTION_4)
    [Anonymous Symbol]                       0x080022c6   Section        0  stm32f4xx_hal_uart.o(.text.OUTLINED_FUNCTION_4)
    OUTLINED_FUNCTION_40                     0x080022dd   Thumb Code    12  stm32f4xx_hal_tim.o(.text.OUTLINED_FUNCTION_40)
    [Anonymous Symbol]                       0x080022dc   Section        0  stm32f4xx_hal_tim.o(.text.OUTLINED_FUNCTION_40)
    OUTLINED_FUNCTION_43                     0x080022e9   Thumb Code    10  stm32f4xx_hal_tim.o(.text.OUTLINED_FUNCTION_43)
    [Anonymous Symbol]                       0x080022e8   Section        0  stm32f4xx_hal_tim.o(.text.OUTLINED_FUNCTION_43)
    OUTLINED_FUNCTION_48                     0x080022f3   Thumb Code     6  stm32f4xx_hal_tim.o(.text.OUTLINED_FUNCTION_48)
    [Anonymous Symbol]                       0x080022f2   Section        0  stm32f4xx_hal_tim.o(.text.OUTLINED_FUNCTION_48)
    OUTLINED_FUNCTION_5                      0x080022f9   Thumb Code     8  stm32f4xx_hal_uart.o(.text.OUTLINED_FUNCTION_5)
    [Anonymous Symbol]                       0x080022f8   Section        0  stm32f4xx_hal_uart.o(.text.OUTLINED_FUNCTION_5)
    OUTLINED_FUNCTION_54                     0x08002301   Thumb Code    14  stm32f4xx_hal_tim.o(.text.OUTLINED_FUNCTION_54)
    [Anonymous Symbol]                       0x08002300   Section        0  stm32f4xx_hal_tim.o(.text.OUTLINED_FUNCTION_54)
    OUTLINED_FUNCTION_55                     0x0800230f   Thumb Code    10  stm32f4xx_hal_tim.o(.text.OUTLINED_FUNCTION_55)
    [Anonymous Symbol]                       0x0800230e   Section        0  stm32f4xx_hal_tim.o(.text.OUTLINED_FUNCTION_55)
    OUTLINED_FUNCTION_6                      0x08002319   Thumb Code    28  stm32f4xx_hal_uart.o(.text.OUTLINED_FUNCTION_6)
    [Anonymous Symbol]                       0x08002318   Section        0  stm32f4xx_hal_uart.o(.text.OUTLINED_FUNCTION_6)
    OUTLINED_FUNCTION_7                      0x08002335   Thumb Code    14  stm32f4xx_hal_tim.o(.text.OUTLINED_FUNCTION_7)
    [Anonymous Symbol]                       0x08002334   Section        0  stm32f4xx_hal_tim.o(.text.OUTLINED_FUNCTION_7)
    OUTLINED_FUNCTION_7                      0x08002343   Thumb Code    12  stm32f4xx_hal_uart.o(.text.OUTLINED_FUNCTION_7)
    [Anonymous Symbol]                       0x08002342   Section        0  stm32f4xx_hal_uart.o(.text.OUTLINED_FUNCTION_7)
    [Anonymous Symbol]                       0x0800234e   Section        0  stm32f4xx_it.o(.text.PendSV_Handler)
    [Anonymous Symbol]                       0x08002350   Section        0  stm32f4xx_it.o(.text.SVC_Handler)
    [Anonymous Symbol]                       0x08002352   Section        0  stm32f4xx_it.o(.text.SysTick_Handler)
    [Anonymous Symbol]                       0x08002358   Section        0  main.o(.text.SystemClock_Config)
    __arm_cp.1_0                             0x080023fc   Number         4  main.o(.text.SystemClock_Config)
    __arm_cp.1_1                             0x08002400   Number         4  main.o(.text.SystemClock_Config)
    [Anonymous Symbol]                       0x08002404   Section        0  system_stm32f4xx.o(.text.SystemInit)
    __arm_cp.0_0                             0x08002410   Number         4  system_stm32f4xx.o(.text.SystemInit)
    [Anonymous Symbol]                       0x08002414   Section        0  stm32f4xx_it.o(.text.TIM4_IRQHandler)
    __arm_cp.10_0                            0x0800241c   Number         4  stm32f4xx_it.o(.text.TIM4_IRQHandler)
    [Anonymous Symbol]                       0x08002420   Section        0  stm32f4xx_hal_tim.o(.text.TIM_Base_SetConfig)
    __arm_cp.2_0                             0x080024dc   Number         4  stm32f4xx_hal_tim.o(.text.TIM_Base_SetConfig)
    __arm_cp.2_1                             0x080024e0   Number         4  stm32f4xx_hal_tim.o(.text.TIM_Base_SetConfig)
    __arm_cp.2_2                             0x080024e4   Number         4  stm32f4xx_hal_tim.o(.text.TIM_Base_SetConfig)
    __arm_cp.2_3                             0x080024e8   Number         4  stm32f4xx_hal_tim.o(.text.TIM_Base_SetConfig)
    __arm_cp.2_4                             0x080024ec   Number         4  stm32f4xx_hal_tim.o(.text.TIM_Base_SetConfig)
    __arm_cp.2_5                             0x080024f0   Number         4  stm32f4xx_hal_tim.o(.text.TIM_Base_SetConfig)
    __arm_cp.2_6                             0x080024f4   Number         4  stm32f4xx_hal_tim.o(.text.TIM_Base_SetConfig)
    __arm_cp.2_7                             0x080024f8   Number         4  stm32f4xx_hal_tim.o(.text.TIM_Base_SetConfig)
    __arm_cp.2_8                             0x080024fc   Number         4  stm32f4xx_hal_tim.o(.text.TIM_Base_SetConfig)
    __arm_cp.2_9                             0x08002500   Number         4  stm32f4xx_hal_tim.o(.text.TIM_Base_SetConfig)
    __arm_cp.2_10                            0x08002504   Number         4  stm32f4xx_hal_tim.o(.text.TIM_Base_SetConfig)
    TIM_TI1_ConfigInputStage                 0x08002509   Thumb Code    34  stm32f4xx_hal_tim.o(.text.TIM_TI1_ConfigInputStage)
    [Anonymous Symbol]                       0x08002508   Section        0  stm32f4xx_hal_tim.o(.text.TIM_TI1_ConfigInputStage)
    TIM_TI2_ConfigInputStage                 0x0800252b   Thumb Code    36  stm32f4xx_hal_tim.o(.text.TIM_TI2_ConfigInputStage)
    [Anonymous Symbol]                       0x0800252a   Section        0  stm32f4xx_hal_tim.o(.text.TIM_TI2_ConfigInputStage)
    UART_DMAAbortOnError                     0x0800254f   Thumb Code    12  stm32f4xx_hal_uart.o(.text.UART_DMAAbortOnError)
    [Anonymous Symbol]                       0x0800254e   Section        0  stm32f4xx_hal_uart.o(.text.UART_DMAAbortOnError)
    UART_DMAError                            0x0800255b   Thumb Code    76  stm32f4xx_hal_uart.o(.text.UART_DMAError)
    [Anonymous Symbol]                       0x0800255a   Section        0  stm32f4xx_hal_uart.o(.text.UART_DMAError)
    UART_DMAReceiveCplt                      0x080025a7   Thumb Code   114  stm32f4xx_hal_uart.o(.text.UART_DMAReceiveCplt)
    [Anonymous Symbol]                       0x080025a6   Section        0  stm32f4xx_hal_uart.o(.text.UART_DMAReceiveCplt)
    UART_DMARxHalfCplt                       0x08002619   Thumb Code    24  stm32f4xx_hal_uart.o(.text.UART_DMARxHalfCplt)
    [Anonymous Symbol]                       0x08002618   Section        0  stm32f4xx_hal_uart.o(.text.UART_DMARxHalfCplt)
    UART_EndRxTransfer                       0x08002631   Thumb Code    66  stm32f4xx_hal_uart.o(.text.UART_EndRxTransfer)
    [Anonymous Symbol]                       0x08002630   Section        0  stm32f4xx_hal_uart.o(.text.UART_EndRxTransfer)
    UART_EndTxTransfer                       0x08002673   Thumb Code    28  stm32f4xx_hal_uart.o(.text.UART_EndTxTransfer)
    [Anonymous Symbol]                       0x08002672   Section        0  stm32f4xx_hal_uart.o(.text.UART_EndTxTransfer)
    UART_Receive_IT                          0x0800268f   Thumb Code   186  stm32f4xx_hal_uart.o(.text.UART_Receive_IT)
    [Anonymous Symbol]                       0x0800268e   Section        0  stm32f4xx_hal_uart.o(.text.UART_Receive_IT)
    UART_SetConfig                           0x08002749   Thumb Code   188  stm32f4xx_hal_uart.o(.text.UART_SetConfig)
    [Anonymous Symbol]                       0x08002748   Section        0  stm32f4xx_hal_uart.o(.text.UART_SetConfig)
    __arm_cp.2_0                             0x08002804   Number         4  stm32f4xx_hal_uart.o(.text.UART_SetConfig)
    __arm_cp.2_1                             0x08002808   Number         4  stm32f4xx_hal_uart.o(.text.UART_SetConfig)
    [Anonymous Symbol]                       0x0800280c   Section        0  stm32f4xx_hal_uart.o(.text.UART_Start_Receive_DMA)
    __arm_cp.19_0                            0x08002884   Number         4  stm32f4xx_hal_uart.o(.text.UART_Start_Receive_DMA)
    __arm_cp.19_1                            0x08002888   Number         4  stm32f4xx_hal_uart.o(.text.UART_Start_Receive_DMA)
    __arm_cp.19_2                            0x0800288c   Number         4  stm32f4xx_hal_uart.o(.text.UART_Start_Receive_DMA)
    [Anonymous Symbol]                       0x08002890   Section        0  stm32f4xx_it.o(.text.USART1_IRQHandler)
    [Anonymous Symbol]                       0x08002898   Section        0  stm32f4xx_it.o(.text.UsageFault_Handler)
    [Anonymous Symbol]                       0x0800289c   Section        0  can_user.o(.text.can_filter_init)
    [Anonymous Symbol]                       0x0800291c   Section        0  dipan_control.o(.text.dipan_speed_jiesuan)
    __arm_cp.0_0                             0x08002960   Number         4  dipan_control.o(.text.dipan_speed_jiesuan)
    __arm_cp.0_1                             0x08002964   Number         4  dipan_control.o(.text.dipan_speed_jiesuan)
    __arm_cp.0_2                             0x08002968   Number         4  dipan_control.o(.text.dipan_speed_jiesuan)
    [Anonymous Symbol]                       0x0800296c   Section        0  main.o(.text.main)
    __arm_cp.0_0                             0x080029e4   Number         4  main.o(.text.main)
    __arm_cp.0_1                             0x080029e8   Number         4  main.o(.text.main)
    __arm_cp.0_2                             0x080029ec   Number         4  main.o(.text.main)
    __arm_cp.0_3                             0x080029f0   Number         4  main.o(.text.main)
    __arm_cp.0_4                             0x080029f4   Number         4  main.o(.text.main)
    __arm_cp.0_5                             0x080029f8   Number         4  main.o(.text.main)
    [Anonymous Symbol]                       0x080029fc   Section        0  pid.o(.text.pid_output)
    $v0                                      0x08002a86   Number         0  fpinit.o(x$fpl$fpinit)
    x$fpl$fpinit                             0x08002a86   Section       26  fpinit.o(x$fpl$fpinit)
    [Anonymous Symbol]                       0x20000000   Section        0  stm32f4xx_hal.o(.data..L_MergedGlobals)
    .bss                                     0x200000a0   Section       96  libspace.o(.bss)
    chassis_can_send_data                    0x20000100   Data           8  can_user.o(.bss..L_MergedGlobals)
    [Anonymous Symbol]                       0x20000100   Section        0  can_user.o(.bss..L_MergedGlobals)
    bodan_can_send_data                      0x20000108   Data           8  can_user.o(.bss..L_MergedGlobals)
    yaw6020_can_send_data                    0x20000110   Data           8  can_user.o(.bss..L_MergedGlobals)
    chassis_tx_message                       0x20000118   Data          24  can_user.o(.bss..L_MergedGlobals)
    bodan_tx_message                         0x20000130   Data          24  can_user.o(.bss..L_MergedGlobals)
    yaw6020_tx_message                       0x20000148   Data          24  can_user.o(.bss..L_MergedGlobals)
    [Anonymous Symbol]                       0x20000160   Section        0  dipan_control.o(.bss..L_MergedGlobals)
    [Anonymous Symbol]                       0x20000170   Section        0  main.o(.bss..L_MergedGlobals)
    HAL_RCC_CAN1_CLK_ENABLED                 0x200001bc   Data           4  can.o(.bss.HAL_RCC_CAN1_CLK_ENABLED)
    [Anonymous Symbol]                       0x200001bc   Section        0  can.o(.bss.HAL_RCC_CAN1_CLK_ENABLED)
    Heap_Mem                                 0x20000320   Data         512  startup_stm32f427xx.o(HEAP)
    HEAP                                     0x20000320   Section      512  startup_stm32f427xx.o(HEAP)
    Stack_Mem                                0x20000520   Data        1024  startup_stm32f427xx.o(STACK)
    STACK                                    0x20000520   Section     1024  startup_stm32f427xx.o(STACK)
    __initial_sp                             0x20000920   Data           0  startup_stm32f427xx.o(STACK)

    Global Symbols

    Symbol Name                              Value     Ov Type        Size  Object(Section)

    BuildAttributes$$THM_ISAv4$E$P$D$K$B$S$7EM$VFPi3$EXTD16$VFPS$VFMA$PE$A:L22UL41UL21$X:L11$S22US41US21$IEEE1$IW$~IW$USESV6$~STKCKD$USESV7$~SHL$OTIME$ROPI$IEEEJ$EBA8$UX$STANDARDLIB$REQ8$PRES8$EABIv2 0x00000000   Number         0  anon$$obj.o ABSOLUTE
    __ARM_exceptions_init                     - Undefined Weak Reference
    __alloca_initialize                       - Undefined Weak Reference
    __arm_preinit_                            - Undefined Weak Reference
    __arm_relocate_pie_                       - Undefined Weak Reference
    __cpp_initialize__aeabi_                  - Undefined Weak Reference
    __cxa_finalize                            - Undefined Weak Reference
    __rt_locale                               - Undefined Weak Reference
    __sigvec_lookup                           - Undefined Weak Reference
    _atexit_init                              - Undefined Weak Reference
    _call_atexit_fns                          - Undefined Weak Reference
    _clock_init                               - Undefined Weak Reference
    _fp_trap_init                             - Undefined Weak Reference
    _fp_trap_shutdown                         - Undefined Weak Reference
    _get_lc_collate                           - Undefined Weak Reference
    _get_lc_ctype                             - Undefined Weak Reference
    _get_lc_monetary                          - Undefined Weak Reference
    _get_lc_numeric                           - Undefined Weak Reference
    _get_lc_time                              - Undefined Weak Reference
    _getenv_init                              - Undefined Weak Reference
    _handle_redirection                       - Undefined Weak Reference
    _init_alloc                               - Undefined Weak Reference
    _init_user_alloc                          - Undefined Weak Reference
    _initio                                   - Undefined Weak Reference
    _rand_init                                - Undefined Weak Reference
    _signal_finish                            - Undefined Weak Reference
    _signal_init                              - Undefined Weak Reference
    _terminate_alloc                          - Undefined Weak Reference
    _terminate_user_alloc                     - Undefined Weak Reference
    _terminateio                              - Undefined Weak Reference
    __Vectors_Size                           0x000001ac   Number         0  startup_stm32f427xx.o ABSOLUTE
    __Vectors                                0x08000000   Data           4  startup_stm32f427xx.o(RESET)
    __Vectors_End                            0x080001ac   Data           0  startup_stm32f427xx.o(RESET)
    __main                                   0x080001ad   Thumb Code     8  __main.o(!!!main)
    __scatterload                            0x080001b5   Thumb Code     0  __scatter.o(!!!scatter)
    __scatterload_rt2                        0x080001b5   Thumb Code    84  __scatter.o(!!!scatter)
    __scatterload_rt2_thumb_only             0x080001b5   Thumb Code     0  __scatter.o(!!!scatter)
    __scatterload_loop                       0x080001bf   Thumb Code     0  __scatter.o(!!!scatter)
    __scatterload_copy                       0x08000211   Thumb Code    26  __scatter_copy.o(!!handler_copy)
    __scatterload_null                       0x0800022d   Thumb Code     2  __scatter.o(!!handler_null)
    __scatterload_zeroinit                   0x08000231   Thumb Code    28  __scatter_zi.o(!!handler_zi)
    __rt_lib_init                            0x0800024d   Thumb Code     0  libinit.o(.ARM.Collect$$libinit$$00000000)
    __rt_lib_init_fp_1                       0x0800024f   Thumb Code     0  libinit2.o(.ARM.Collect$$libinit$$00000001)
    __rt_lib_init_alloca_1                   0x08000253   Thumb Code     0  libinit2.o(.ARM.Collect$$libinit$$00000030)
    __rt_lib_init_argv_1                     0x08000253   Thumb Code     0  libinit2.o(.ARM.Collect$$libinit$$0000002E)
    __rt_lib_init_atexit_1                   0x08000253   Thumb Code     0  libinit2.o(.ARM.Collect$$libinit$$0000001D)
    __rt_lib_init_clock_1                    0x08000253   Thumb Code     0  libinit2.o(.ARM.Collect$$libinit$$00000023)
    __rt_lib_init_cpp_1                      0x08000253   Thumb Code     0  libinit2.o(.ARM.Collect$$libinit$$00000034)
    __rt_lib_init_exceptions_1               0x08000253   Thumb Code     0  libinit2.o(.ARM.Collect$$libinit$$00000032)
    __rt_lib_init_fp_trap_1                  0x08000253   Thumb Code     0  libinit2.o(.ARM.Collect$$libinit$$00000021)
    __rt_lib_init_getenv_1                   0x08000253   Thumb Code     0  libinit2.o(.ARM.Collect$$libinit$$00000025)
    __rt_lib_init_heap_1                     0x08000253   Thumb Code     0  libinit2.o(.ARM.Collect$$libinit$$0000000C)
    __rt_lib_init_lc_collate_1               0x08000253   Thumb Code     0  libinit2.o(.ARM.Collect$$libinit$$00000013)
    __rt_lib_init_lc_ctype_1                 0x08000253   Thumb Code     0  libinit2.o(.ARM.Collect$$libinit$$00000015)
    __rt_lib_init_lc_monetary_1              0x08000253   Thumb Code     0  libinit2.o(.ARM.Collect$$libinit$$00000017)
    __rt_lib_init_lc_numeric_1               0x08000253   Thumb Code     0  libinit2.o(.ARM.Collect$$libinit$$00000019)
    __rt_lib_init_lc_time_1                  0x08000253   Thumb Code     0  libinit2.o(.ARM.Collect$$libinit$$0000001B)
    __rt_lib_init_preinit_1                  0x08000253   Thumb Code     0  libinit2.o(.ARM.Collect$$libinit$$00000006)
    __rt_lib_init_rand_1                     0x08000253   Thumb Code     0  libinit2.o(.ARM.Collect$$libinit$$00000010)
    __rt_lib_init_relocate_pie_1             0x08000253   Thumb Code     0  libinit2.o(.ARM.Collect$$libinit$$00000004)
    __rt_lib_init_return                     0x08000253   Thumb Code     0  libinit2.o(.ARM.Collect$$libinit$$00000035)
    __rt_lib_init_signal_1                   0x08000253   Thumb Code     0  libinit2.o(.ARM.Collect$$libinit$$0000001F)
    __rt_lib_init_stdio_1                    0x08000253   Thumb Code     0  libinit2.o(.ARM.Collect$$libinit$$00000027)
    __rt_lib_init_user_alloc_1               0x08000253   Thumb Code     0  libinit2.o(.ARM.Collect$$libinit$$0000000E)
    __rt_lib_shutdown                        0x08000255   Thumb Code     0  libshutdown.o(.ARM.Collect$$libshutdown$$00000000)
    __rt_lib_shutdown_cpp_1                  0x08000257   Thumb Code     0  libshutdown2.o(.ARM.Collect$$libshutdown$$00000002)
    __rt_lib_shutdown_fp_trap_1              0x08000257   Thumb Code     0  libshutdown2.o(.ARM.Collect$$libshutdown$$00000007)
    __rt_lib_shutdown_heap_1                 0x08000257   Thumb Code     0  libshutdown2.o(.ARM.Collect$$libshutdown$$0000000F)
    __rt_lib_shutdown_return                 0x08000257   Thumb Code     0  libshutdown2.o(.ARM.Collect$$libshutdown$$00000010)
    __rt_lib_shutdown_signal_1               0x08000257   Thumb Code     0  libshutdown2.o(.ARM.Collect$$libshutdown$$0000000A)
    __rt_lib_shutdown_stdio_1                0x08000257   Thumb Code     0  libshutdown2.o(.ARM.Collect$$libshutdown$$00000004)
    __rt_lib_shutdown_user_alloc_1           0x08000257   Thumb Code     0  libshutdown2.o(.ARM.Collect$$libshutdown$$0000000C)
    __rt_entry                               0x08000259   Thumb Code     0  __rtentry.o(.ARM.Collect$$rtentry$$00000000)
    __rt_entry_presh_1                       0x08000259   Thumb Code     0  __rtentry2.o(.ARM.Collect$$rtentry$$00000002)
    __rt_entry_sh                            0x08000259   Thumb Code     0  __rtentry4.o(.ARM.Collect$$rtentry$$00000004)
    __rt_entry_li                            0x0800025f   Thumb Code     0  __rtentry2.o(.ARM.Collect$$rtentry$$0000000A)
    __rt_entry_postsh_1                      0x0800025f   Thumb Code     0  __rtentry2.o(.ARM.Collect$$rtentry$$00000009)
    __rt_entry_main                          0x08000263   Thumb Code     0  __rtentry2.o(.ARM.Collect$$rtentry$$0000000D)
    __rt_entry_postli_1                      0x08000263   Thumb Code     0  __rtentry2.o(.ARM.Collect$$rtentry$$0000000C)
    __rt_exit                                0x0800026b   Thumb Code     0  rtexit.o(.ARM.Collect$$rtexit$$00000000)
    __rt_exit_ls                             0x0800026d   Thumb Code     0  rtexit2.o(.ARM.Collect$$rtexit$$00000003)
    __rt_exit_prels_1                        0x0800026d   Thumb Code     0  rtexit2.o(.ARM.Collect$$rtexit$$00000002)
    __rt_exit_exit                           0x08000271   Thumb Code     0  rtexit2.o(.ARM.Collect$$rtexit$$00000004)
    Reset_Handler                            0x08000279   Thumb Code     8  startup_stm32f427xx.o(.text)
    ADC_IRQHandler                           0x08000293   Thumb Code     0  startup_stm32f427xx.o(.text)
    CAN1_RX1_IRQHandler                      0x08000293   Thumb Code     0  startup_stm32f427xx.o(.text)
    CAN1_SCE_IRQHandler                      0x08000293   Thumb Code     0  startup_stm32f427xx.o(.text)
    CAN1_TX_IRQHandler                       0x08000293   Thumb Code     0  startup_stm32f427xx.o(.text)
    CAN2_RX0_IRQHandler                      0x08000293   Thumb Code     0  startup_stm32f427xx.o(.text)
    CAN2_SCE_IRQHandler                      0x08000293   Thumb Code     0  startup_stm32f427xx.o(.text)
    CAN2_TX_IRQHandler                       0x08000293   Thumb Code     0  startup_stm32f427xx.o(.text)
    DCMI_IRQHandler                          0x08000293   Thumb Code     0  startup_stm32f427xx.o(.text)
    DMA1_Stream0_IRQHandler                  0x08000293   Thumb Code     0  startup_stm32f427xx.o(.text)
    DMA1_Stream1_IRQHandler                  0x08000293   Thumb Code     0  startup_stm32f427xx.o(.text)
    DMA1_Stream2_IRQHandler                  0x08000293   Thumb Code     0  startup_stm32f427xx.o(.text)
    DMA1_Stream3_IRQHandler                  0x08000293   Thumb Code     0  startup_stm32f427xx.o(.text)
    DMA1_Stream4_IRQHandler                  0x08000293   Thumb Code     0  startup_stm32f427xx.o(.text)
    DMA1_Stream5_IRQHandler                  0x08000293   Thumb Code     0  startup_stm32f427xx.o(.text)
    DMA1_Stream6_IRQHandler                  0x08000293   Thumb Code     0  startup_stm32f427xx.o(.text)
    DMA1_Stream7_IRQHandler                  0x08000293   Thumb Code     0  startup_stm32f427xx.o(.text)
    DMA2D_IRQHandler                         0x08000293   Thumb Code     0  startup_stm32f427xx.o(.text)
    DMA2_Stream0_IRQHandler                  0x08000293   Thumb Code     0  startup_stm32f427xx.o(.text)
    DMA2_Stream1_IRQHandler                  0x08000293   Thumb Code     0  startup_stm32f427xx.o(.text)
    DMA2_Stream3_IRQHandler                  0x08000293   Thumb Code     0  startup_stm32f427xx.o(.text)
    DMA2_Stream4_IRQHandler                  0x08000293   Thumb Code     0  startup_stm32f427xx.o(.text)
    DMA2_Stream5_IRQHandler                  0x08000293   Thumb Code     0  startup_stm32f427xx.o(.text)
    DMA2_Stream6_IRQHandler                  0x08000293   Thumb Code     0  startup_stm32f427xx.o(.text)
    DMA2_Stream7_IRQHandler                  0x08000293   Thumb Code     0  startup_stm32f427xx.o(.text)
    ETH_IRQHandler                           0x08000293   Thumb Code     0  startup_stm32f427xx.o(.text)
    ETH_WKUP_IRQHandler                      0x08000293   Thumb Code     0  startup_stm32f427xx.o(.text)
    EXTI0_IRQHandler                         0x08000293   Thumb Code     0  startup_stm32f427xx.o(.text)
    EXTI15_10_IRQHandler                     0x08000293   Thumb Code     0  startup_stm32f427xx.o(.text)
    EXTI1_IRQHandler                         0x08000293   Thumb Code     0  startup_stm32f427xx.o(.text)
    EXTI2_IRQHandler                         0x08000293   Thumb Code     0  startup_stm32f427xx.o(.text)
    EXTI3_IRQHandler                         0x08000293   Thumb Code     0  startup_stm32f427xx.o(.text)
    EXTI4_IRQHandler                         0x08000293   Thumb Code     0  startup_stm32f427xx.o(.text)
    EXTI9_5_IRQHandler                       0x08000293   Thumb Code     0  startup_stm32f427xx.o(.text)
    FLASH_IRQHandler                         0x08000293   Thumb Code     0  startup_stm32f427xx.o(.text)
    FMC_IRQHandler                           0x08000293   Thumb Code     0  startup_stm32f427xx.o(.text)
    FPU_IRQHandler                           0x08000293   Thumb Code     0  startup_stm32f427xx.o(.text)
    HASH_RNG_IRQHandler                      0x08000293   Thumb Code     0  startup_stm32f427xx.o(.text)
    I2C1_ER_IRQHandler                       0x08000293   Thumb Code     0  startup_stm32f427xx.o(.text)
    I2C1_EV_IRQHandler                       0x08000293   Thumb Code     0  startup_stm32f427xx.o(.text)
    I2C2_ER_IRQHandler                       0x08000293   Thumb Code     0  startup_stm32f427xx.o(.text)
    I2C2_EV_IRQHandler                       0x08000293   Thumb Code     0  startup_stm32f427xx.o(.text)
    I2C3_ER_IRQHandler                       0x08000293   Thumb Code     0  startup_stm32f427xx.o(.text)
    I2C3_EV_IRQHandler                       0x08000293   Thumb Code     0  startup_stm32f427xx.o(.text)
    OTG_FS_IRQHandler                        0x08000293   Thumb Code     0  startup_stm32f427xx.o(.text)
    OTG_FS_WKUP_IRQHandler                   0x08000293   Thumb Code     0  startup_stm32f427xx.o(.text)
    OTG_HS_EP1_IN_IRQHandler                 0x08000293   Thumb Code     0  startup_stm32f427xx.o(.text)
    OTG_HS_EP1_OUT_IRQHandler                0x08000293   Thumb Code     0  startup_stm32f427xx.o(.text)
    OTG_HS_IRQHandler                        0x08000293   Thumb Code     0  startup_stm32f427xx.o(.text)
    OTG_HS_WKUP_IRQHandler                   0x08000293   Thumb Code     0  startup_stm32f427xx.o(.text)
    PVD_IRQHandler                           0x08000293   Thumb Code     0  startup_stm32f427xx.o(.text)
    RCC_IRQHandler                           0x08000293   Thumb Code     0  startup_stm32f427xx.o(.text)
    RTC_Alarm_IRQHandler                     0x08000293   Thumb Code     0  startup_stm32f427xx.o(.text)
    RTC_WKUP_IRQHandler                      0x08000293   Thumb Code     0  startup_stm32f427xx.o(.text)
    SAI1_IRQHandler                          0x08000293   Thumb Code     0  startup_stm32f427xx.o(.text)
    SDIO_IRQHandler                          0x08000293   Thumb Code     0  startup_stm32f427xx.o(.text)
    SPI1_IRQHandler                          0x08000293   Thumb Code     0  startup_stm32f427xx.o(.text)
    SPI2_IRQHandler                          0x08000293   Thumb Code     0  startup_stm32f427xx.o(.text)
    SPI3_IRQHandler                          0x08000293   Thumb Code     0  startup_stm32f427xx.o(.text)
    SPI4_IRQHandler                          0x08000293   Thumb Code     0  startup_stm32f427xx.o(.text)
    SPI5_IRQHandler                          0x08000293   Thumb Code     0  startup_stm32f427xx.o(.text)
    SPI6_IRQHandler                          0x08000293   Thumb Code     0  startup_stm32f427xx.o(.text)
    TAMP_STAMP_IRQHandler                    0x08000293   Thumb Code     0  startup_stm32f427xx.o(.text)
    TIM1_BRK_TIM9_IRQHandler                 0x08000293   Thumb Code     0  startup_stm32f427xx.o(.text)
    TIM1_CC_IRQHandler                       0x08000293   Thumb Code     0  startup_stm32f427xx.o(.text)
    TIM1_TRG_COM_TIM11_IRQHandler            0x08000293   Thumb Code     0  startup_stm32f427xx.o(.text)
    TIM1_UP_TIM10_IRQHandler                 0x08000293   Thumb Code     0  startup_stm32f427xx.o(.text)
    TIM2_IRQHandler                          0x08000293   Thumb Code     0  startup_stm32f427xx.o(.text)
    TIM3_IRQHandler                          0x08000293   Thumb Code     0  startup_stm32f427xx.o(.text)
    TIM5_IRQHandler                          0x08000293   Thumb Code     0  startup_stm32f427xx.o(.text)
    TIM6_DAC_IRQHandler                      0x08000293   Thumb Code     0  startup_stm32f427xx.o(.text)
    TIM7_IRQHandler                          0x08000293   Thumb Code     0  startup_stm32f427xx.o(.text)
    TIM8_BRK_TIM12_IRQHandler                0x08000293   Thumb Code     0  startup_stm32f427xx.o(.text)
    TIM8_CC_IRQHandler                       0x08000293   Thumb Code     0  startup_stm32f427xx.o(.text)
    TIM8_TRG_COM_TIM14_IRQHandler            0x08000293   Thumb Code     0  startup_stm32f427xx.o(.text)
    TIM8_UP_TIM13_IRQHandler                 0x08000293   Thumb Code     0  startup_stm32f427xx.o(.text)
    UART4_IRQHandler                         0x08000293   Thumb Code     0  startup_stm32f427xx.o(.text)
    UART5_IRQHandler                         0x08000293   Thumb Code     0  startup_stm32f427xx.o(.text)
    UART7_IRQHandler                         0x08000293   Thumb Code     0  startup_stm32f427xx.o(.text)
    UART8_IRQHandler                         0x08000293   Thumb Code     0  startup_stm32f427xx.o(.text)
    USART2_IRQHandler                        0x08000293   Thumb Code     0  startup_stm32f427xx.o(.text)
    USART3_IRQHandler                        0x08000293   Thumb Code     0  startup_stm32f427xx.o(.text)
    USART6_IRQHandler                        0x08000293   Thumb Code     0  startup_stm32f427xx.o(.text)
    WWDG_IRQHandler                          0x08000293   Thumb Code     0  startup_stm32f427xx.o(.text)
    __user_initial_stackheap                 0x08000295   Thumb Code     0  startup_stm32f427xx.o(.text)
    __aeabi_uldivmod                         0x080002b9   Thumb Code     0  lludivv7m.o(.text)
    _ll_udiv                                 0x080002b9   Thumb Code   240  lludivv7m.o(.text)
    __aeabi_memclr4                          0x080003a9   Thumb Code     0  rt_memclr_w.o(.text)
    __aeabi_memclr8                          0x080003a9   Thumb Code     0  rt_memclr_w.o(.text)
    __rt_memclr_w                            0x080003a9   Thumb Code     0  rt_memclr_w.o(.text)
    _memset_w                                0x080003ad   Thumb Code    74  rt_memclr_w.o(.text)
    __use_two_region_memory                  0x080003f7   Thumb Code     2  heapauxi.o(.text)
    __rt_heap_escrow$2region                 0x080003f9   Thumb Code     2  heapauxi.o(.text)
    __rt_heap_expand$2region                 0x080003fb   Thumb Code     2  heapauxi.o(.text)
    __user_libspace                          0x080003fd   Thumb Code     8  libspace.o(.text)
    __user_perproc_libspace                  0x080003fd   Thumb Code     0  libspace.o(.text)
    __user_perthread_libspace                0x080003fd   Thumb Code     0  libspace.o(.text)
    __user_setup_stackheap                   0x08000405   Thumb Code    74  sys_stackheap_outer.o(.text)
    exit                                     0x0800044f   Thumb Code    18  exit.o(.text)
    _sys_exit                                0x08000461   Thumb Code     8  sys_exit.o(.text)
    __I$use$semihosting                      0x0800046d   Thumb Code     0  use_no_semi.o(.text)
    __use_no_semihosting_swi                 0x0800046d   Thumb Code     2  use_no_semi.o(.text)
    BusFault_Handler                         0x0800046f   Thumb Code     2  stm32f4xx_it.o(.text.BusFault_Handler)
    __semihosting_library_function           0x0800046f   Thumb Code     0  indicate_semi.o(.text)
    CAN1_RX0_IRQHandler                      0x08000471   Thumb Code     8  stm32f4xx_it.o(.text.CAN1_RX0_IRQHandler)
    CAN2_RX1_IRQHandler                      0x0800047d   Thumb Code     8  stm32f4xx_it.o(.text.CAN2_RX1_IRQHandler)
    CAN_cmd_current_3508motor                0x08000485   Thumb Code    60  can_user.o(.text.CAN_cmd_current_3508motor)
    CAN_cmd_speed_3508motor                  0x080004c9   Thumb Code    68  can_user.o(.text.CAN_cmd_speed_3508motor)
    DMA2_Stream2_IRQHandler                  0x08000511   Thumb Code     8  stm32f4xx_it.o(.text.DMA2_Stream2_IRQHandler)
    DebugMon_Handler                         0x0800056f   Thumb Code     2  stm32f4xx_it.o(.text.DebugMon_Handler)
    Error_Handler                            0x08000571   Thumb Code     4  main.o(.text.Error_Handler)
    HAL_CAN_ActivateNotification             0x08000575   Thumb Code    38  stm32f4xx_hal_can.o(.text.HAL_CAN_ActivateNotification)
    HAL_CAN_AddTxMessage                     0x0800059b   Thumb Code   134  stm32f4xx_hal_can.o(.text.HAL_CAN_AddTxMessage)
    HAL_CAN_ConfigFilter                     0x08000621   Thumb Code   196  stm32f4xx_hal_can.o(.text.HAL_CAN_ConfigFilter)
    HAL_CAN_ErrorCallback                    0x080006e9   Thumb Code     2  stm32f4xx_hal_can.o(.text.HAL_CAN_ErrorCallback)
    HAL_CAN_GetRxMessage                     0x080006eb   Thumb Code   206  stm32f4xx_hal_can.o(.text.HAL_CAN_GetRxMessage)
    HAL_CAN_IRQHandler                       0x080007b9   Thumb Code   498  stm32f4xx_hal_can.o(.text.HAL_CAN_IRQHandler)
    HAL_CAN_Init                             0x080009ab   Thumb Code   218  stm32f4xx_hal_can.o(.text.HAL_CAN_Init)
    HAL_CAN_MspInit                          0x08000a85   Thumb Code   224  can.o(.text.HAL_CAN_MspInit)
    HAL_CAN_RxFifo0FullCallback              0x08000b79   Thumb Code     2  stm32f4xx_hal_can.o(.text.HAL_CAN_RxFifo0FullCallback)
    HAL_CAN_RxFifo0MsgPendingCallback        0x08000b7d   Thumb Code   132  can_user.o(.text.HAL_CAN_RxFifo0MsgPendingCallback)
    HAL_CAN_RxFifo1FullCallback              0x08000c15   Thumb Code     2  stm32f4xx_hal_can.o(.text.HAL_CAN_RxFifo1FullCallback)
    HAL_CAN_RxFifo1MsgPendingCallback        0x08000c19   Thumb Code    76  can_user.o(.text.HAL_CAN_RxFifo1MsgPendingCallback)
    HAL_CAN_SleepCallback                    0x08000c71   Thumb Code     2  stm32f4xx_hal_can.o(.text.HAL_CAN_SleepCallback)
    HAL_CAN_Start                            0x08000c73   Thumb Code    76  stm32f4xx_hal_can.o(.text.HAL_CAN_Start)
    HAL_CAN_TxMailbox0AbortCallback          0x08000cbf   Thumb Code     2  stm32f4xx_hal_can.o(.text.HAL_CAN_TxMailbox0AbortCallback)
    HAL_CAN_TxMailbox0CompleteCallback       0x08000cc1   Thumb Code     2  stm32f4xx_hal_can.o(.text.HAL_CAN_TxMailbox0CompleteCallback)
    HAL_CAN_TxMailbox1AbortCallback          0x08000cc3   Thumb Code     2  stm32f4xx_hal_can.o(.text.HAL_CAN_TxMailbox1AbortCallback)
    HAL_CAN_TxMailbox1CompleteCallback       0x08000cc5   Thumb Code     2  stm32f4xx_hal_can.o(.text.HAL_CAN_TxMailbox1CompleteCallback)
    HAL_CAN_TxMailbox2AbortCallback          0x08000cc7   Thumb Code     2  stm32f4xx_hal_can.o(.text.HAL_CAN_TxMailbox2AbortCallback)
    HAL_CAN_TxMailbox2CompleteCallback       0x08000cc9   Thumb Code     2  stm32f4xx_hal_can.o(.text.HAL_CAN_TxMailbox2CompleteCallback)
    HAL_CAN_WakeUpFromRxMsgCallback          0x08000ccb   Thumb Code     2  stm32f4xx_hal_can.o(.text.HAL_CAN_WakeUpFromRxMsgCallback)
    HAL_DMA_Abort                            0x08000ccd   Thumb Code   122  stm32f4xx_hal_dma.o(.text.HAL_DMA_Abort)
    HAL_DMA_Abort_IT                         0x08000d47   Thumb Code    36  stm32f4xx_hal_dma.o(.text.HAL_DMA_Abort_IT)
    HAL_DMA_IRQHandler                       0x08000d6d   Thumb Code   344  stm32f4xx_hal_dma.o(.text.HAL_DMA_IRQHandler)
    HAL_DMA_Init                             0x08000ec9   Thumb Code   252  stm32f4xx_hal_dma.o(.text.HAL_DMA_Init)
    HAL_DMA_Start_IT                         0x08000fc9   Thumb Code    92  stm32f4xx_hal_dma.o(.text.HAL_DMA_Start_IT)
    HAL_Delay                                0x08001025   Thumb Code    32  stm32f4xx_hal.o(.text.HAL_Delay)
    HAL_GPIO_Init                            0x08001045   Thumb Code   384  stm32f4xx_hal_gpio.o(.text.HAL_GPIO_Init)
    HAL_GetTick                              0x080011dd   Thumb Code     8  stm32f4xx_hal.o(.text.HAL_GetTick)
    HAL_IncTick                              0x080011e5   Thumb Code    16  stm32f4xx_hal.o(.text.HAL_IncTick)
    HAL_Init                                 0x080011f9   Thumb Code    48  stm32f4xx_hal.o(.text.HAL_Init)
    HAL_InitTick                             0x0800122d   Thumb Code    56  stm32f4xx_hal.o(.text.HAL_InitTick)
    HAL_MspInit                              0x08001269   Thumb Code    52  stm32f4xx_hal_msp.o(.text.HAL_MspInit)
    HAL_NVIC_EnableIRQ                       0x0800129d   Thumb Code    28  stm32f4xx_hal_cortex.o(.text.HAL_NVIC_EnableIRQ)
    HAL_NVIC_SetPriority                     0x080012bd   Thumb Code    72  stm32f4xx_hal_cortex.o(.text.HAL_NVIC_SetPriority)
    HAL_NVIC_SetPriorityGrouping             0x08001309   Thumb Code    24  stm32f4xx_hal_cortex.o(.text.HAL_NVIC_SetPriorityGrouping)
    HAL_PWREx_EnableOverDrive                0x08001329   Thumb Code    92  stm32f4xx_hal_pwr_ex.o(.text.HAL_PWREx_EnableOverDrive)
    HAL_RCC_ClockConfig                      0x08001391   Thumb Code   268  stm32f4xx_hal_rcc.o(.text.HAL_RCC_ClockConfig)
    HAL_RCC_GetPCLK1Freq                     0x080014a9   Thumb Code    20  stm32f4xx_hal_rcc.o(.text.HAL_RCC_GetPCLK1Freq)
    HAL_RCC_GetPCLK2Freq                     0x080014bd   Thumb Code    20  stm32f4xx_hal_rcc.o(.text.HAL_RCC_GetPCLK2Freq)
    HAL_RCC_GetSysClockFreq                  0x080014dd   Thumb Code    80  stm32f4xx_hal_rcc.o(.text.HAL_RCC_GetSysClockFreq)
    HAL_RCC_OscConfig                        0x08001539   Thumb Code   800  stm32f4xx_hal_rcc.o(.text.HAL_RCC_OscConfig)
    HAL_SYSTICK_Config                       0x08001865   Thumb Code    32  stm32f4xx_hal_cortex.o(.text.HAL_SYSTICK_Config)
    HAL_TIMEx_BreakCallback                  0x0800188d   Thumb Code     2  stm32f4xx_hal_tim_ex.o(.text.HAL_TIMEx_BreakCallback)
    HAL_TIMEx_CommutCallback                 0x0800188f   Thumb Code     2  stm32f4xx_hal_tim_ex.o(.text.HAL_TIMEx_CommutCallback)
    HAL_TIMEx_MasterConfigSynchronization    0x08001891   Thumb Code   112  stm32f4xx_hal_tim_ex.o(.text.HAL_TIMEx_MasterConfigSynchronization)
    HAL_TIM_Base_Init                        0x08001901   Thumb Code    30  stm32f4xx_hal_tim.o(.text.HAL_TIM_Base_Init)
    HAL_TIM_Base_MspInit                     0x08001921   Thumb Code    56  tim.o(.text.HAL_TIM_Base_MspInit)
    HAL_TIM_Base_Start_IT                    0x0800195d   Thumb Code   100  stm32f4xx_hal_tim.o(.text.HAL_TIM_Base_Start_IT)
    HAL_TIM_ConfigClockSource                0x080019d9   Thumb Code   180  stm32f4xx_hal_tim.o(.text.HAL_TIM_ConfigClockSource)
    HAL_TIM_IC_CaptureCallback               0x08001a8d   Thumb Code     2  stm32f4xx_hal_tim.o(.text.HAL_TIM_IC_CaptureCallback)
    HAL_TIM_IRQHandler                       0x08001a8f   Thumb Code   266  stm32f4xx_hal_tim.o(.text.HAL_TIM_IRQHandler)
    HAL_TIM_OC_DelayElapsedCallback          0x08001b99   Thumb Code     2  stm32f4xx_hal_tim.o(.text.HAL_TIM_OC_DelayElapsedCallback)
    HAL_TIM_PWM_PulseFinishedCallback        0x08001b9b   Thumb Code     2  stm32f4xx_hal_tim.o(.text.HAL_TIM_PWM_PulseFinishedCallback)
    HAL_TIM_PeriodElapsedCallback            0x08001b9d   Thumb Code    40  main.o(.text.HAL_TIM_PeriodElapsedCallback)
    HAL_TIM_TriggerCallback                  0x08001bcd   Thumb Code     2  stm32f4xx_hal_tim.o(.text.HAL_TIM_TriggerCallback)
    HAL_UARTEx_ReceiveToIdle_DMA             0x08001bcf   Thumb Code    68  stm32f4xx_hal_uart.o(.text.HAL_UARTEx_ReceiveToIdle_DMA)
    HAL_UARTEx_RxEventCallback               0x08001c15   Thumb Code    88  yaokong.o(.text.HAL_UARTEx_RxEventCallback)
    HAL_UART_ErrorCallback                   0x08001c79   Thumb Code     2  stm32f4xx_hal_uart.o(.text.HAL_UART_ErrorCallback)
    HAL_UART_IRQHandler                      0x08001c7d   Thumb Code   576  stm32f4xx_hal_uart.o(.text.HAL_UART_IRQHandler)
    HAL_UART_Init                            0x08001ec1   Thumb Code    44  stm32f4xx_hal_uart.o(.text.HAL_UART_Init)
    HAL_UART_MspInit                         0x08001eed   Thumb Code   164  usart.o(.text.HAL_UART_MspInit)
    HAL_UART_RxCpltCallback                  0x08001f99   Thumb Code     2  stm32f4xx_hal_uart.o(.text.HAL_UART_RxCpltCallback)
    HAL_UART_RxHalfCpltCallback              0x08001f9b   Thumb Code     2  stm32f4xx_hal_uart.o(.text.HAL_UART_RxHalfCpltCallback)
    HAL_UART_TxCpltCallback                  0x08001f9d   Thumb Code     2  stm32f4xx_hal_uart.o(.text.HAL_UART_TxCpltCallback)
    HardFault_Handler                        0x08001f9f   Thumb Code     2  stm32f4xx_it.o(.text.HardFault_Handler)
    MX_CAN1_Init                             0x08001fa1   Thumb Code    24  can.o(.text.MX_CAN1_Init)
    MX_CAN2_Init                             0x08001fc1   Thumb Code    24  can.o(.text.MX_CAN2_Init)
    MX_DMA_Init                              0x08001fe1   Thumb Code    48  dma.o(.text.MX_DMA_Init)
    MX_GPIO_Init                             0x08002011   Thumb Code    92  gpio.o(.text.MX_GPIO_Init)
    MX_TIM4_Init                             0x08002071   Thumb Code    92  tim.o(.text.MX_TIM4_Init)
    MX_USART1_UART_Init                      0x080020d1   Thumb Code    52  usart.o(.text.MX_USART1_UART_Init)
    MemManage_Handler                        0x08002111   Thumb Code     2  stm32f4xx_it.o(.text.MemManage_Handler)
    NMI_Handler                              0x08002113   Thumb Code     2  stm32f4xx_it.o(.text.NMI_Handler)
    PendSV_Handler                           0x0800234f   Thumb Code     2  stm32f4xx_it.o(.text.PendSV_Handler)
    SVC_Handler                              0x08002351   Thumb Code     2  stm32f4xx_it.o(.text.SVC_Handler)
    SysTick_Handler                          0x08002353   Thumb Code     4  stm32f4xx_it.o(.text.SysTick_Handler)
    SystemClock_Config                       0x08002359   Thumb Code   164  main.o(.text.SystemClock_Config)
    SystemInit                               0x08002405   Thumb Code    12  system_stm32f4xx.o(.text.SystemInit)
    TIM4_IRQHandler                          0x08002415   Thumb Code     8  stm32f4xx_it.o(.text.TIM4_IRQHandler)
    TIM_Base_SetConfig                       0x08002421   Thumb Code   188  stm32f4xx_hal_tim.o(.text.TIM_Base_SetConfig)
    UART_Start_Receive_DMA                   0x0800280d   Thumb Code   120  stm32f4xx_hal_uart.o(.text.UART_Start_Receive_DMA)
    USART1_IRQHandler                        0x08002891   Thumb Code     8  stm32f4xx_it.o(.text.USART1_IRQHandler)
    UsageFault_Handler                       0x08002899   Thumb Code     2  stm32f4xx_it.o(.text.UsageFault_Handler)
    can_filter_init                          0x0800289d   Thumb Code   128  can_user.o(.text.can_filter_init)
    dipan_speed_jiesuan                      0x0800291d   Thumb Code    68  dipan_control.o(.text.dipan_speed_jiesuan)
    main                                     0x0800296d   Thumb Code   120  main.o(.text.main)
    pid_output                               0x080029fd   Thumb Code   138  pid.o(.text.pid_output)
    _fp_init                                 0x08002a87   Thumb Code    26  fpinit.o(x$fpl$fpinit)
    __fplib_config_fpu_vfp                   0x08002a9f   Thumb Code     0  fpinit.o(x$fpl$fpinit)
    __fplib_config_pureend_doubles           0x08002a9f   Thumb Code     0  fpinit.o(x$fpl$fpinit)
    AHBPrescTable                            0x08002aa0   Data          16  system_stm32f4xx.o(.rodata.AHBPrescTable)
    APBPrescTable                            0x08002ab0   Data           8  system_stm32f4xx.o(.rodata.APBPrescTable)
    Region$$Table$$Base                      0x08002ab8   Number         0  anon$$obj.o(Region$$Table)
    Region$$Table$$Limit                     0x08002ad8   Number         0  anon$$obj.o(Region$$Table)
    uwTickFreq                               0x20000000   Data           1  stm32f4xx_hal.o(.data..L_MergedGlobals)
    uwTickPrio                               0x20000004   Data           4  stm32f4xx_hal.o(.data..L_MergedGlobals)
    SystemCoreClock                          0x20000008   Data           4  system_stm32f4xx.o(.data.SystemCoreClock)
    pid_dipan3508                            0x2000000c   Data         144  pid.o(.data.pid_dipan3508)
    power_control                            0x2000009c   Data           1  dipan_control.o(.data.power_control)
    __libspace_start                         0x200000a0   Data          96  libspace.o(.bss)
    __temporary_stack_top$libspace           0x20000100   Data           0  libspace.o(.bss)
    dipan_y_speed                            0x20000160   Data           2  dipan_control.o(.bss..L_MergedGlobals)
    dipan_x_speed                            0x20000162   Data           2  dipan_control.o(.bss..L_MergedGlobals)
    dipan_z_speed                            0x20000164   Data           2  dipan_control.o(.bss..L_MergedGlobals)
    dipan_speedtarget                        0x20000166   Data           8  dipan_control.o(.bss..L_MergedGlobals)
    time                                     0x20000170   Data           1  main.o(.bss..L_MergedGlobals)
    TIM4_Cnt1                                0x20000172   Data           2  main.o(.bss..L_MergedGlobals)
    RC_Ctl                                   0x20000174   Data          12  main.o(.bss..L_MergedGlobals)
    sbus_rx_buffer                           0x20000180   Data          18  main.o(.bss..L_MergedGlobals)
    motor_recieve_dipan3508                  0x20000192   Data          40  main.o(.bss..L_MergedGlobals)
    hcan1                                    0x200001c0   Data          40  can.o(.bss.hcan1)
    hcan2                                    0x200001e8   Data          40  can.o(.bss.hcan2)
    hdma_usart1_rx                           0x20000210   Data          96  usart.o(.bss.hdma_usart1_rx)
    htim4                                    0x20000270   Data          72  tim.o(.bss.htim4)
    huart1                                   0x200002b8   Data          72  usart.o(.bss.huart1)
    motor_recieve_dipan6020                  0x20000300   Data          10  main.o(.bss.motor_recieve_dipan6020)
    motor_reciver_bodan3508                  0x2000030a   Data          10  main.o(.bss.motor_reciver_bodan3508)
    rx_data                                  0x20000314   Data           8  can_user.o(.bss.rx_data)
    uwTick                                   0x2000031c   Data           4  stm32f4xx_hal.o(.bss.uwTick)



==============================================================================

Memory Map of the image

  Image Entry point : 0x080001ad

  Load Region LR_IROM1 (Base: 0x08000000, Size: 0x00002b78, Max: 0x00200000, ABSOLUTE)

    Execution Region ER_IROM1 (Exec base: 0x08000000, Load base: 0x08000000, Size: 0x00002ad8, Max: 0x00200000, ABSOLUTE)

    Exec Addr    Load Addr    Size         Type   Attr      Idx    E Section Name        Object

    0x08000000   0x08000000   0x000001ac   Data   RO            3    RESET               startup_stm32f427xx.o
    0x080001ac   0x080001ac   0x00000008   Code   RO         1486  * !!!main             c_w.l(__main.o)
    0x080001b4   0x080001b4   0x0000005c   Code   RO         1699    !!!scatter          c_w.l(__scatter.o)
    0x08000210   0x08000210   0x0000001a   Code   RO         1703    !!handler_copy      c_w.l(__scatter_copy.o)
    0x0800022a   0x0800022a   0x00000002   PAD
    0x0800022c   0x0800022c   0x00000002   Code   RO         1700    !!handler_null      c_w.l(__scatter.o)
    0x0800022e   0x0800022e   0x00000002   PAD
    0x08000230   0x08000230   0x0000001c   Code   RO         1705    !!handler_zi        c_w.l(__scatter_zi.o)
    0x0800024c   0x0800024c   0x00000002   Code   RO         1564    .ARM.Collect$$libinit$$00000000  c_w.l(libinit.o)
    0x0800024e   0x0800024e   0x00000004   Code   RO         1573    .ARM.Collect$$libinit$$00000001  c_w.l(libinit2.o)
    0x08000252   0x08000252   0x00000000   Code   RO         1576    .ARM.Collect$$libinit$$00000004  c_w.l(libinit2.o)
    0x08000252   0x08000252   0x00000000   Code   RO         1578    .ARM.Collect$$libinit$$00000006  c_w.l(libinit2.o)
    0x08000252   0x08000252   0x00000000   Code   RO         1581    .ARM.Collect$$libinit$$0000000C  c_w.l(libinit2.o)
    0x08000252   0x08000252   0x00000000   Code   RO         1583    .ARM.Collect$$libinit$$0000000E  c_w.l(libinit2.o)
    0x08000252   0x08000252   0x00000000   Code   RO         1585    .ARM.Collect$$libinit$$00000010  c_w.l(libinit2.o)
    0x08000252   0x08000252   0x00000000   Code   RO         1588    .ARM.Collect$$libinit$$00000013  c_w.l(libinit2.o)
    0x08000252   0x08000252   0x00000000   Code   RO         1590    .ARM.Collect$$libinit$$00000015  c_w.l(libinit2.o)
    0x08000252   0x08000252   0x00000000   Code   RO         1592    .ARM.Collect$$libinit$$00000017  c_w.l(libinit2.o)
    0x08000252   0x08000252   0x00000000   Code   RO         1594    .ARM.Collect$$libinit$$00000019  c_w.l(libinit2.o)
    0x08000252   0x08000252   0x00000000   Code   RO         1596    .ARM.Collect$$libinit$$0000001B  c_w.l(libinit2.o)
    0x08000252   0x08000252   0x00000000   Code   RO         1598    .ARM.Collect$$libinit$$0000001D  c_w.l(libinit2.o)
    0x08000252   0x08000252   0x00000000   Code   RO         1600    .ARM.Collect$$libinit$$0000001F  c_w.l(libinit2.o)
    0x08000252   0x08000252   0x00000000   Code   RO         1602    .ARM.Collect$$libinit$$00000021  c_w.l(libinit2.o)
    0x08000252   0x08000252   0x00000000   Code   RO         1604    .ARM.Collect$$libinit$$00000023  c_w.l(libinit2.o)
    0x08000252   0x08000252   0x00000000   Code   RO         1606    .ARM.Collect$$libinit$$00000025  c_w.l(libinit2.o)
    0x08000252   0x08000252   0x00000000   Code   RO         1608    .ARM.Collect$$libinit$$00000027  c_w.l(libinit2.o)
    0x08000252   0x08000252   0x00000000   Code   RO         1612    .ARM.Collect$$libinit$$0000002E  c_w.l(libinit2.o)
    0x08000252   0x08000252   0x00000000   Code   RO         1614    .ARM.Collect$$libinit$$00000030  c_w.l(libinit2.o)
    0x08000252   0x08000252   0x00000000   Code   RO         1616    .ARM.Collect$$libinit$$00000032  c_w.l(libinit2.o)
    0x08000252   0x08000252   0x00000000   Code   RO         1618    .ARM.Collect$$libinit$$00000034  c_w.l(libinit2.o)
    0x08000252   0x08000252   0x00000002   Code   RO         1619    .ARM.Collect$$libinit$$00000035  c_w.l(libinit2.o)
    0x08000254   0x08000254   0x00000002   Code   RO         1654    .ARM.Collect$$libshutdown$$00000000  c_w.l(libshutdown.o)
    0x08000256   0x08000256   0x00000000   Code   RO         1682    .ARM.Collect$$libshutdown$$00000002  c_w.l(libshutdown2.o)
    0x08000256   0x08000256   0x00000000   Code   RO         1684    .ARM.Collect$$libshutdown$$00000004  c_w.l(libshutdown2.o)
    0x08000256   0x08000256   0x00000000   Code   RO         1687    .ARM.Collect$$libshutdown$$00000007  c_w.l(libshutdown2.o)
    0x08000256   0x08000256   0x00000000   Code   RO         1690    .ARM.Collect$$libshutdown$$0000000A  c_w.l(libshutdown2.o)
    0x08000256   0x08000256   0x00000000   Code   RO         1692    .ARM.Collect$$libshutdown$$0000000C  c_w.l(libshutdown2.o)
    0x08000256   0x08000256   0x00000000   Code   RO         1695    .ARM.Collect$$libshutdown$$0000000F  c_w.l(libshutdown2.o)
    0x08000256   0x08000256   0x00000002   Code   RO         1696    .ARM.Collect$$libshutdown$$00000010  c_w.l(libshutdown2.o)
    0x08000258   0x08000258   0x00000000   Code   RO         1508    .ARM.Collect$$rtentry$$00000000  c_w.l(__rtentry.o)
    0x08000258   0x08000258   0x00000000   Code   RO         1527    .ARM.Collect$$rtentry$$00000002  c_w.l(__rtentry2.o)
    0x08000258   0x08000258   0x00000006   Code   RO         1539    .ARM.Collect$$rtentry$$00000004  c_w.l(__rtentry4.o)
    0x0800025e   0x0800025e   0x00000000   Code   RO         1529    .ARM.Collect$$rtentry$$00000009  c_w.l(__rtentry2.o)
    0x0800025e   0x0800025e   0x00000004   Code   RO         1530    .ARM.Collect$$rtentry$$0000000A  c_w.l(__rtentry2.o)
    0x08000262   0x08000262   0x00000000   Code   RO         1532    .ARM.Collect$$rtentry$$0000000C  c_w.l(__rtentry2.o)
    0x08000262   0x08000262   0x00000008   Code   RO         1533    .ARM.Collect$$rtentry$$0000000D  c_w.l(__rtentry2.o)
    0x0800026a   0x0800026a   0x00000002   Code   RO         1565    .ARM.Collect$$rtexit$$00000000  c_w.l(rtexit.o)
    0x0800026c   0x0800026c   0x00000000   Code   RO         1625    .ARM.Collect$$rtexit$$00000002  c_w.l(rtexit2.o)
    0x0800026c   0x0800026c   0x00000004   Code   RO         1626    .ARM.Collect$$rtexit$$00000003  c_w.l(rtexit2.o)
    0x08000270   0x08000270   0x00000006   Code   RO         1627    .ARM.Collect$$rtexit$$00000004  c_w.l(rtexit2.o)
    0x08000276   0x08000276   0x00000002   PAD
    0x08000278   0x08000278   0x00000040   Code   RO            4    .text               startup_stm32f427xx.o
    0x080002b8   0x080002b8   0x000000f0   Code   RO         1480    .text               c_w.l(lludivv7m.o)
    0x080003a8   0x080003a8   0x0000004e   Code   RO         1482    .text               c_w.l(rt_memclr_w.o)
    0x080003f6   0x080003f6   0x00000006   Code   RO         1484    .text               c_w.l(heapauxi.o)
    0x080003fc   0x080003fc   0x00000008   Code   RO         1548    .text               c_w.l(libspace.o)
    0x08000404   0x08000404   0x0000004a   Code   RO         1551    .text               c_w.l(sys_stackheap_outer.o)
    0x0800044e   0x0800044e   0x00000012   Code   RO         1553    .text               c_w.l(exit.o)
    0x08000460   0x08000460   0x0000000c   Code   RO         1620    .text               c_w.l(sys_exit.o)
    0x0800046c   0x0800046c   0x00000002   Code   RO         1643    .text               c_w.l(use_no_semi.o)
    0x0800046e   0x0800046e   0x00000000   Code   RO         1645    .text               c_w.l(indicate_semi.o)
    0x0800046e   0x0800046e   0x00000002   Code   RO          196    .text.BusFault_Handler  stm32f4xx_it.o
    0x08000470   0x08000470   0x0000000c   Code   RO          208    .text.CAN1_RX0_IRQHandler  stm32f4xx_it.o
    0x0800047c   0x0800047c   0x00000008   Code   RO          216    .text.CAN2_RX1_IRQHandler  stm32f4xx_it.o
    0x08000484   0x08000484   0x00000044   Code   RO           17    .text.CAN_cmd_current_3508motor  can_user.o
    0x080004c8   0x080004c8   0x00000048   Code   RO           19    .text.CAN_cmd_speed_3508motor  can_user.o
    0x08000510   0x08000510   0x0000000c   Code   RO          214    .text.DMA2_Stream2_IRQHandler  stm32f4xx_it.o
    0x0800051c   0x0800051c   0x00000030   Code   RO          513    .text.DMA_CalcBaseAndBitshift  stm32f4xx_hal_dma.o
    0x0800054c   0x0800054c   0x00000022   Code   RO          519    .text.DMA_SetConfig  stm32f4xx_hal_dma.o
    0x0800056e   0x0800056e   0x00000002   Code   RO          202    .text.DebugMon_Handler  stm32f4xx_it.o
    0x08000570   0x08000570   0x00000004   Code   RO          103    .text.Error_Handler  main.o
    0x08000574   0x08000574   0x00000026   Code   RO          267    .text.HAL_CAN_ActivateNotification  stm32f4xx_hal_can.o
    0x0800059a   0x0800059a   0x00000086   Code   RO          253    .text.HAL_CAN_AddTxMessage  stm32f4xx_hal_can.o
    0x08000620   0x08000620   0x000000c8   Code   RO          243    .text.HAL_CAN_ConfigFilter  stm32f4xx_hal_can.o
    0x080006e8   0x080006e8   0x00000002   Code   RO          297    .text.HAL_CAN_ErrorCallback  stm32f4xx_hal_can.o
    0x080006ea   0x080006ea   0x000000ce   Code   RO          263    .text.HAL_CAN_GetRxMessage  stm32f4xx_hal_can.o
    0x080007b8   0x080007b8   0x000001f2   Code   RO          271    .text.HAL_CAN_IRQHandler  stm32f4xx_hal_can.o
    0x080009aa   0x080009aa   0x000000da   Code   RO          233    .text.HAL_CAN_Init  stm32f4xx_hal_can.o
    0x08000a84   0x08000a84   0x000000f4   Code   RO          133    .text.HAL_CAN_MspInit  can.o
    0x08000b78   0x08000b78   0x00000002   Code   RO          285    .text.HAL_CAN_RxFifo0FullCallback  stm32f4xx_hal_can.o
    0x08000b7a   0x08000b7a   0x00000002   PAD
    0x08000b7c   0x08000b7c   0x00000098   Code   RO           13    .text.HAL_CAN_RxFifo0MsgPendingCallback  can_user.o
    0x08000c14   0x08000c14   0x00000002   Code   RO          289    .text.HAL_CAN_RxFifo1FullCallback  stm32f4xx_hal_can.o
    0x08000c16   0x08000c16   0x00000002   PAD
    0x08000c18   0x08000c18   0x00000058   Code   RO           15    .text.HAL_CAN_RxFifo1MsgPendingCallback  can_user.o
    0x08000c70   0x08000c70   0x00000002   Code   RO          293    .text.HAL_CAN_SleepCallback  stm32f4xx_hal_can.o
    0x08000c72   0x08000c72   0x0000004c   Code   RO          245    .text.HAL_CAN_Start  stm32f4xx_hal_can.o
    0x08000cbe   0x08000cbe   0x00000002   Code   RO          275    .text.HAL_CAN_TxMailbox0AbortCallback  stm32f4xx_hal_can.o
    0x08000cc0   0x08000cc0   0x00000002   Code   RO          273    .text.HAL_CAN_TxMailbox0CompleteCallback  stm32f4xx_hal_can.o
    0x08000cc2   0x08000cc2   0x00000002   Code   RO          279    .text.HAL_CAN_TxMailbox1AbortCallback  stm32f4xx_hal_can.o
    0x08000cc4   0x08000cc4   0x00000002   Code   RO          277    .text.HAL_CAN_TxMailbox1CompleteCallback  stm32f4xx_hal_can.o
    0x08000cc6   0x08000cc6   0x00000002   Code   RO          283    .text.HAL_CAN_TxMailbox2AbortCallback  stm32f4xx_hal_can.o
    0x08000cc8   0x08000cc8   0x00000002   Code   RO          281    .text.HAL_CAN_TxMailbox2CompleteCallback  stm32f4xx_hal_can.o
    0x08000cca   0x08000cca   0x00000002   Code   RO          295    .text.HAL_CAN_WakeUpFromRxMsgCallback  stm32f4xx_hal_can.o
    0x08000ccc   0x08000ccc   0x0000007a   Code   RO          523    .text.HAL_DMA_Abort  stm32f4xx_hal_dma.o
    0x08000d46   0x08000d46   0x00000024   Code   RO          525    .text.HAL_DMA_Abort_IT  stm32f4xx_hal_dma.o
    0x08000d6a   0x08000d6a   0x00000002   PAD
    0x08000d6c   0x08000d6c   0x0000015c   Code   RO          529    .text.HAL_DMA_IRQHandler  stm32f4xx_hal_dma.o
    0x08000ec8   0x08000ec8   0x00000100   Code   RO          511    .text.HAL_DMA_Init  stm32f4xx_hal_dma.o
    0x08000fc8   0x08000fc8   0x0000005c   Code   RO          521    .text.HAL_DMA_Start_IT  stm32f4xx_hal_dma.o
    0x08001024   0x08001024   0x00000020   Code   RO          701    .text.HAL_Delay     stm32f4xx_hal.o
    0x08001044   0x08001044   0x00000198   Code   RO          473    .text.HAL_GPIO_Init  stm32f4xx_hal_gpio.o
    0x080011dc   0x080011dc   0x00000008   Code   RO          693    .text.HAL_GetTick   stm32f4xx_hal.o
    0x080011e4   0x080011e4   0x00000014   Code   RO          691    .text.HAL_IncTick   stm32f4xx_hal.o
    0x080011f8   0x080011f8   0x00000034   Code   RO          681    .text.HAL_Init      stm32f4xx_hal.o
    0x0800122c   0x0800122c   0x0000003c   Code   RO          683    .text.HAL_InitTick  stm32f4xx_hal.o
    0x08001268   0x08001268   0x00000034   Code   RO          225    .text.HAL_MspInit   stm32f4xx_hal_msp.o
    0x0800129c   0x0800129c   0x00000020   Code   RO          629    .text.HAL_NVIC_EnableIRQ  stm32f4xx_hal_cortex.o
    0x080012bc   0x080012bc   0x0000004c   Code   RO          627    .text.HAL_NVIC_SetPriority  stm32f4xx_hal_cortex.o
    0x08001308   0x08001308   0x00000020   Code   RO          625    .text.HAL_NVIC_SetPriorityGrouping  stm32f4xx_hal_cortex.o
    0x08001328   0x08001328   0x00000068   Code   RO          609    .text.HAL_PWREx_EnableOverDrive  stm32f4xx_hal_pwr_ex.o
    0x08001390   0x08001390   0x00000118   Code   RO          327    .text.HAL_RCC_ClockConfig  stm32f4xx_hal_rcc.o
    0x080014a8   0x080014a8   0x00000014   Code   RO          339    .text.HAL_RCC_GetPCLK1Freq  stm32f4xx_hal_rcc.o
    0x080014bc   0x080014bc   0x00000020   Code   RO          341    .text.HAL_RCC_GetPCLK2Freq  stm32f4xx_hal_rcc.o
    0x080014dc   0x080014dc   0x0000005c   Code   RO          329    .text.HAL_RCC_GetSysClockFreq  stm32f4xx_hal_rcc.o
    0x08001538   0x08001538   0x0000032c   Code   RO          325    .text.HAL_RCC_OscConfig  stm32f4xx_hal_rcc.o
    0x08001864   0x08001864   0x00000028   Code   RO          637    .text.HAL_SYSTICK_Config  stm32f4xx_hal_cortex.o
    0x0800188c   0x0800188c   0x00000002   Code   RO         1216    .text.HAL_TIMEx_BreakCallback  stm32f4xx_hal_tim_ex.o
    0x0800188e   0x0800188e   0x00000002   Code   RO         1212    .text.HAL_TIMEx_CommutCallback  stm32f4xx_hal_tim_ex.o
    0x08001890   0x08001890   0x00000070   Code   RO         1206    .text.HAL_TIMEx_MasterConfigSynchronization  stm32f4xx_hal_tim_ex.o
    0x08001900   0x08001900   0x0000001e   Code   RO          779    .text.HAL_TIM_Base_Init  stm32f4xx_hal_tim.o
    0x0800191e   0x0800191e   0x00000002   PAD
    0x08001920   0x08001920   0x0000003c   Code   RO          161    .text.HAL_TIM_Base_MspInit  tim.o
    0x0800195c   0x0800195c   0x0000007c   Code   RO          793    .text.HAL_TIM_Base_Start_IT  stm32f4xx_hal_tim.o
    0x080019d8   0x080019d8   0x000000b4   Code   RO          967    .text.HAL_TIM_ConfigClockSource  stm32f4xx_hal_tim.o
    0x08001a8c   0x08001a8c   0x00000002   Code   RO          915    .text.HAL_TIM_IC_CaptureCallback  stm32f4xx_hal_tim.o
    0x08001a8e   0x08001a8e   0x0000010a   Code   RO          913    .text.HAL_TIM_IRQHandler  stm32f4xx_hal_tim.o
    0x08001b98   0x08001b98   0x00000002   Code   RO          917    .text.HAL_TIM_OC_DelayElapsedCallback  stm32f4xx_hal_tim.o
    0x08001b9a   0x08001b9a   0x00000002   Code   RO          919    .text.HAL_TIM_PWM_PulseFinishedCallback  stm32f4xx_hal_tim.o
    0x08001b9c   0x08001b9c   0x00000030   Code   RO          105    .text.HAL_TIM_PeriodElapsedCallback  main.o
    0x08001bcc   0x08001bcc   0x00000002   Code   RO          923    .text.HAL_TIM_TriggerCallback  stm32f4xx_hal_tim.o
    0x08001bce   0x08001bce   0x00000044   Code   RO         1346    .text.HAL_UARTEx_ReceiveToIdle_DMA  stm32f4xx_hal_uart.o
    0x08001c12   0x08001c12   0x00000002   PAD
    0x08001c14   0x08001c14   0x00000064   Code   RO           76    .text.HAL_UARTEx_RxEventCallback  yaokong.o
    0x08001c78   0x08001c78   0x00000002   Code   RO         1382    .text.HAL_UART_ErrorCallback  stm32f4xx_hal_uart.o
    0x08001c7a   0x08001c7a   0x00000002   PAD
    0x08001c7c   0x08001c7c   0x00000244   Code   RO         1376    .text.HAL_UART_IRQHandler  stm32f4xx_hal_uart.o
    0x08001ec0   0x08001ec0   0x0000002c   Code   RO         1292    .text.HAL_UART_Init  stm32f4xx_hal_uart.o
    0x08001eec   0x08001eec   0x000000ac   Code   RO          176    .text.HAL_UART_MspInit  usart.o
    0x08001f98   0x08001f98   0x00000002   Code   RO         1390    .text.HAL_UART_RxCpltCallback  stm32f4xx_hal_uart.o
    0x08001f9a   0x08001f9a   0x00000002   Code   RO         1392    .text.HAL_UART_RxHalfCpltCallback  stm32f4xx_hal_uart.o
    0x08001f9c   0x08001f9c   0x00000002   Code   RO         1386    .text.HAL_UART_TxCpltCallback  stm32f4xx_hal_uart.o
    0x08001f9e   0x08001f9e   0x00000002   Code   RO          192    .text.HardFault_Handler  stm32f4xx_it.o
    0x08001fa0   0x08001fa0   0x00000020   Code   RO          129    .text.MX_CAN1_Init  can.o
    0x08001fc0   0x08001fc0   0x00000020   Code   RO          131    .text.MX_CAN2_Init  can.o
    0x08001fe0   0x08001fe0   0x00000030   Code   RO          150    .text.MX_DMA_Init   dma.o
    0x08002010   0x08002010   0x00000060   Code   RO          121    .text.MX_GPIO_Init  gpio.o
    0x08002070   0x08002070   0x00000060   Code   RO          159    .text.MX_TIM4_Init  tim.o
    0x080020d0   0x080020d0   0x00000040   Code   RO          174    .text.MX_USART1_UART_Init  usart.o
    0x08002110   0x08002110   0x00000002   Code   RO          194    .text.MemManage_Handler  stm32f4xx_it.o
    0x08002112   0x08002112   0x00000002   Code   RO          190    .text.NMI_Handler   stm32f4xx_it.o
    0x08002114   0x08002114   0x0000001c   Code   RO          137    .text.OUTLINED_FUNCTION_0  can.o
    0x08002130   0x08002130   0x0000000c   Code   RO          305    .text.OUTLINED_FUNCTION_0  stm32f4xx_hal_can.o
    0x0800213c   0x0800213c   0x0000000c   Code   RO          351    .text.OUTLINED_FUNCTION_0  stm32f4xx_hal_rcc.o
    0x08002148   0x08002148   0x0000000e   Code   RO          539    .text.OUTLINED_FUNCTION_0  stm32f4xx_hal_dma.o
    0x08002156   0x08002156   0x00000008   Code   RO          615    .text.OUTLINED_FUNCTION_0  stm32f4xx_hal_pwr_ex.o
    0x0800215e   0x0800215e   0x00000014   Code   RO         1412    .text.OUTLINED_FUNCTION_0  stm32f4xx_hal_uart.o
    0x08002172   0x08002172   0x0000000c   Code   RO          307    .text.OUTLINED_FUNCTION_1  stm32f4xx_hal_can.o
    0x0800217e   0x0800217e   0x0000000a   Code   RO          541    .text.OUTLINED_FUNCTION_1  stm32f4xx_hal_dma.o
    0x08002188   0x08002188   0x0000002e   Code   RO         1013    .text.OUTLINED_FUNCTION_1  stm32f4xx_hal_tim.o
    0x080021b6   0x080021b6   0x00000014   Code   RO         1414    .text.OUTLINED_FUNCTION_1  stm32f4xx_hal_uart.o
    0x080021ca   0x080021ca   0x00000014   Code   RO         1432    .text.OUTLINED_FUNCTION_10  stm32f4xx_hal_uart.o
    0x080021de   0x080021de   0x0000000a   Code   RO         1033    .text.OUTLINED_FUNCTION_11  stm32f4xx_hal_tim.o
    0x080021e8   0x080021e8   0x00000014   Code   RO         1434    .text.OUTLINED_FUNCTION_11  stm32f4xx_hal_uart.o
    0x080021fc   0x080021fc   0x0000000c   Code   RO         1438    .text.OUTLINED_FUNCTION_13  stm32f4xx_hal_uart.o
    0x08002208   0x08002208   0x0000000a   Code   RO         1039    .text.OUTLINED_FUNCTION_14  stm32f4xx_hal_tim.o
    0x08002212   0x08002212   0x0000000a   Code   RO         1440    .text.OUTLINED_FUNCTION_14  stm32f4xx_hal_uart.o
    0x0800221c   0x0800221c   0x0000000a   Code   RO         1448    .text.OUTLINED_FUNCTION_18  stm32f4xx_hal_uart.o
    0x08002226   0x08002226   0x00000008   Code   RO         1450    .text.OUTLINED_FUNCTION_19  stm32f4xx_hal_uart.o
    0x0800222e   0x0800222e   0x0000000e   Code   RO          309    .text.OUTLINED_FUNCTION_2  stm32f4xx_hal_can.o
    0x0800223c   0x0800223c   0x0000000a   Code   RO          355    .text.OUTLINED_FUNCTION_2  stm32f4xx_hal_rcc.o
    0x08002246   0x08002246   0x00000008   Code   RO          543    .text.OUTLINED_FUNCTION_2  stm32f4xx_hal_dma.o
    0x0800224e   0x0800224e   0x00000014   Code   RO         1416    .text.OUTLINED_FUNCTION_2  stm32f4xx_hal_uart.o
    0x08002262   0x08002262   0x00000006   Code   RO         1452    .text.OUTLINED_FUNCTION_20  stm32f4xx_hal_uart.o
    0x08002268   0x08002268   0x0000001a   Code   RO         1061    .text.OUTLINED_FUNCTION_25  stm32f4xx_hal_tim.o
    0x08002282   0x08002282   0x0000000a   Code   RO         1063    .text.OUTLINED_FUNCTION_26  stm32f4xx_hal_tim.o
    0x0800228c   0x0800228c   0x00000010   Code   RO          311    .text.OUTLINED_FUNCTION_3  stm32f4xx_hal_can.o
    0x0800229c   0x0800229c   0x0000000a   Code   RO          545    .text.OUTLINED_FUNCTION_3  stm32f4xx_hal_dma.o
    0x080022a6   0x080022a6   0x00000014   Code   RO         1073    .text.OUTLINED_FUNCTION_31  stm32f4xx_hal_tim.o
    0x080022ba   0x080022ba   0x0000000c   Code   RO          313    .text.OUTLINED_FUNCTION_4  stm32f4xx_hal_can.o
    0x080022c6   0x080022c6   0x00000016   Code   RO         1420    .text.OUTLINED_FUNCTION_4  stm32f4xx_hal_uart.o
    0x080022dc   0x080022dc   0x0000000c   Code   RO         1091    .text.OUTLINED_FUNCTION_40  stm32f4xx_hal_tim.o
    0x080022e8   0x080022e8   0x0000000a   Code   RO         1097    .text.OUTLINED_FUNCTION_43  stm32f4xx_hal_tim.o
    0x080022f2   0x080022f2   0x00000006   Code   RO         1107    .text.OUTLINED_FUNCTION_48  stm32f4xx_hal_tim.o
    0x080022f8   0x080022f8   0x00000008   Code   RO         1422    .text.OUTLINED_FUNCTION_5  stm32f4xx_hal_uart.o
    0x08002300   0x08002300   0x0000000e   Code   RO         1119    .text.OUTLINED_FUNCTION_54  stm32f4xx_hal_tim.o
    0x0800230e   0x0800230e   0x0000000a   Code   RO         1121    .text.OUTLINED_FUNCTION_55  stm32f4xx_hal_tim.o
    0x08002318   0x08002318   0x0000001c   Code   RO         1424    .text.OUTLINED_FUNCTION_6  stm32f4xx_hal_uart.o
    0x08002334   0x08002334   0x0000000e   Code   RO         1025    .text.OUTLINED_FUNCTION_7  stm32f4xx_hal_tim.o
    0x08002342   0x08002342   0x0000000c   Code   RO         1426    .text.OUTLINED_FUNCTION_7  stm32f4xx_hal_uart.o
    0x0800234e   0x0800234e   0x00000002   Code   RO          204    .text.PendSV_Handler  stm32f4xx_it.o
    0x08002350   0x08002350   0x00000002   Code   RO          200    .text.SVC_Handler   stm32f4xx_it.o
    0x08002352   0x08002352   0x00000004   Code   RO          206    .text.SysTick_Handler  stm32f4xx_it.o
    0x08002356   0x08002356   0x00000002   PAD
    0x08002358   0x08002358   0x000000ac   Code   RO          101    .text.SystemClock_Config  main.o
    0x08002404   0x08002404   0x00000010   Code   RO         1464    .text.SystemInit    system_stm32f4xx.o
    0x08002414   0x08002414   0x0000000c   Code   RO          210    .text.TIM4_IRQHandler  stm32f4xx_it.o
    0x08002420   0x08002420   0x000000e8   Code   RO          783    .text.TIM_Base_SetConfig  stm32f4xx_hal_tim.o
    0x08002508   0x08002508   0x00000022   Code   RO          969    .text.TIM_TI1_ConfigInputStage  stm32f4xx_hal_tim.o
    0x0800252a   0x0800252a   0x00000024   Code   RO          971    .text.TIM_TI2_ConfigInputStage  stm32f4xx_hal_tim.o
    0x0800254e   0x0800254e   0x0000000c   Code   RO         1380    .text.UART_DMAAbortOnError  stm32f4xx_hal_uart.o
    0x0800255a   0x0800255a   0x0000004c   Code   RO         1326    .text.UART_DMAError  stm32f4xx_hal_uart.o
    0x080025a6   0x080025a6   0x00000072   Code   RO         1408    .text.UART_DMAReceiveCplt  stm32f4xx_hal_uart.o
    0x08002618   0x08002618   0x00000018   Code   RO         1410    .text.UART_DMARxHalfCplt  stm32f4xx_hal_uart.o
    0x08002630   0x08002630   0x00000042   Code   RO         1340    .text.UART_EndRxTransfer  stm32f4xx_hal_uart.o
    0x08002672   0x08002672   0x0000001c   Code   RO         1338    .text.UART_EndTxTransfer  stm32f4xx_hal_uart.o
    0x0800268e   0x0800268e   0x000000ba   Code   RO         1378    .text.UART_Receive_IT  stm32f4xx_hal_uart.o
    0x08002748   0x08002748   0x000000c4   Code   RO         1296    .text.UART_SetConfig  stm32f4xx_hal_uart.o
    0x0800280c   0x0800280c   0x00000084   Code   RO         1330    .text.UART_Start_Receive_DMA  stm32f4xx_hal_uart.o
    0x08002890   0x08002890   0x00000008   Code   RO          212    .text.USART1_IRQHandler  stm32f4xx_it.o
    0x08002898   0x08002898   0x00000002   Code   RO          198    .text.UsageFault_Handler  stm32f4xx_it.o
    0x0800289a   0x0800289a   0x00000002   PAD
    0x0800289c   0x0800289c   0x00000080   Code   RO           11    .text.can_filter_init  can_user.o
    0x0800291c   0x0800291c   0x00000050   Code   RO           41    .text.dipan_speed_jiesuan  dipan_control.o
    0x0800296c   0x0800296c   0x00000090   Code   RO           99    .text.main          main.o
    0x080029fc   0x080029fc   0x0000008a   Code   RO           52    .text.pid_output    pid.o
    0x08002a86   0x08002a86   0x0000001a   Code   RO         1637    x$fpl$fpinit        fz_wm.l(fpinit.o)
    0x08002aa0   0x08002aa0   0x00000010   Data   RO         1469    .rodata.AHBPrescTable  system_stm32f4xx.o
    0x08002ab0   0x08002ab0   0x00000008   Data   RO         1470    .rodata.APBPrescTable  system_stm32f4xx.o
    0x08002ab8   0x08002ab8   0x00000020   Data   RO         1698    Region$$Table       anon$$obj.o


    Execution Region RW_IRAM2 (Exec base: 0x10000000, Load base: 0x08002b78, Size: 0x00000000, Max: 0x00010000, ABSOLUTE)

    **** No section assigned to this execution region ****


    Execution Region RW_IRAM1 (Exec base: 0x20000000, Load base: 0x08002ad8, Size: 0x00000920, Max: 0x00030000, ABSOLUTE)

    Exec Addr    Load Addr    Size         Type   Attr      Idx    E Section Name        Object

    0x20000000   0x08002ad8   0x00000008   Data   RW          744    .data..L_MergedGlobals  stm32f4xx_hal.o
    0x20000008   0x08002ae0   0x00000004   Data   RW         1468    .data.SystemCoreClock  system_stm32f4xx.o
    0x2000000c   0x08002ae4   0x00000090   Data   RW           54    .data.pid_dipan3508  pid.o
    0x2000009c   0x08002b74   0x00000001   Data   RW           43    .data.power_control  dipan_control.o
    0x2000009d   0x08002b75   0x00000003   PAD
    0x200000a0        -       0x00000060   Zero   RW         1549    .bss                c_w.l(libspace.o)
    0x20000100        -       0x00000060   Zero   RW           32    .bss..L_MergedGlobals  can_user.o
    0x20000160        -       0x0000000e   Zero   RW           44    .bss..L_MergedGlobals  dipan_control.o
    0x2000016e   0x08002b75   0x00000002   PAD
    0x20000170        -       0x0000004a   Zero   RW          112    .bss..L_MergedGlobals  main.o
    0x200001ba   0x08002b75   0x00000002   PAD
    0x200001bc        -       0x00000004   Zero   RW          141    .bss.HAL_RCC_CAN1_CLK_ENABLED  can.o
    0x200001c0        -       0x00000028   Zero   RW          139    .bss.hcan1          can.o
    0x200001e8        -       0x00000028   Zero   RW          140    .bss.hcan2          can.o
    0x20000210        -       0x00000060   Zero   RW          181    .bss.hdma_usart1_rx  usart.o
    0x20000270        -       0x00000048   Zero   RW          165    .bss.htim4          tim.o
    0x200002b8        -       0x00000048   Zero   RW          180    .bss.huart1         usart.o
    0x20000300        -       0x0000000a   Zero   RW          109    .bss.motor_recieve_dipan6020  main.o
    0x2000030a        -       0x0000000a   Zero   RW          110    .bss.motor_reciver_bodan3508  main.o
    0x20000314        -       0x00000008   Zero   RW           31    .bss.rx_data        can_user.o
    0x2000031c        -       0x00000004   Zero   RW          743    .bss.uwTick         stm32f4xx_hal.o
    0x20000320        -       0x00000200   Zero   RW            2    HEAP                startup_stm32f427xx.o
    0x20000520        -       0x00000400   Zero   RW            1    STACK               startup_stm32f427xx.o


==============================================================================

Image component sizes


      Code (inc. data)   RO Data    RW Data    ZI Data      Debug   Object Name

       336         36          0          0         84       7168   can.o
       508         44          0          0        104       7162   can_user.o
        80         12          0          1         14       1333   dipan_control.o
        48          0          0          0          0       3668   dma.o
        96          4          0          0          0       1573   gpio.o
       368         40          0          0         94       7370   main.o
       138          0          0        144          0       1437   pid.o
        64         26        428          0       1536        856   startup_stm32f427xx.o
       172         12          0          8          4       7865   stm32f4xx_hal.o
      1458         10          0          0          0      13532   stm32f4xx_hal_can.o
       180         24          0          0          0      10801   stm32f4xx_hal_cortex.o
       978         20          0          0          0       9231   stm32f4xx_hal_dma.o
       408         24          0          0          0       5305   stm32f4xx_hal_gpio.o
        52          0          0          0          0       1548   stm32f4xx_hal_msp.o
       112         12          0          0          0       4566   stm32f4xx_hal_pwr_ex.o
      1258         48          0          0          0       7684   stm32f4xx_hal_rcc.o
      1098         68          0          0          0      47368   stm32f4xx_hal_tim.o
       116          0          0          0          0      20260   stm32f4xx_hal_tim_ex.o
      1750         24          0          0          0      25669   stm32f4xx_hal_uart.o
        72         12          0          0          0       7749   stm32f4xx_it.o
        16          4         24          4          0       2726   system_stm32f4xx.o
       156          8          0          0         72       7553   tim.o
       236         20          0          0        168       7260   usart.o
       100         12          0          0          0       3485   yaokong.o

    ----------------------------------------------------------------------
      9816        460        484        160       2080     213169   Object Totals
         0          0         32          0          0          0   (incl. Generated)
        16          0          0          3          4          0   (incl. Padding)

    ----------------------------------------------------------------------

      Code (inc. data)   RO Data    RW Data    ZI Data      Debug   Library Member Name

         8          0          0          0          0         68   __main.o
         0          0          0          0          0          0   __rtentry.o
        12          0          0          0          0          0   __rtentry2.o
         6          0          0          0          0          0   __rtentry4.o
        94          8          0          0          0          0   __scatter.o
        26          0          0          0          0          0   __scatter_copy.o
        28          0          0          0          0          0   __scatter_zi.o
        18          0          0          0          0         80   exit.o
         6          0          0          0          0        152   heapauxi.o
         0          0          0          0          0          0   indicate_semi.o
         2          0          0          0          0          0   libinit.o
         6          0          0          0          0          0   libinit2.o
         2          0          0          0          0          0   libshutdown.o
         2          0          0          0          0          0   libshutdown2.o
         8          4          0          0         96         68   libspace.o
       240          0          0          0          0        100   lludivv7m.o
        78          0          0          0          0         80   rt_memclr_w.o
         2          0          0          0          0          0   rtexit.o
        10          0          0          0          0          0   rtexit2.o
        12          4          0          0          0         68   sys_exit.o
        74          0          0          0          0         80   sys_stackheap_outer.o
         2          0          0          0          0         68   use_no_semi.o
        26          0          0          0          0        116   fpinit.o

    ----------------------------------------------------------------------
       668         16          0          0         96        880   Library Totals
         6          0          0          0          0          0   (incl. Padding)

    ----------------------------------------------------------------------

      Code (inc. data)   RO Data    RW Data    ZI Data      Debug   Library Name

       636         16          0          0         96        764   c_w.l
        26          0          0          0          0        116   fz_wm.l

    ----------------------------------------------------------------------
       668         16          0          0         96        880   Library Totals

    ----------------------------------------------------------------------

==============================================================================


      Code (inc. data)   RO Data    RW Data    ZI Data      Debug   

     10484        476        484        160       2176     213417   Grand Totals
     10484        476        484        160       2176     213417   ELF Image Totals
     10484        476        484        160          0          0   ROM Totals

==============================================================================

    Total RO  Size (Code + RO Data)                10968 (  10.71kB)
    Total RW  Size (RW Data + ZI Data)              2336 (   2.28kB)
    Total ROM Size (Code + RO Data + RW Data)      11128 (  10.87kB)

==============================================================================

