Component: Arm Compiler for Embedded 6.22 Tool: armlink [5ee90200]

==============================================================================

Section Cross References

    startup_stm32f427xx.o(STACK) refers (Special) to heapauxi.o(.text) for __use_two_region_memory
    startup_stm32f427xx.o(HEAP) refers (Special) to heapauxi.o(.text) for __use_two_region_memory
    startup_stm32f427xx.o(RESET) refers (Special) to heapauxi.o(.text) for __use_two_region_memory
    startup_stm32f427xx.o(RESET) refers to startup_stm32f427xx.o(STACK) for __initial_sp
    startup_stm32f427xx.o(RESET) refers to startup_stm32f427xx.o(.text) for Reset_Handler
    startup_stm32f427xx.o(RESET) refers to stm32f4xx_it.o(.text.NMI_Handler) for NMI_Handler
    startup_stm32f427xx.o(RESET) refers to stm32f4xx_it.o(.text.HardFault_Handler) for HardFault_Handler
    startup_stm32f427xx.o(RESET) refers to stm32f4xx_it.o(.text.MemManage_Handler) for MemManage_Handler
    startup_stm32f427xx.o(RESET) refers to stm32f4xx_it.o(.text.BusFault_Handler) for BusFault_Handler
    startup_stm32f427xx.o(RESET) refers to stm32f4xx_it.o(.text.UsageFault_Handler) for UsageFault_Handler
    startup_stm32f427xx.o(RESET) refers to stm32f4xx_it.o(.text.SVC_Handler) for SVC_Handler
    startup_stm32f427xx.o(RESET) refers to stm32f4xx_it.o(.text.DebugMon_Handler) for DebugMon_Handler
    startup_stm32f427xx.o(RESET) refers to stm32f4xx_it.o(.text.PendSV_Handler) for PendSV_Handler
    startup_stm32f427xx.o(RESET) refers to stm32f4xx_it.o(.text.SysTick_Handler) for SysTick_Handler
    startup_stm32f427xx.o(RESET) refers to stm32f4xx_it.o(.text.CAN1_RX0_IRQHandler) for CAN1_RX0_IRQHandler
    startup_stm32f427xx.o(RESET) refers to stm32f4xx_it.o(.text.TIM4_IRQHandler) for TIM4_IRQHandler
    startup_stm32f427xx.o(RESET) refers to stm32f4xx_it.o(.text.USART1_IRQHandler) for USART1_IRQHandler
    startup_stm32f427xx.o(RESET) refers to stm32f4xx_it.o(.text.DMA2_Stream2_IRQHandler) for DMA2_Stream2_IRQHandler
    startup_stm32f427xx.o(RESET) refers to stm32f4xx_it.o(.text.CAN2_RX1_IRQHandler) for CAN2_RX1_IRQHandler
    startup_stm32f427xx.o(.text) refers (Special) to heapauxi.o(.text) for __use_two_region_memory
    startup_stm32f427xx.o(.text) refers to system_stm32f4xx.o(.text.SystemInit) for SystemInit
    startup_stm32f427xx.o(.text) refers to __main.o(!!!main) for __main
    startup_stm32f427xx.o(.text) refers to startup_stm32f427xx.o(HEAP) for Heap_Mem
    startup_stm32f427xx.o(.text) refers to startup_stm32f427xx.o(STACK) for Stack_Mem
    can_user.o(.text.can_filter_init) refers to stm32f4xx_hal_can.o(.text.HAL_CAN_Start) for HAL_CAN_Start
    can_user.o(.text.can_filter_init) refers to stm32f4xx_hal_can.o(.text.HAL_CAN_ConfigFilter) for HAL_CAN_ConfigFilter
    can_user.o(.text.can_filter_init) refers to stm32f4xx_hal_can.o(.text.HAL_CAN_ActivateNotification) for HAL_CAN_ActivateNotification
    can_user.o(.text.can_filter_init) refers to can.o(.bss.hcan1) for hcan1
    can_user.o(.text.can_filter_init) refers to can.o(.bss.hcan2) for hcan2
    can_user.o(.ARM.exidx.text.can_filter_init) refers to can_user.o(.text.can_filter_init) for [Anonymous Symbol]
    can_user.o(.text.HAL_CAN_RxFifo0MsgPendingCallback) refers to stm32f4xx_hal_can.o(.text.HAL_CAN_GetRxMessage) for HAL_CAN_GetRxMessage
    can_user.o(.text.HAL_CAN_RxFifo0MsgPendingCallback) refers to can.o(.bss.hcan1) for hcan1
    can_user.o(.text.HAL_CAN_RxFifo0MsgPendingCallback) refers to can_user.o(.bss.rx_data) for rx_data
    can_user.o(.text.HAL_CAN_RxFifo0MsgPendingCallback) refers to main.o(.bss.motor_reciver_bodan3508) for motor_reciver_bodan3508
    can_user.o(.text.HAL_CAN_RxFifo0MsgPendingCallback) refers to main.o(.bss.motor_recieve_dipan6020) for motor_recieve_dipan6020
    can_user.o(.text.HAL_CAN_RxFifo0MsgPendingCallback) refers to main.o(.bss.RC_Ctl) for RC_Ctl
    can_user.o(.ARM.exidx.text.HAL_CAN_RxFifo0MsgPendingCallback) refers to can_user.o(.text.HAL_CAN_RxFifo0MsgPendingCallback) for [Anonymous Symbol]
    can_user.o(.text.HAL_CAN_RxFifo1MsgPendingCallback) refers to stm32f4xx_hal_can.o(.text.HAL_CAN_GetRxMessage) for HAL_CAN_GetRxMessage
    can_user.o(.text.HAL_CAN_RxFifo1MsgPendingCallback) refers to can.o(.bss.hcan2) for hcan2
    can_user.o(.text.HAL_CAN_RxFifo1MsgPendingCallback) refers to main.o(.bss.motor_recieve_dipan3508) for motor_recieve_dipan3508
    can_user.o(.ARM.exidx.text.HAL_CAN_RxFifo1MsgPendingCallback) refers to can_user.o(.text.HAL_CAN_RxFifo1MsgPendingCallback) for [Anonymous Symbol]
    can_user.o(.text.CAN_cmd_current_3508motor) refers to stm32f4xx_hal_can.o(.text.HAL_CAN_AddTxMessage) for HAL_CAN_AddTxMessage
    can_user.o(.text.CAN_cmd_current_3508motor) refers to can_user.o(.bss..L_MergedGlobals) for [Anonymous Symbol]
    can_user.o(.text.CAN_cmd_current_3508motor) refers to can.o(.bss.hcan2) for hcan2
    can_user.o(.ARM.exidx.text.CAN_cmd_current_3508motor) refers to can_user.o(.text.CAN_cmd_current_3508motor) for [Anonymous Symbol]
[...]
    [Anonymous Symbol]                       0x080010d8   Section        0  stm32f4xx_hal.o(.text.HAL_IncTick)
    __arm_cp.5_1                             0x080010e8   Number         4  stm32f4xx_hal.o(.text.HAL_IncTick)
    [Anonymous Symbol]                       0x080010ec   Section        0  stm32f4xx_hal.o(.text.HAL_Init)
    __arm_cp.0_0                             0x0800111c   Number         4  stm32f4xx_hal.o(.text.HAL_Init)
    [Anonymous Symbol]                       0x08001120   Section        0  stm32f4xx_hal.o(.text.HAL_InitTick)
    __arm_cp.1_0                             0x08001158   Number         4  stm32f4xx_hal.o(.text.HAL_InitTick)
    [Anonymous Symbol]                       0x0800115c   Section        0  stm32f4xx_hal_msp.o(.text.HAL_MspInit)
    [Anonymous Symbol]                       0x08001190   Section        0  stm32f4xx_hal_cortex.o(.text.HAL_NVIC_EnableIRQ)
    __arm_cp.2_0                             0x080011ac   Number         4  stm32f4xx_hal_cortex.o(.text.HAL_NVIC_EnableIRQ)
    [Anonymous Symbol]                       0x080011b0   Section        0  stm32f4xx_hal_cortex.o(.text.HAL_NVIC_SetPriority)
    __arm_cp.1_1                             0x080011f8   Number         4  stm32f4xx_hal_cortex.o(.text.HAL_NVIC_SetPriority)
    [Anonymous Symbol]                       0x080011fc   Section        0  stm32f4xx_hal_cortex.o(.text.HAL_NVIC_SetPriorityGrouping)
    __arm_cp.0_0                             0x08001214   Number         4  stm32f4xx_hal_cortex.o(.text.HAL_NVIC_SetPriorityGrouping)
    __arm_cp.0_1                             0x08001218   Number         4  stm32f4xx_hal_cortex.o(.text.HAL_NVIC_SetPriorityGrouping)
    [Anonymous Symbol]                       0x0800121c   Section        0  stm32f4xx_hal_pwr_ex.o(.text.HAL_PWREx_EnableOverDrive)
    __arm_cp.6_0                             0x08001278   Number         4  stm32f4xx_hal_pwr_ex.o(.text.HAL_PWREx_EnableOverDrive)
    __arm_cp.6_1                             0x0800127c   Number         4  stm32f4xx_hal_pwr_ex.o(.text.HAL_PWREx_EnableOverDrive)
    __arm_cp.6_2                             0x08001280   Number         4  stm32f4xx_hal_pwr_ex.o(.text.HAL_PWREx_EnableOverDrive)
    [Anonymous Symbol]                       0x08001284   Section        0  stm32f4xx_hal_rcc.o(.text.HAL_RCC_ClockConfig)
    __arm_cp.2_0                             0x08001390   Number         4  stm32f4xx_hal_rcc.o(.text.HAL_RCC_ClockConfig)
    __arm_cp.2_1                             0x08001394   Number         4  stm32f4xx_hal_rcc.o(.text.HAL_RCC_ClockConfig)
    __arm_cp.2_3                             0x08001398   Number         4  stm32f4xx_hal_rcc.o(.text.HAL_RCC_ClockConfig)
    [Anonymous Symbol]                       0x0800139c   Section        0  stm32f4xx_hal_rcc.o(.text.HAL_RCC_GetPCLK1Freq)
    [Anonymous Symbol]                       0x080013b0   Section        0  stm32f4xx_hal_rcc.o(.text.HAL_RCC_GetPCLK2Freq)
    __arm_cp.9_0                             0x080013c4   Number         4  stm32f4xx_hal_rcc.o(.text.HAL_RCC_GetPCLK2Freq)
    __arm_cp.9_1                             0x080013c8   Number         4  stm32f4xx_hal_rcc.o(.text.HAL_RCC_GetPCLK2Freq)
    __arm_cp.9_2                             0x080013cc   Number         4  stm32f4xx_hal_rcc.o(.text.HAL_RCC_GetPCLK2Freq)
    [Anonymous Symbol]                       0x080013d0   Section        0  stm32f4xx_hal_rcc.o(.text.HAL_RCC_GetSysClockFreq)
    __arm_cp.3_0                             0x08001420   Number         4  stm32f4xx_hal_rcc.o(.text.HAL_RCC_GetSysClockFreq)
    __arm_cp.3_1                             0x08001424   Number         4  stm32f4xx_hal_rcc.o(.text.HAL_RCC_GetSysClockFreq)
    __arm_cp.3_2                             0x08001428   Number         4  stm32f4xx_hal_rcc.o(.text.HAL_RCC_GetSysClockFreq)
    [Anonymous Symbol]                       0x0800142c   Section        0  stm32f4xx_hal_rcc.o(.text.HAL_RCC_OscConfig)
    __arm_cp.1_0                             0x0800174c   Number         4  stm32f4xx_hal_rcc.o(.text.HAL_RCC_OscConfig)
    __arm_cp.1_1                             0x08001750   Number         4  stm32f4xx_hal_rcc.o(.text.HAL_RCC_OscConfig)
    __arm_cp.1_2                             0x08001754   Number         4  stm32f4xx_hal_rcc.o(.text.HAL_RCC_OscConfig)
    [Anonymous Symbol]                       0x08001758   Section        0  stm32f4xx_hal_cortex.o(.text.HAL_SYSTICK_Config)
    __arm_cp.6_0                             0x08001778   Number         4  stm32f4xx_hal_cortex.o(.text.HAL_SYSTICK_Config)
    __arm_cp.6_1                             0x0800177c   Number         4  stm32f4xx_hal_cortex.o(.text.HAL_SYSTICK_Config)
    [Anonymous Symbol]                       0x08001780   Section        0  stm32f4xx_hal_tim_ex.o(.text.HAL_TIMEx_BreakCallback)
    [Anonymous Symbol]                       0x08001782   Section        0  stm32f4xx_hal_tim_ex.o(.text.HAL_TIMEx_CommutCallback)
    [Anonymous Symbol]                       0x08001784   Section        0  stm32f4xx_hal_tim_ex.o(.text.HAL_TIMEx_MasterConfigSynchronization)
    [Anonymous Symbol]                       0x080017f4   Section        0  stm32f4xx_hal_tim.o(.text.HAL_TIM_Base_Init)
    [Anonymous Symbol]                       0x08001814   Section        0  tim.o(.text.HAL_TIM_Base_MspInit)
    __arm_cp.1_1                             0x0800184c   Number         4  tim.o(.text.HAL_TIM_Base_MspInit)
    [Anonymous Symbol]                       0x08001850   Section        0  stm32f4xx_hal_tim.o(.text.HAL_TIM_Base_Start_IT)
    __arm_cp.7_0                             0x080018b4   Number         4  stm32f4xx_hal_tim.o(.text.HAL_TIM_Base_Start_IT)
    __arm_cp.7_2                             0x080018b8   Number         4  stm32f4xx_hal_tim.o(.text.HAL_TIM_Base_Start_IT)
    __arm_cp.7_3                             0x080018bc   Number         4  stm32f4xx_hal_tim.o(.text.HAL_TIM_Base_Start_IT)
    __arm_cp.7_4                             0x080018c0   Number         4  stm32f4xx_hal_tim.o(.text.HAL_TIM_Base_Start_IT)
    __arm_cp.7_5                             0x080018c4   Number         4  stm32f4xx_hal_tim.o(.text.HAL_TIM_Base_Start_IT)
    __arm_cp.7_6                             0x080018c8   Number         4  stm32f4xx_hal_tim.o(.text.HAL_TIM_Base_Start_IT)
    [Anonymous Symbol]                       0x080018cc   Section        0  stm32f4xx_hal_tim.o(.text.HAL_TIM_ConfigClockSource)
    [Anonymous Symbol]                       0x08001980   Section        0  stm32f4xx_hal_tim.o(.text.HAL_TIM_IC_CaptureCallback)
    [Anonymous Symbol]                       0x08001982   Section        0  stm32f4xx_hal_tim.o(.text.HAL_TIM_IRQHandler)
    [Anonymous Symbol]                       0x08001a8c   Section        0  stm32f4xx_hal_tim.o(.text.HAL_TIM_OC_DelayElapsedCallback)
    [Anonymous Symbol]                       0x08001a8e   Section        0  stm32f4xx_hal_tim.o(.text.HAL_TIM_PWM_PulseFinishedCallback)
    [Anonymous Symbol]                       0x08001a90   Section        0  main.o(.text.HAL_TIM_PeriodElapsedCallback)
    __arm_cp.3_0                             0x08001ab8   Number         4  main.o(.text.HAL_TIM_PeriodElapsedCallback)
    __arm_cp.3_1                             0x08001abc   Number         4  main.o(.text.HAL_TIM_PeriodElapsedCallback)
    [Anonymous Symbol]                       0x08001ac0   Section        0  stm32f4xx_hal_tim.o(.text.HAL_TIM_TriggerCallback)
    [Anonymous Symbol]                       0x08001ac2   Section        0  stm32f4xx_hal_uart.o(.text.HAL_UARTEx_ReceiveToIdle_DMA)
    [Anonymous Symbol]                       0x08001b08   Section        0  yaokong.o(.text.HAL_UARTEx_RxEventCallback)
    __arm_cp.0_0                             0x08001b60   Number         4  yaokong.o(.text.HAL_UARTEx_RxEventCallback)
    __arm_cp.0_1                             0x08001b64   Number         4  yaokong.o(.text.HAL_UARTEx_RxEventCallback)
    __arm_cp.0_2                             0x08001b68   Number         4  yaokong.o(.text.HAL_UARTEx_RxEventCallback)
    [Anonymous Symbol]                       0x08001b6c   Section        0  stm32f4xx_hal_uart.o(.text.HAL_UART_ErrorCallback)
    [Anonymous Symbol]                       0x08001b70   Section        0  stm32f4xx_hal_uart.o(.text.HAL_UART_IRQHandler)
    __arm_cp.42_0                            0x08001db0   Number         4  stm32f4xx_hal_uart.o(.text.HAL_UART_IRQHandler)
    [Anonymous Symbol]                       0x08001db4   Section        0  stm32f4xx_hal_uart.o(.text.HAL_UART_Init)
    [Anonymous Symbol]                       0x08001de0   Section        0  usart.o(.text.HAL_UART_MspInit)
    __arm_cp.1_2                             0x08001e84   Number         4  usart.o(.text.HAL_UART_MspInit)
    __arm_cp.1_3                             0x08001e88   Number         4  usart.o(.text.HAL_UART_MspInit)
    [Anonymous Symbol]                       0x08001e8c   Section        0  stm32f4xx_hal_uart.o(.text.HAL_UART_RxCpltCallback)
    [Anonymous Symbol]                       0x08001e8e   Section        0  stm32f4xx_hal_uart.o(.text.HAL_UART_RxHalfCpltCallback)
    [Anonymous Symbol]                       0x08001e90   Section        0  stm32f4xx_hal_uart.o(.text.HAL_UART_TxCpltCallback)
    [Anonymous Symbol]                       0x08001e92   Section        0  stm32f4xx_it.o(.text.HardFault_Handler)
    [Anonymous Symbol]                       0x08001e94   Section        0  can.o(.text.MX_CAN1_Init)
    __arm_cp.0_0                             0x08001eac   Number         4  can.o(.text.MX_CAN1_Init)
    __arm_cp.0_1                             0x08001eb0   Number         4  can.o(.text.MX_CAN1_Init)
    [Anonymous Symbol]                       0x08001eb4   Section        0  can.o(.text.MX_CAN2_Init)
    __arm_cp.1_0                             0x08001ecc   Number         4  can.o(.text.MX_CAN2_Init)
    __arm_cp.1_1                             0x08001ed0   Number         4  can.o(.text.MX_CAN2_Init)
    [Anonymous Symbol]                       0x08001ed4   Section        0  dma.o(.text.MX_DMA_Init)
    [Anonymous Symbol]                       0x08001f04   Section        0  gpio.o(.text.MX_GPIO_Init)
    __arm_cp.0_0                             0x08001f60   Number         4  gpio.o(.text.MX_GPIO_Init)
    [Anonymous Symbol]                       0x08001f64   Section        0  tim.o(.text.MX_TIM4_Init)
    __arm_cp.0_1                             0x08001fc0   Number         4  tim.o(.text.MX_TIM4_Init)
    [Anonymous Symbol]                       0x08001fc4   Section        0  usart.o(.text.MX_USART1_UART_Init)
    __arm_cp.0_0                             0x08001ff8   Number         4  usart.o(.text.MX_USART1_UART_Init)
    __arm_cp.0_1                             0x08001ffc   Number         4  usart.o(.text.MX_USART1_UART_Init)
    __arm_cp.0_2                             0x08002000   Number         4  usart.o(.text.MX_USART1_UART_Init)
    [Anonymous Symbol]                       0x08002004   Section        0  stm32f4xx_it.o(.text.MemManage_Handler)
    [Anonymous Symbol]                       0x08002006   Section        0  stm32f4xx_it.o(.text.NMI_Handler)
    OUTLINED_FUNCTION_0                      0x08002009   Thumb Code    28  can.o(.text.OUTLINED_FUNCTION_0)
    [Anonymous Symbol]                       0x08002008   Section        0  can.o(.text.OUTLINED_FUNCTION_0)
    OUTLINED_FUNCTION_0                      0x08002025   Thumb Code    12  stm32f4xx_hal_can.o(.text.OUTLINED_FUNCTION_0)
    [Anonymous Symbol]                       0x08002024   Section        0  stm32f4xx_hal_can.o(.text.OUTLINED_FUNCTION_0)
    OUTLINED_FUNCTION_0                      0x08002031   Thumb Code    12  stm32f4xx_hal_rcc.o(.text.OUTLINED_FUNCTION_0)
    [Anonymous Symbol]                       0x08002030   Section        0  stm32f4xx_hal_rcc.o(.text.OUTLINED_FUNCTION_0)
    OUTLINED_FUNCTION_0                      0x0800203d   Thumb Code    14  stm32f4xx_hal_dma.o(.text.OUTLINED_FUNCTION_0)
    [Anonymous Symbol]                       0x0800203c   Section        0  stm32f4xx_hal_dma.o(.text.OUTLINED_FUNCTION_0)
    OUTLINED_FUNCTION_0                      0x0800204b   Thumb Code     8  stm32f4xx_hal_pwr_ex.o(.text.OUTLINED_FUNCTION_0)
    [Anonymous Symbol]                       0x0800204a   Section        0  stm32f4xx_hal_pwr_ex.o(.text.OUTLINED_FUNCTION_0)
    OUTLINED_FUNCTION_0                      0x08002053   Thumb Code    20  stm32f4xx_hal_uart.o(.text.OUTLINED_FUNCTION_0)
    [Anonymous Symbol]                       0x08002052   Section        0  stm32f4xx_hal_uart.o(.text.OUTLINED_FUNCTION_0)
    OUTLINED_FUNCTION_1                      0x08002067   Thumb Code    12  stm32f4xx_hal_can.o(.text.OUTLINED_FUNCTION_1)
    [Anonymous Symbol]                       0x08002066   Section        0  stm32f4xx_hal_can.o(.text.OUTLINED_FUNCTION_1)
    OUTLINED_FUNCTION_1                      0x08002073   Thumb Code    10  stm32f4xx_hal_dma.o(.text.OUTLINED_FUNCTION_1)
    [Anonymous Symbol]                       0x08002072   Section        0  stm32f4xx_hal_dma.o(.text.OUTLINED_FUNCTION_1)
    OUTLINED_FUNCTION_1                      0x0800207d   Thumb Code    46  stm32f4xx_hal_tim.o(.text.OUTLINED_FUNCTION_1)
    [Anonymous Symbol]                       0x0800207c   Section        0  stm32f4xx_hal_tim.o(.text.OUTLINED_FUNCTION_1)
    OUTLINED_FUNCTION_1                      0x080020ab   Thumb Code    20  stm32f4xx_hal_uart.o(.text.OUTLINED_FUNCTION_1)
    [Anonymous Symbol]                       0x080020aa   Section        0  stm32f4xx_hal_uart.o(.text.OUTLINED_FUNCTION_1)
    OUTLINED_FUNCTION_10                     0x080020bf   Thumb Code    20  stm32f4xx_hal_uart.o(.text.OUTLINED_FUNCTION_10)
    [Anonymous Symbol]                       0x080020be   Section        0  stm32f4xx_hal_uart.o(.text.OUTLINED_FUNCTION_10)
    OUTLINED_FUNCTION_11                     0x080020d3   Thumb Code    10  stm32f4xx_hal_tim.o(.text.OUTLINED_FUNCTION_11)
    [Anonymous Symbol]                       0x080020d2   Section        0  stm32f4xx_hal_tim.o(.text.OUTLINED_FUNCTION_11)
    OUTLINED_FUNCTION_11                     0x080020dd   Thumb Code    20  stm32f4xx_hal_uart.o(.text.OUTLINED_FUNCTION_11)
    [Anonymous Symbol]                       0x080020dc   Section        0  stm32f4xx_hal_uart.o(.text.OUTLINED_FUNCTION_11)
    OUTLINED_FUNCTION_13                     0x080020f1   Thumb Code    12  stm32f4xx_hal_uart.o(.text.OUTLINED_FUNCTION_13)
    [Anonymous Symbol]                       0x080020f0   Section        0  stm32f4xx_hal_uart.o(.text.OUTLINED_FUNCTION_13)
    OUTLINED_FUNCTION_14                     0x080020fd   Thumb Code    10  stm32f4xx_hal_tim.o(.text.OUTLINED_FUNCTION_14)
    [Anonymous Symbol]                       0x080020fc   Section        0  stm32f4xx_hal_tim.o(.text.OUTLINED_FUNCTION_14)
    OUTLINED_FUNCTION_14                     0x08002107   Thumb Code    10  stm32f4xx_hal_uart.o(.text.OUTLINED_FUNCTION_14)
    [Anonymous Symbol]                       0x08002106   Section        0  stm32f4xx_hal_uart.o(.text.OUTLINED_FUNCTION_14)
    OUTLINED_FUNCTION_18                     0x08002111   Thumb Code    10  stm32f4xx_hal_uart.o(.text.OUTLINED_FUNCTION_18)
    [Anonymous Symbol]                       0x08002110   Section        0  stm32f4xx_hal_uart.o(.text.OUTLINED_FUNCTION_18)
    OUTLINED_FUNCTION_19                     0x0800211b   Thumb Code     8  stm32f4xx_hal_uart.o(.text.OUTLINED_FUNCTION_19)
    [Anonymous Symbol]                       0x0800211a   Section        0  stm32f4xx_hal_uart.o(.text.OUTLINED_FUNCTION_19)
    OUTLINED_FUNCTION_2                      0x08002123   Thumb Code    14  stm32f4xx_hal_can.o(.text.OUTLINED_FUNCTION_2)
    [Anonymous Symbol]                       0x08002122   Section        0  stm32f4xx_hal_can.o(.text.OUTLINED_FUNCTION_2)
    OUTLINED_FUNCTION_2                      0x08002131   Thumb Code    10  stm32f4xx_hal_rcc.o(.text.OUTLINED_FUNCTION_2)
    [Anonymous Symbol]                       0x08002130   Section        0  stm32f4xx_hal_rcc.o(.text.OUTLINED_FUNCTION_2)
    OUTLINED_FUNCTION_2                      0x0800213b   Thumb Code     8  stm32f4xx_hal_dma.o(.text.OUTLINED_FUNCTION_2)
    [Anonymous Symbol]                       0x0800213a   Section        0  stm32f4xx_hal_dma.o(.text.OUTLINED_FUNCTION_2)
    OUTLINED_FUNCTION_2                      0x08002143   Thumb Code    20  stm32f4xx_hal_uart.o(.text.OUTLINED_FUNCTION_2)
    [Anonymous Symbol]                       0x08002142   Section        0  stm32f4xx_hal_uart.o(.text.OUTLINED_FUNCTION_2)
    OUTLINED_FUNCTION_20                     0x08002157   Thumb Code     6  stm32f4xx_hal_uart.o(.text.OUTLINED_FUNCTION_20)
    [Anonymous Symbol]                       0x08002156   Section        0  stm32f4xx_hal_uart.o(.text.OUTLINED_FUNCTION_20)
    OUTLINED_FUNCTION_25                     0x0800215d   Thumb Code    26  stm32f4xx_hal_tim.o(.text.OUTLINED_FUNCTION_25)
    [Anonymous Symbol]                       0x0800215c   Section        0  stm32f4xx_hal_tim.o(.text.OUTLINED_FUNCTION_25)
    OUTLINED_FUNCTION_26                     0x08002177   Thumb Code    10  stm32f4xx_hal_tim.o(.text.OUTLINED_FUNCTION_26)
    [Anonymous Symbol]                       0x08002176   Section        0  stm32f4xx_hal_tim.o(.text.OUTLINED_FUNCTION_26)
    OUTLINED_FUNCTION_3                      0x08002181   Thumb Code    16  stm32f4xx_hal_can.o(.text.OUTLINED_FUNCTION_3)
    [Anonymous Symbol]                       0x08002180   Section        0  stm32f4xx_hal_can.o(.text.OUTLINED_FUNCTION_3)
    OUTLINED_FUNCTION_3                      0x08002191   Thumb Code    10  stm32f4xx_hal_dma.o(.text.OUTLINED_FUNCTION_3)
    [Anonymous Symbol]                       0x08002190   Section        0  stm32f4xx_hal_dma.o(.text.OUTLINED_FUNCTION_3)
    OUTLINED_FUNCTION_31                     0x0800219b   Thumb Code    20  stm32f4xx_hal_tim.o(.text.OUTLINED_FUNCTION_31)
    [Anonymous Symbol]                       0x0800219a   Section        0  stm32f4xx_hal_tim.o(.text.OUTLINED_FUNCTION_31)
    OUTLINED_FUNCTION_4                      0x080021af   Thumb Code    12  stm32f4xx_hal_can.o(.text.OUTLINED_FUNCTION_4)
    [Anonymous Symbol]                       0x080021ae   Section        0  stm32f4xx_hal_can.o(.text.OUTLINED_FUNCTION_4)
    OUTLINED_FUNCTION_4                      0x080021bb   Thumb Code    22  stm32f4xx_hal_uart.o(.text.OUTLINED_FUNCTION_4)
    [Anonymous Symbol]                       0x080021ba   Section        0  stm32f4xx_hal_uart.o(.text.OUTLINED_FUNCTION_4)
    OUTLINED_FUNCTION_40                     0x080021d1   Thumb Code    12  stm32f4xx_hal_tim.o(.text.OUTLINED_FUNCTION_40)
    [Anonymous Symbol]                       0x080021d0   Section        0  stm32f4xx_hal_tim.o(.text.OUTLINED_FUNCTION_40)
    OUTLINED_FUNCTION_43                     0x080021dd   Thumb Code    10  stm32f4xx_hal_tim.o(.text.OUTLINED_FUNCTION_43)
    [Anonymous Symbol]                       0x080021dc   Section        0  stm32f4xx_hal_tim.o(.text.OUTLINED_FUNCTION_43)
    OUTLINED_FUNCTION_48                     0x080021e7   Thumb Code     6  stm32f4xx_hal_tim.o(.text.OUTLINED_FUNCTION_48)
    [Anonymous Symbol]                       0x080021e6   Section        0  stm32f4xx_hal_tim.o(.text.OUTLINED_FUNCTION_48)
    OUTLINED_FUNCTION_5                      0x080021ed   Thumb Code     8  stm32f4xx_hal_uart.o(.text.OUTLINED_FUNCTION_5)
    [Anonymous Symbol]                       0x080021ec   Section        0  stm32f4xx_hal_uart.o(.text.OUTLINED_FUNCTION_5)
    OUTLINED_FUNCTION_54                     0x080021f5   Thumb Code    14  stm32f4xx_hal_tim.o(.text.OUTLINED_FUNCTION_54)
    [Anonymous Symbol]                       0x080021f4   Section        0  stm32f4xx_hal_tim.o(.text.OUTLINED_FUNCTION_54)
    OUTLINED_FUNCTION_55                     0x08002203   Thumb Code    10  stm32f4xx_hal_tim.o(.text.OUTLINED_FUNCTION_55)
    [Anonymous Symbol]                       0x08002202   Section        0  stm32f4xx_hal_tim.o(.text.OUTLINED_FUNCTION_55)
    OUTLINED_FUNCTION_6                      0x0800220d   Thumb Code    28  stm32f4xx_hal_uart.o(.text.OUTLINED_FUNCTION_6)
    [Anonymous Symbol]                       0x0800220c   Section        0  stm32f4xx_hal_uart.o(.text.OUTLINED_FUNCTION_6)
    OUTLINED_FUNCTION_7                      0x08002229   Thumb Code    14  stm32f4xx_hal_tim.o(.text.OUTLINED_FUNCTION_7)
    [Anonymous Symbol]                       0x08002228   Section        0  stm32f4xx_hal_tim.o(.text.OUTLINED_FUNCTION_7)
    OUTLINED_FUNCTION_7                      0x08002237   Thumb Code    12  stm32f4xx_hal_uart.o(.text.OUTLINED_FUNCTION_7)
    [Anonymous Symbol]                       0x08002236   Section        0  stm32f4xx_hal_uart.o(.text.OUTLINED_FUNCTION_7)
    [Anonymous Symbol]                       0x08002242   Section        0  stm32f4xx_it.o(.text.PendSV_Handler)
    [Anonymous Symbol]                       0x08002244   Section        0  stm32f4xx_it.o(.text.SVC_Handler)
    [Anonymous Symbol]                       0x08002246   Section        0  stm32f4xx_it.o(.text.SysTick_Handler)
    [Anonymous Symbol]                       0x0800224c   Section        0  main.o(.text.SystemClock_Config)
    __arm_cp.1_0                             0x080022f0   Number         4  main.o(.text.SystemClock_Config)
    __arm_cp.1_1                             0x080022f4   Number         4  main.o(.text.SystemClock_Config)
    [Anonymous Symbol]                       0x080022f8   Section        0  system_stm32f4xx.o(.text.SystemInit)
    __arm_cp.0_0                             0x08002304   Number         4  system_stm32f4xx.o(.text.SystemInit)
    [Anonymous Symbol]                       0x08002308   Section        0  stm32f4xx_it.o(.text.TIM4_IRQHandler)
    __arm_cp.10_0                            0x08002310   Number         4  stm32f4xx_it.o(.text.TIM4_IRQHandler)
    [Anonymous Symbol]                       0x08002314   Section        0  stm32f4xx_hal_tim.o(.text.TIM_Base_SetConfig)
    __arm_cp.2_0                             0x080023d0   Number         4  stm32f4xx_hal_tim.o(.text.TIM_Base_SetConfig)
    __arm_cp.2_1                             0x080023d4   Number         4  stm32f4xx_hal_tim.o(.text.TIM_Base_SetConfig)
    __arm_cp.2_2                             0x080023d8   Number         4  stm32f4xx_hal_tim.o(.text.TIM_Base_SetConfig)
    __arm_cp.2_3                             0x080023dc   Number         4  stm32f4xx_hal_tim.o(.text.TIM_Base_SetConfig)
    __arm_cp.2_4                             0x080023e0   Number         4  stm32f4xx_hal_tim.o(.text.TIM_Base_SetConfig)
    __arm_cp.2_5                             0x080023e4   Number         4  stm32f4xx_hal_tim.o(.text.TIM_Base_SetConfig)
    __arm_cp.2_6                             0x080023e8   Number         4  stm32f4xx_hal_tim.o(.text.TIM_Base_SetConfig)
    __arm_cp.2_7                             0x080023ec   Number         4  stm32f4xx_hal_tim.o(.text.TIM_Base_SetConfig)
    __arm_cp.2_8                             0x080023f0   Number         4  stm32f4xx_hal_tim.o(.text.TIM_Base_SetConfig)
    __arm_cp.2_9                             0x080023f4   Number         4  stm32f4xx_hal_tim.o(.text.TIM_Base_SetConfig)
    __arm_cp.2_10                            0x080023f8   Number         4  stm32f4xx_hal_tim.o(.text.TIM_Base_SetConfig)
    TIM_TI1_ConfigInputStage                 0x080023fd   Thumb Code    34  stm32f4xx_hal_tim.o(.text.TIM_TI1_ConfigInputStage)
    [Anonymous Symbol]                       0x080023fc   Section        0  stm32f4xx_hal_tim.o(.text.TIM_TI1_ConfigInputStage)
    TIM_TI2_ConfigInputStage                 0x0800241f   Thumb Code    36  stm32f4xx_hal_tim.o(.text.TIM_TI2_ConfigInputStage)
    [Anonymous Symbol]                       0x0800241e   Section        0  stm32f4xx_hal_tim.o(.text.TIM_TI2_ConfigInputStage)
    UART_DMAAbortOnError                     0x08002443   Thumb Code    12  stm32f4xx_hal_uart.o(.text.UART_DMAAbortOnError)
    [Anonymous Symbol]                       0x08002442   Section        0  stm32f4xx_hal_uart.o(.text.UART_DMAAbortOnError)
    UART_DMAError                            0x0800244f   Thumb Code    76  stm32f4xx_hal_uart.o(.text.UART_DMAError)
    [Anonymous Symbol]                       0x0800244e   Section        0  stm32f4xx_hal_uart.o(.text.UART_DMAError)
    UART_DMAReceiveCplt                      0x0800249b   Thumb Code   114  stm32f4xx_hal_uart.o(.text.UART_DMAReceiveCplt)
    [Anonymous Symbol]                       0x0800249a   Section        0  stm32f4xx_hal_uart.o(.text.UART_DMAReceiveCplt)
    UART_DMARxHalfCplt                       0x0800250d   Thumb Code    24  stm32f4xx_hal_uart.o(.text.UART_DMARxHalfCplt)
    [Anonymous Symbol]                       0x0800250c   Section        0  stm32f4xx_hal_uart.o(.text.UART_DMARxHalfCplt)
    UART_EndRxTransfer                       0x08002525   Thumb Code    66  stm32f4xx_hal_uart.o(.text.UART_EndRxTransfer)
    [Anonymous Symbol]                       0x08002524   Section        0  stm32f4xx_hal_uart.o(.text.UART_EndRxTransfer)
    UART_EndTxTransfer                       0x08002567   Thumb Code    28  stm32f4xx_hal_uart.o(.text.UART_EndTxTransfer)
    [Anonymous Symbol]                       0x08002566   Section        0  stm32f4xx_hal_uart.o(.text.UART_EndTxTransfer)
    UART_Receive_IT                          0x08002583   Thumb Code   186  stm32f4xx_hal_uart.o(.text.UART_Receive_IT)
    [Anonymous Symbol]                       0x08002582   Section        0  stm32f4xx_hal_uart.o(.text.UART_Receive_IT)
    UART_SetConfig                           0x0800263d   Thumb Code   188  stm32f4xx_hal_uart.o(.text.UART_SetConfig)
    [Anonymous Symbol]                       0x0800263c   Section        0  stm32f4xx_hal_uart.o(.text.UART_SetConfig)
    __arm_cp.2_0                             0x080026f8   Number         4  stm32f4xx_hal_uart.o(.text.UART_SetConfig)
    __arm_cp.2_1                             0x080026fc   Number         4  stm32f4xx_hal_uart.o(.text.UART_SetConfig)
    [Anonymous Symbol]                       0x08002700   Section        0  stm32f4xx_hal_uart.o(.text.UART_Start_Receive_DMA)
    __arm_cp.19_0                            0x08002778   Number         4  stm32f4xx_hal_uart.o(.text.UART_Start_Receive_DMA)
    __arm_cp.19_1                            0x0800277c   Number         4  stm32f4xx_hal_uart.o(.text.UART_Start_Receive_DMA)
    __arm_cp.19_2                            0x08002780   Number         4  stm32f4xx_hal_uart.o(.text.UART_Start_Receive_DMA)
    [Anonymous Symbol]                       0x08002784   Section        0  stm32f4xx_it.o(.text.USART1_IRQHandler)
    [Anonymous Symbol]                       0x0800278c   Section        0  stm32f4xx_it.o(.text.UsageFault_Handler)
    [Anonymous Symbol]                       0x08002790   Section        0  can_user.o(.text.can_filter_init)
    [Anonymous Symbol]                       0x08002810   Section        0  main.o(.text.main)
    __arm_cp.0_0                             0x08002870   Number         4  main.o(.text.main)
    __arm_cp.0_1                             0x08002874   Number         4  main.o(.text.main)
    __arm_cp.0_2                             0x08002878   Number         4  main.o(.text.main)
    __arm_cp.0_3                             0x0800287c   Number         4  main.o(.text.main)
    __arm_cp.0_4                             0x08002880   Number         4  main.o(.text.main)
    $v0                                      0x08002884   Number         0  fpinit.o(x$fpl$fpinit)
    x$fpl$fpinit                             0x08002884   Section       26  fpinit.o(x$fpl$fpinit)
    [Anonymous Symbol]                       0x20000000   Section        0  stm32f4xx_hal.o(.data..L_MergedGlobals)
    .bss                                     0x20000010   Section       96  libspace.o(.bss)
    [Anonymous Symbol]                       0x20000070   Section        0  main.o(.bss..L_MergedGlobals)
    HAL_RCC_CAN1_CLK_ENABLED                 0x20000074   Data           4  can.o(.bss.HAL_RCC_CAN1_CLK_ENABLED)
    [Anonymous Symbol]                       0x20000074   Section        0  can.o(.bss.HAL_RCC_CAN1_CLK_ENABLED)
    Heap_Mem                                 0x20000220   Data         512  startup_stm32f427xx.o(HEAP)
    HEAP                                     0x20000220   Section      512  startup_stm32f427xx.o(HEAP)
    Stack_Mem                                0x20000420   Data        1024  startup_stm32f427xx.o(STACK)
    STACK                                    0x20000420   Section     1024  startup_stm32f427xx.o(STACK)
    __initial_sp                             0x20000820   Data           0  startup_stm32f427xx.o(STACK)

    Global Symbols

    Symbol Name                              Value     Ov Type        Size  Object(Section)

    BuildAttributes$$THM_ISAv4$E$P$D$K$B$S$7EM$VFPi3$EXTD16$VFPS$VFMA$PE$A:L22UL41UL21$X:L11$S22US41US21$IEEE1$IW$~IW$USESV6$~STKCKD$USESV7$~SHL$OTIME$ROPI$IEEEJ$EBA8$UX$STANDARDLIB$REQ8$PRES8$EABIv2 0x00000000   Number         0  anon$$obj.o ABSOLUTE
    __ARM_exceptions_init                     - Undefined Weak Reference
    __alloca_initialize                       - Undefined Weak Reference
    __arm_preinit_                            - Undefined Weak Reference
    __arm_relocate_pie_                       - Undefined Weak Reference
    __cpp_initialize__aeabi_                  - Undefined Weak Reference
    __cxa_finalize                            - Undefined Weak Reference
    __rt_locale                               - Undefined Weak Reference
    __sigvec_lookup                           - Undefined Weak Reference
    _atexit_init                              - Undefined Weak Reference
    _call_atexit_fns                          - Undefined Weak Reference
    _clock_init                               - Undefined Weak Reference
    _fp_trap_init                             - Undefined Weak Reference
    _fp_trap_shutdown                         - Undefined Weak Reference
    _get_lc_collate                           - Undefined Weak Reference
    _get_lc_ctype                             - Undefined Weak Reference
    _get_lc_monetary                          - Undefined Weak Reference
    _get_lc_numeric                           - Undefined Weak Reference
    _get_lc_time                              - Undefined Weak Reference
    _getenv_init                              - Undefined Weak Reference
    _handle_redirection                       - Undefined Weak Reference
    _init_alloc                               - Undefined Weak Reference
    _init_user_alloc                          - Undefined Weak Reference
    _initio                                   - Undefined Weak Reference
    _rand_init                                - Undefined Weak Reference
    _signal_finish                            - Undefined Weak Reference
    _signal_init                              - Undefined Weak Reference
    _terminate_alloc                          - Undefined Weak Reference
    _terminate_user_alloc                     - Undefined Weak Reference
    _terminateio                              - Undefined Weak Reference
    __Vectors_Size                           0x000001ac   Number         0  startup_stm32f427xx.o ABSOLUTE
    __Vectors                                0x08000000   Data           4  startup_stm32f427xx.o(RESET)
    __Vectors_End                            0x080001ac   Data           0  startup_stm32f427xx.o(RESET)
    __main                                   0x080001ad   Thumb Code     8  __main.o(!!!main)
    __scatterload                            0x080001b5   Thumb Code     0  __scatter.o(!!!scatter)
    __scatterload_rt2                        0x080001b5   Thumb Code    84  __scatter.o(!!!scatter)
    __scatterload_rt2_thumb_only             0x080001b5   Thumb Code     0  __scatter.o(!!!scatter)
    __scatterload_loop                       0x080001bf   Thumb Code     0  __scatter.o(!!!scatter)
    __scatterload_copy                       0x08000211   Thumb Code    26  __scatter_copy.o(!!handler_copy)
    __scatterload_null                       0x0800022d   Thumb Code     2  __scatter.o(!!handler_null)
    __scatterload_zeroinit                   0x08000231   Thumb Code    28  __scatter_zi.o(!!handler_zi)
    __rt_lib_init                            0x0800024d   Thumb Code     0  libinit.o(.ARM.Collect$$libinit$$00000000)
    __rt_lib_init_fp_1                       0x0800024f   Thumb Code     0  libinit2.o(.ARM.Collect$$libinit$$00000001)
    __rt_lib_init_alloca_1                   0x08000253   Thumb Code     0  libinit2.o(.ARM.Collect$$libinit$$00000030)
    __rt_lib_init_argv_1                     0x08000253   Thumb Code     0  libinit2.o(.ARM.Collect$$libinit$$0000002E)
    __rt_lib_init_atexit_1                   0x08000253   Thumb Code     0  libinit2.o(.ARM.Collect$$libinit$$0000001D)
    __rt_lib_init_clock_1                    0x08000253   Thumb Code     0  libinit2.o(.ARM.Collect$$libinit$$00000023)
    __rt_lib_init_cpp_1                      0x08000253   Thumb Code     0  libinit2.o(.ARM.Collect$$libinit$$00000034)
    __rt_lib_init_exceptions_1               0x08000253   Thumb Code     0  libinit2.o(.ARM.Collect$$libinit$$00000032)
    __rt_lib_init_fp_trap_1                  0x08000253   Thumb Code     0  libinit2.o(.ARM.Collect$$libinit$$00000021)
    __rt_lib_init_getenv_1                   0x08000253   Thumb Code     0  libinit2.o(.ARM.Collect$$libinit$$00000025)
    __rt_lib_init_heap_1                     0x08000253   Thumb Code     0  libinit2.o(.ARM.Collect$$libinit$$0000000C)
    __rt_lib_init_lc_collate_1               0x08000253   Thumb Code     0  libinit2.o(.ARM.Collect$$libinit$$00000013)
    __rt_lib_init_lc_ctype_1                 0x08000253   Thumb Code     0  libinit2.o(.ARM.Collect$$libinit$$00000015)
    __rt_lib_init_lc_monetary_1              0x08000253   Thumb Code     0  libinit2.o(.ARM.Collect$$libinit$$00000017)
    __rt_lib_init_lc_numeric_1               0x08000253   Thumb Code     0  libinit2.o(.ARM.Collect$$libinit$$00000019)
    __rt_lib_init_lc_time_1                  0x08000253   Thumb Code     0  libinit2.o(.ARM.Collect$$libinit$$0000001B)
    __rt_lib_init_preinit_1                  0x08000253   Thumb Code     0  libinit2.o(.ARM.Collect$$libinit$$00000006)
    __rt_lib_init_rand_1                     0x08000253   Thumb Code     0  libinit2.o(.ARM.Collect$$libinit$$00000010)
    __rt_lib_init_relocate_pie_1             0x08000253   Thumb Code     0  libinit2.o(.ARM.Collect$$libinit$$00000004)
    __rt_lib_init_return                     0x08000253   Thumb Code     0  libinit2.o(.ARM.Collect$$libinit$$00000035)
    __rt_lib_init_signal_1                   0x08000253   Thumb Code     0  libinit2.o(.ARM.Collect$$libinit$$0000001F)
    __rt_lib_init_stdio_1                    0x08000253   Thumb Code     0  libinit2.o(.ARM.Collect$$libinit$$00000027)
    __rt_lib_init_user_alloc_1               0x08000253   Thumb Code     0  libinit2.o(.ARM.Collect$$libinit$$0000000E)
    __rt_lib_shutdown                        0x08000255   Thumb Code     0  libshutdown.o(.ARM.Collect$$libshutdown$$00000000)
    __rt_lib_shutdown_cpp_1                  0x08000257   Thumb Code     0  libshutdown2.o(.ARM.Collect$$libshutdown$$00000002)
    __rt_lib_shutdown_fp_trap_1              0x08000257   Thumb Code     0  libshutdown2.o(.ARM.Collect$$libshutdown$$00000007)
    __rt_lib_shutdown_heap_1                 0x08000257   Thumb Code     0  libshutdown2.o(.ARM.Collect$$libshutdown$$0000000F)
    __rt_lib_shutdown_return                 0x08000257   Thumb Code     0  libshutdown2.o(.ARM.Collect$$libshutdown$$00000010)
    __rt_lib_shutdown_signal_1               0x08000257   Thumb Code     0  libshutdown2.o(.ARM.Collect$$libshutdown$$0000000A)
    __rt_lib_shutdown_stdio_1                0x08000257   Thumb Code     0  libshutdown2.o(.ARM.Collect$$libshutdown$$00000004)
    __rt_lib_shutdown_user_alloc_1           0x08000257   Thumb Code     0  libshutdown2.o(.ARM.Collect$$libshutdown$$0000000C)
    __rt_entry                               0x08000259   Thumb Code     0  __rtentry.o(.ARM.Collect$$rtentry$$00000000)
    __rt_entry_presh_1                       0x08000259   Thumb Code     0  __rtentry2.o(.ARM.Collect$$rtentry$$00000002)
    __rt_entry_sh                            0x08000259   Thumb Code     0  __rtentry4.o(.ARM.Collect$$rtentry$$00000004)
    __rt_entry_li                            0x0800025f   Thumb Code     0  __rtentry2.o(.ARM.Collect$$rtentry$$0000000A)
    __rt_entry_postsh_1                      0x0800025f   Thumb Code     0  __rtentry2.o(.ARM.Collect$$rtentry$$00000009)
    __rt_entry_main                          0x08000263   Thumb Code     0  __rtentry2.o(.ARM.Collect$$rtentry$$0000000D)
    __rt_entry_postli_1                      0x08000263   Thumb Code     0  __rtentry2.o(.ARM.Collect$$rtentry$$0000000C)
    __rt_exit                                0x0800026b   Thumb Code     0  rtexit.o(.ARM.Collect$$rtexit$$00000000)
    __rt_exit_ls                             0x0800026d   Thumb Code     0  rtexit2.o(.ARM.Collect$$rtexit$$00000003)
    __rt_exit_prels_1                        0x0800026d   Thumb Code     0  rtexit2.o(.ARM.Collect$$rtexit$$00000002)
    __rt_exit_exit                           0x08000271   Thumb Code     0  rtexit2.o(.ARM.Collect$$rtexit$$00000004)
    Reset_Handler                            0x08000279   Thumb Code     8  startup_stm32f427xx.o(.text)
    ADC_IRQHandler                           0x08000293   Thumb Code     0  startup_stm32f427xx.o(.text)
    CAN1_RX1_IRQHandler                      0x08000293   Thumb Code     0  startup_stm32f427xx.o(.text)
    CAN1_SCE_IRQHandler                      0x08000293   Thumb Code     0  startup_stm32f427xx.o(.text)
    CAN1_TX_IRQHandler                       0x08000293   Thumb Code     0  startup_stm32f427xx.o(.text)
    CAN2_RX0_IRQHandler                      0x08000293   Thumb Code     0  startup_stm32f427xx.o(.text)
    CAN2_SCE_IRQHandler                      0x08000293   Thumb Code     0  startup_stm32f427xx.o(.text)
    CAN2_TX_IRQHandler                       0x08000293   Thumb Code     0  startup_stm32f427xx.o(.text)
    DCMI_IRQHandler                          0x08000293   Thumb Code     0  startup_stm32f427xx.o(.text)
    DMA1_Stream0_IRQHandler                  0x08000293   Thumb Code     0  startup_stm32f427xx.o(.text)
    DMA1_Stream1_IRQHandler                  0x08000293   Thumb Code     0  startup_stm32f427xx.o(.text)
    DMA1_Stream2_IRQHandler                  0x08000293   Thumb Code     0  startup_stm32f427xx.o(.text)
    DMA1_Stream3_IRQHandler                  0x08000293   Thumb Code     0  startup_stm32f427xx.o(.text)
    DMA1_Stream4_IRQHandler                  0x08000293   Thumb Code     0  startup_stm32f427xx.o(.text)
    DMA1_Stream5_IRQHandler                  0x08000293   Thumb Code     0  startup_stm32f427xx.o(.text)
    DMA1_Stream6_IRQHandler                  0x08000293   Thumb Code     0  startup_stm32f427xx.o(.text)
    DMA1_Stream7_IRQHandler                  0x08000293   Thumb Code     0  startup_stm32f427xx.o(.text)
    DMA2D_IRQHandler                         0x08000293   Thumb Code     0  startup_stm32f427xx.o(.text)
    DMA2_Stream0_IRQHandler                  0x08000293   Thumb Code     0  startup_stm32f427xx.o(.text)
    DMA2_Stream1_IRQHandler                  0x08000293   Thumb Code     0  startup_stm32f427xx.o(.text)
    DMA2_Stream3_IRQHandler                  0x08000293   Thumb Code     0  startup_stm32f427xx.o(.text)
    DMA2_Stream4_IRQHandler                  0x08000293   Thumb Code     0  startup_stm32f427xx.o(.text)
    DMA2_Stream5_IRQHandler                  0x08000293   Thumb Code     0  startup_stm32f427xx.o(.text)
    DMA2_Stream6_IRQHandler                  0x08000293   Thumb Code     0  startup_stm32f427xx.o(.text)
    DMA2_Stream7_IRQHandler                  0x08000293   Thumb Code     0  startup_stm32f427xx.o(.text)
    ETH_IRQHandler                           0x08000293   Thumb Code     0  startup_stm32f427xx.o(.text)
    ETH_WKUP_IRQHandler                      0x08000293   Thumb Code     0  startup_stm32f427xx.o(.text)
    EXTI0_IRQHandler                         0x08000293   Thumb Code     0  startup_stm32f427xx.o(.text)
    EXTI15_10_IRQHandler                     0x08000293   Thumb Code     0  startup_stm32f427xx.o(.text)
    EXTI1_IRQHandler                         0x08000293   Thumb Code     0  startup_stm32f427xx.o(.text)
    EXTI2_IRQHandler                         0x08000293   Thumb Code     0  startup_stm32f427xx.o(.text)
    EXTI3_IRQHandler                         0x08000293   Thumb Code     0  startup_stm32f427xx.o(.text)
    EXTI4_IRQHandler                         0x08000293   Thumb Code     0  startup_stm32f427xx.o(.text)
    EXTI9_5_IRQHandler                       0x08000293   Thumb Code     0  startup_stm32f427xx.o(.text)
    FLASH_IRQHandler                         0x08000293   Thumb Code     0  startup_stm32f427xx.o(.text)
    FMC_IRQHandler                           0x08000293   Thumb Code     0  startup_stm32f427xx.o(.text)
    FPU_IRQHandler                           0x08000293   Thumb Code     0  startup_stm32f427xx.o(.text)
    HASH_RNG_IRQHandler                      0x08000293   Thumb Code     0  startup_stm32f427xx.o(.text)
    I2C1_ER_IRQHandler                       0x08000293   Thumb Code     0  startup_stm32f427xx.o(.text)
    I2C1_EV_IRQHandler                       0x08000293   Thumb Code     0  startup_stm32f427xx.o(.text)
    I2C2_ER_IRQHandler                       0x08000293   Thumb Code     0  startup_stm32f427xx.o(.text)
    I2C2_EV_IRQHandler                       0x08000293   Thumb Code     0  startup_stm32f427xx.o(.text)
    I2C3_ER_IRQHandler                       0x08000293   Thumb Code     0  startup_stm32f427xx.o(.text)
    I2C3_EV_IRQHandler                       0x08000293   Thumb Code     0  startup_stm32f427xx.o(.text)
    OTG_FS_IRQHandler                        0x08000293   Thumb Code     0  startup_stm32f427xx.o(.text)
    OTG_FS_WKUP_IRQHandler                   0x08000293   Thumb Code     0  startup_stm32f427xx.o(.text)
    OTG_HS_EP1_IN_IRQHandler                 0x08000293   Thumb Code     0  startup_stm32f427xx.o(.text)
    OTG_HS_EP1_OUT_IRQHandler                0x08000293   Thumb Code     0  startup_stm32f427xx.o(.text)
    OTG_HS_IRQHandler                        0x08000293   Thumb Code     0  startup_stm32f427xx.o(.text)
    OTG_HS_WKUP_IRQHandler                   0x08000293   Thumb Code     0  startup_stm32f427xx.o(.text)
    PVD_IRQHandler                           0x08000293   Thumb Code     0  startup_stm32f427xx.o(.text)
    RCC_IRQHandler                           0x08000293   Thumb Code     0  startup_stm32f427xx.o(.text)
    RTC_Alarm_IRQHandler                     0x08000293   Thumb Code     0  startup_stm32f427xx.o(.text)
    RTC_WKUP_IRQHandler                      0x08000293   Thumb Code     0  startup_stm32f427xx.o(.text)
    SAI1_IRQHandler                          0x08000293   Thumb Code     0  startup_stm32f427xx.o(.text)
    SDIO_IRQHandler                          0x08000293   Thumb Code     0  startup_stm32f427xx.o(.text)
    SPI1_IRQHandler                          0x08000293   Thumb Code     0  startup_stm32f427xx.o(.text)
    SPI2_IRQHandler                          0x08000293   Thumb Code     0  startup_stm32f427xx.o(.text)
    SPI3_IRQHandler                          0x08000293   Thumb Code     0  startup_stm32f427xx.o(.text)
    SPI4_IRQHandler                          0x08000293   Thumb Code     0  startup_stm32f427xx.o(.text)
    SPI5_IRQHandler                          0x08000293   Thumb Code     0  startup_stm32f427xx.o(.text)
    SPI6_IRQHandler                          0x08000293   Thumb Code     0  startup_stm32f427xx.o(.text)
    TAMP_STAMP_IRQHandler                    0x08000293   Thumb Code     0  startup_stm32f427xx.o(.text)
    TIM1_BRK_TIM9_IRQHandler                 0x08000293   Thumb Code     0  startup_stm32f427xx.o(.text)
    TIM1_CC_IRQHandler                       0x08000293   Thumb Code     0  startup_stm32f427xx.o(.text)
    TIM1_TRG_COM_TIM11_IRQHandler            0x08000293   Thumb Code     0  startup_stm32f427xx.o(.text)
    TIM1_UP_TIM10_IRQHandler                 0x08000293   Thumb Code     0  startup_stm32f427xx.o(.text)
    TIM2_IRQHandler                          0x08000293   Thumb Code     0  startup_stm32f427xx.o(.text)
    TIM3_IRQHandler                          0x08000293   Thumb Code     0  startup_stm32f427xx.o(.text)
    TIM5_IRQHandler                          0x08000293   Thumb Code     0  startup_stm32f427xx.o(.text)
    TIM6_DAC_IRQHandler                      0x08000293   Thumb Code     0  startup_stm32f427xx.o(.text)
    TIM7_IRQHandler                          0x08000293   Thumb Code     0  startup_stm32f427xx.o(.text)
    TIM8_BRK_TIM12_IRQHandler                0x08000293   Thumb Code     0  startup_stm32f427xx.o(.text)
    TIM8_CC_IRQHandler                       0x08000293   Thumb Code     0  startup_stm32f427xx.o(.text)
    TIM8_TRG_COM_TIM14_IRQHandler            0x08000293   Thumb Code     0  startup_stm32f427xx.o(.text)
    TIM8_UP_TIM13_IRQHandler                 0x08000293   Thumb Code     0  startup_stm32f427xx.o(.text)
    UART4_IRQHandler                         0x08000293   Thumb Code     0  startup_stm32f427xx.o(.text)
    UART5_IRQHandler                         0x08000293   Thumb Code     0  startup_stm32f427xx.o(.text)
    UART7_IRQHandler                         0x08000293   Thumb Code     0  startup_stm32f427xx.o(.text)
    UART8_IRQHandler                         0x08000293   Thumb Code     0  startup_stm32f427xx.o(.text)
    USART2_IRQHandler                        0x08000293   Thumb Code     0  startup_stm32f427xx.o(.text)
    USART3_IRQHandler                        0x08000293   Thumb Code     0  startup_stm32f427xx.o(.text)
    USART6_IRQHandler                        0x08000293   Thumb Code     0  startup_stm32f427xx.o(.text)
    WWDG_IRQHandler                          0x08000293   Thumb Code     0  startup_stm32f427xx.o(.text)
    __user_initial_stackheap                 0x08000295   Thumb Code     0  startup_stm32f427xx.o(.text)
    __aeabi_uldivmod                         0x080002b9   Thumb Code     0  lludivv7m.o(.text)
    _ll_udiv                                 0x080002b9   Thumb Code   240  lludivv7m.o(.text)
    __aeabi_memclr4                          0x080003a9   Thumb Code     0  rt_memclr_w.o(.text)
    __aeabi_memclr8                          0x080003a9   Thumb Code     0  rt_memclr_w.o(.text)
    __rt_memclr_w                            0x080003a9   Thumb Code     0  rt_memclr_w.o(.text)
    _memset_w                                0x080003ad   Thumb Code    74  rt_memclr_w.o(.text)
    __use_two_region_memory                  0x080003f7   Thumb Code     2  heapauxi.o(.text)
    __rt_heap_escrow$2region                 0x080003f9   Thumb Code     2  heapauxi.o(.text)
    __rt_heap_expand$2region                 0x080003fb   Thumb Code     2  heapauxi.o(.text)
    __user_libspace                          0x080003fd   Thumb Code     8  libspace.o(.text)
    __user_perproc_libspace                  0x080003fd   Thumb Code     0  libspace.o(.text)
    __user_perthread_libspace                0x080003fd   Thumb Code     0  libspace.o(.text)
    __user_setup_stackheap                   0x08000405   Thumb Code    74  sys_stackheap_outer.o(.text)
    exit                                     0x0800044f   Thumb Code    18  exit.o(.text)
    _sys_exit                                0x08000461   Thumb Code     8  sys_exit.o(.text)
    __I$use$semihosting                      0x0800046d   Thumb Code     0  use_no_semi.o(.text)
    __use_no_semihosting_swi                 0x0800046d   Thumb Code     2  use_no_semi.o(.text)
    BusFault_Handler                         0x0800046f   Thumb Code     2  stm32f4xx_it.o(.text.BusFault_Handler)
    __semihosting_library_function           0x0800046f   Thumb Code     0  indicate_semi.o(.text)
    CAN1_RX0_IRQHandler                      0x08000471   Thumb Code     8  stm32f4xx_it.o(.text.CAN1_RX0_IRQHandler)
    CAN2_RX1_IRQHandler                      0x0800047d   Thumb Code     8  stm32f4xx_it.o(.text.CAN2_RX1_IRQHandler)
    DMA2_Stream2_IRQHandler                  0x08000489   Thumb Code     8  stm32f4xx_it.o(.text.DMA2_Stream2_IRQHandler)
    DebugMon_Handler                         0x080004e7   Thumb Code     2  stm32f4xx_it.o(.text.DebugMon_Handler)
    Error_Handler                            0x080004e9   Thumb Code     4  main.o(.text.Error_Handler)
    HAL_CAN_ActivateNotification             0x080004ed   Thumb Code    38  stm32f4xx_hal_can.o(.text.HAL_CAN_ActivateNotification)
    HAL_CAN_ConfigFilter                     0x08000515   Thumb Code   196  stm32f4xx_hal_can.o(.text.HAL_CAN_ConfigFilter)
    HAL_CAN_ErrorCallback                    0x080005dd   Thumb Code     2  stm32f4xx_hal_can.o(.text.HAL_CAN_ErrorCallback)
    HAL_CAN_GetRxMessage                     0x080005df   Thumb Code   206  stm32f4xx_hal_can.o(.text.HAL_CAN_GetRxMessage)
    HAL_CAN_IRQHandler                       0x080006ad   Thumb Code   498  stm32f4xx_hal_can.o(.text.HAL_CAN_IRQHandler)
    HAL_CAN_Init                             0x0800089f   Thumb Code   218  stm32f4xx_hal_can.o(.text.HAL_CAN_Init)
    HAL_CAN_MspInit                          0x08000979   Thumb Code   224  can.o(.text.HAL_CAN_MspInit)
    HAL_CAN_RxFifo0FullCallback              0x08000a6d   Thumb Code     2  stm32f4xx_hal_can.o(.text.HAL_CAN_RxFifo0FullCallback)
    HAL_CAN_RxFifo0MsgPendingCallback        0x08000a71   Thumb Code   132  can_user.o(.text.HAL_CAN_RxFifo0MsgPendingCallback)
    HAL_CAN_RxFifo1FullCallback              0x08000b09   Thumb Code     2  stm32f4xx_hal_can.o(.text.HAL_CAN_RxFifo1FullCallback)
    HAL_CAN_RxFifo1MsgPendingCallback        0x08000b0d   Thumb Code    76  can_user.o(.text.HAL_CAN_RxFifo1MsgPendingCallback)
    HAL_CAN_SleepCallback                    0x08000b65   Thumb Code     2  stm32f4xx_hal_can.o(.text.HAL_CAN_SleepCallback)
    HAL_CAN_Start                            0x08000b67   Thumb Code    76  stm32f4xx_hal_can.o(.text.HAL_CAN_Start)
    HAL_CAN_TxMailbox0AbortCallback          0x08000bb3   Thumb Code     2  stm32f4xx_hal_can.o(.text.HAL_CAN_TxMailbox0AbortCallback)
    HAL_CAN_TxMailbox0CompleteCallback       0x08000bb5   Thumb Code     2  stm32f4xx_hal_can.o(.text.HAL_CAN_TxMailbox0CompleteCallback)
    HAL_CAN_TxMailbox1AbortCallback          0x08000bb7   Thumb Code     2  stm32f4xx_hal_can.o(.text.HAL_CAN_TxMailbox1AbortCallback)
    HAL_CAN_TxMailbox1CompleteCallback       0x08000bb9   Thumb Code     2  stm32f4xx_hal_can.o(.text.HAL_CAN_TxMailbox1CompleteCallback)
    HAL_CAN_TxMailbox2AbortCallback          0x08000bbb   Thumb Code     2  stm32f4xx_hal_can.o(.text.HAL_CAN_TxMailbox2AbortCallback)
    HAL_CAN_TxMailbox2CompleteCallback       0x08000bbd   Thumb Code     2  stm32f4xx_hal_can.o(.text.HAL_CAN_TxMailbox2CompleteCallback)
    HAL_CAN_WakeUpFromRxMsgCallback          0x08000bbf   Thumb Code     2  stm32f4xx_hal_can.o(.text.HAL_CAN_WakeUpFromRxMsgCallback)
    HAL_DMA_Abort                            0x08000bc1   Thumb Code   122  stm32f4xx_hal_dma.o(.text.HAL_DMA_Abort)
    HAL_DMA_Abort_IT                         0x08000c3b   Thumb Code    36  stm32f4xx_hal_dma.o(.text.HAL_DMA_Abort_IT)
    HAL_DMA_IRQHandler                       0x08000c61   Thumb Code   344  stm32f4xx_hal_dma.o(.text.HAL_DMA_IRQHandler)
    HAL_DMA_Init                             0x08000dbd   Thumb Code   252  stm32f4xx_hal_dma.o(.text.HAL_DMA_Init)
    HAL_DMA_Start_IT                         0x08000ebd   Thumb Code    92  stm32f4xx_hal_dma.o(.text.HAL_DMA_Start_IT)
    HAL_Delay                                0x08000f19   Thumb Code    32  stm32f4xx_hal.o(.text.HAL_Delay)
    HAL_GPIO_Init                            0x08000f39   Thumb Code   384  stm32f4xx_hal_gpio.o(.text.HAL_GPIO_Init)
    HAL_GetTick                              0x080010d1   Thumb Code     8  stm32f4xx_hal.o(.text.HAL_GetTick)
    HAL_IncTick                              0x080010d9   Thumb Code    16  stm32f4xx_hal.o(.text.HAL_IncTick)
    HAL_Init                                 0x080010ed   Thumb Code    48  stm32f4xx_hal.o(.text.HAL_Init)
    HAL_InitTick                             0x08001121   Thumb Code    56  stm32f4xx_hal.o(.text.HAL_InitTick)
    HAL_MspInit                              0x0800115d   Thumb Code    52  stm32f4xx_hal_msp.o(.text.HAL_MspInit)
    HAL_NVIC_EnableIRQ                       0x08001191   Thumb Code    28  stm32f4xx_hal_cortex.o(.text.HAL_NVIC_EnableIRQ)
    HAL_NVIC_SetPriority                     0x080011b1   Thumb Code    72  stm32f4xx_hal_cortex.o(.text.HAL_NVIC_SetPriority)
    HAL_NVIC_SetPriorityGrouping             0x080011fd   Thumb Code    24  stm32f4xx_hal_cortex.o(.text.HAL_NVIC_SetPriorityGrouping)
    HAL_PWREx_EnableOverDrive                0x0800121d   Thumb Code    92  stm32f4xx_hal_pwr_ex.o(.text.HAL_PWREx_EnableOverDrive)
    HAL_RCC_ClockConfig                      0x08001285   Thumb Code   268  stm32f4xx_hal_rcc.o(.text.HAL_RCC_ClockConfig)
    HAL_RCC_GetPCLK1Freq                     0x0800139d   Thumb Code    20  stm32f4xx_hal_rcc.o(.text.HAL_RCC_GetPCLK1Freq)
    HAL_RCC_GetPCLK2Freq                     0x080013b1   Thumb Code    20  stm32f4xx_hal_rcc.o(.text.HAL_RCC_GetPCLK2Freq)
    HAL_RCC_GetSysClockFreq                  0x080013d1   Thumb Code    80  stm32f4xx_hal_rcc.o(.text.HAL_RCC_GetSysClockFreq)
    HAL_RCC_OscConfig                        0x0800142d   Thumb Code   800  stm32f4xx_hal_rcc.o(.text.HAL_RCC_OscConfig)
    HAL_SYSTICK_Config                       0x08001759   Thumb Code    32  stm32f4xx_hal_cortex.o(.text.HAL_SYSTICK_Config)
    HAL_TIMEx_BreakCallback                  0x08001781   Thumb Code     2  stm32f4xx_hal_tim_ex.o(.text.HAL_TIMEx_BreakCallback)
    HAL_TIMEx_CommutCallback                 0x08001783   Thumb Code     2  stm32f4xx_hal_tim_ex.o(.text.HAL_TIMEx_CommutCallback)
    HAL_TIMEx_MasterConfigSynchronization    0x08001785   Thumb Code   112  stm32f4xx_hal_tim_ex.o(.text.HAL_TIMEx_MasterConfigSynchronization)
    HAL_TIM_Base_Init                        0x080017f5   Thumb Code    30  stm32f4xx_hal_tim.o(.text.HAL_TIM_Base_Init)
    HAL_TIM_Base_MspInit                     0x08001815   Thumb Code    56  tim.o(.text.HAL_TIM_Base_MspInit)
    HAL_TIM_Base_Start_IT                    0x08001851   Thumb Code   100  stm32f4xx_hal_tim.o(.text.HAL_TIM_Base_Start_IT)
    HAL_TIM_ConfigClockSource                0x080018cd   Thumb Code   180  stm32f4xx_hal_tim.o(.text.HAL_TIM_ConfigClockSource)
    HAL_TIM_IC_CaptureCallback               0x08001981   Thumb Code     2  stm32f4xx_hal_tim.o(.text.HAL_TIM_IC_CaptureCallback)
    HAL_TIM_IRQHandler                       0x08001983   Thumb Code   266  stm32f4xx_hal_tim.o(.text.HAL_TIM_IRQHandler)
    HAL_TIM_OC_DelayElapsedCallback          0x08001a8d   Thumb Code     2  stm32f4xx_hal_tim.o(.text.HAL_TIM_OC_DelayElapsedCallback)
    HAL_TIM_PWM_PulseFinishedCallback        0x08001a8f   Thumb Code     2  stm32f4xx_hal_tim.o(.text.HAL_TIM_PWM_PulseFinishedCallback)
    HAL_TIM_PeriodElapsedCallback            0x08001a91   Thumb Code    40  main.o(.text.HAL_TIM_PeriodElapsedCallback)
    HAL_TIM_TriggerCallback                  0x08001ac1   Thumb Code     2  stm32f4xx_hal_tim.o(.text.HAL_TIM_TriggerCallback)
    HAL_UARTEx_ReceiveToIdle_DMA             0x08001ac3   Thumb Code    68  stm32f4xx_hal_uart.o(.text.HAL_UARTEx_ReceiveToIdle_DMA)
    HAL_UARTEx_RxEventCallback               0x08001b09   Thumb Code    88  yaokong.o(.text.HAL_UARTEx_RxEventCallback)
    HAL_UART_ErrorCallback                   0x08001b6d   Thumb Code     2  stm32f4xx_hal_uart.o(.text.HAL_UART_ErrorCallback)
    HAL_UART_IRQHandler                      0x08001b71   Thumb Code   576  stm32f4xx_hal_uart.o(.text.HAL_UART_IRQHandler)
    HAL_UART_Init                            0x08001db5   Thumb Code    44  stm32f4xx_hal_uart.o(.text.HAL_UART_Init)
    HAL_UART_MspInit                         0x08001de1   Thumb Code   164  usart.o(.text.HAL_UART_MspInit)
    HAL_UART_RxCpltCallback                  0x08001e8d   Thumb Code     2  stm32f4xx_hal_uart.o(.text.HAL_UART_RxCpltCallback)
    HAL_UART_RxHalfCpltCallback              0x08001e8f   Thumb Code     2  stm32f4xx_hal_uart.o(.text.HAL_UART_RxHalfCpltCallback)
    HAL_UART_TxCpltCallback                  0x08001e91   Thumb Code     2  stm32f4xx_hal_uart.o(.text.HAL_UART_TxCpltCallback)
    HardFault_Handler                        0x08001e93   Thumb Code     2  stm32f4xx_it.o(.text.HardFault_Handler)
    MX_CAN1_Init                             0x08001e95   Thumb Code    24  can.o(.text.MX_CAN1_Init)
    MX_CAN2_Init                             0x08001eb5   Thumb Code    24  can.o(.text.MX_CAN2_Init)
    MX_DMA_Init                              0x08001ed5   Thumb Code    48  dma.o(.text.MX_DMA_Init)
    MX_GPIO_Init                             0x08001f05   Thumb Code    92  gpio.o(.text.MX_GPIO_Init)
    MX_TIM4_Init                             0x08001f65   Thumb Code    92  tim.o(.text.MX_TIM4_Init)
    MX_USART1_UART_Init                      0x08001fc5   Thumb Code    52  usart.o(.text.MX_USART1_UART_Init)
    MemManage_Handler                        0x08002005   Thumb Code     2  stm32f4xx_it.o(.text.MemManage_Handler)
    NMI_Handler                              0x08002007   Thumb Code     2  stm32f4xx_it.o(.text.NMI_Handler)
    PendSV_Handler                           0x08002243   Thumb Code     2  stm32f4xx_it.o(.text.PendSV_Handler)
    SVC_Handler                              0x08002245   Thumb Code     2  stm32f4xx_it.o(.text.SVC_Handler)
    SysTick_Handler                          0x08002247   Thumb Code     4  stm32f4xx_it.o(.text.SysTick_Handler)
    SystemClock_Config                       0x0800224d   Thumb Code   164  main.o(.text.SystemClock_Config)
    SystemInit                               0x080022f9   Thumb Code    12  system_stm32f4xx.o(.text.SystemInit)
    TIM4_IRQHandler                          0x08002309   Thumb Code     8  stm32f4xx_it.o(.text.TIM4_IRQHandler)
    TIM_Base_SetConfig                       0x08002315   Thumb Code   188  stm32f4xx_hal_tim.o(.text.TIM_Base_SetConfig)
    UART_Start_Receive_DMA                   0x08002701   Thumb Code   120  stm32f4xx_hal_uart.o(.text.UART_Start_Receive_DMA)
    USART1_IRQHandler                        0x08002785   Thumb Code     8  stm32f4xx_it.o(.text.USART1_IRQHandler)
    UsageFault_Handler                       0x0800278d   Thumb Code     2  stm32f4xx_it.o(.text.UsageFault_Handler)
    can_filter_init                          0x08002791   Thumb Code   128  can_user.o(.text.can_filter_init)
    main                                     0x08002811   Thumb Code    96  main.o(.text.main)
    _fp_init                                 0x08002885   Thumb Code    26  fpinit.o(x$fpl$fpinit)
    __fplib_config_fpu_vfp                   0x0800289d   Thumb Code     0  fpinit.o(x$fpl$fpinit)
    __fplib_config_pureend_doubles           0x0800289d   Thumb Code     0  fpinit.o(x$fpl$fpinit)
    AHBPrescTable                            0x0800289e   Data          16  system_stm32f4xx.o(.rodata.AHBPrescTable)
    APBPrescTable                            0x080028ae   Data           8  system_stm32f4xx.o(.rodata.APBPrescTable)
    Region$$Table$$Base                      0x080028b8   Number         0  anon$$obj.o(Region$$Table)
    Region$$Table$$Limit                     0x080028d8   Number         0  anon$$obj.o(Region$$Table)
    uwTickFreq                               0x20000000   Data           1  stm32f4xx_hal.o(.data..L_MergedGlobals)
    uwTickPrio                               0x20000004   Data           4  stm32f4xx_hal.o(.data..L_MergedGlobals)
    SystemCoreClock                          0x20000008   Data           4  system_stm32f4xx.o(.data.SystemCoreClock)
    __libspace_start                         0x20000010   Data          96  libspace.o(.bss)
    __temporary_stack_top$libspace           0x20000070   Data           0  libspace.o(.bss)
    time                                     0x20000070   Data           1  main.o(.bss..L_MergedGlobals)
    TIM4_Cnt1                                0x20000072   Data           2  main.o(.bss..L_MergedGlobals)
    RC_Ctl                                   0x20000078   Data          12  main.o(.bss.RC_Ctl)
    hcan1                                    0x20000084   Data          40  can.o(.bss.hcan1)
    hcan2                                    0x200000ac   Data          40  can.o(.bss.hcan2)
    hdma_usart1_rx                           0x200000d4   Data          96  usart.o(.bss.hdma_usart1_rx)
    htim4                                    0x20000134   Data          72  tim.o(.bss.htim4)
    huart1                                   0x2000017c   Data          72  usart.o(.bss.huart1)
    motor_recieve_dipan3508                  0x200001c4   Data          40  main.o(.bss.motor_recieve_dipan3508)
    motor_recieve_dipan6020                  0x200001ec   Data          10  main.o(.bss.motor_recieve_dipan6020)
    motor_reciver_bodan3508                  0x200001f6   Data          10  main.o(.bss.motor_reciver_bodan3508)
    rx_data                                  0x20000200   Data           8  can_user.o(.bss.rx_data)
    sbus_rx_buffer                           0x20000208   Data          18  main.o(.bss.sbus_rx_buffer)
    uwTick                                   0x2000021c   Data           4  stm32f4xx_hal.o(.bss.uwTick)



==============================================================================

Memory Map of the image

  Image Entry point : 0x080001ad

  Load Region LR_IROM1 (Base: 0x08000000, Size: 0x000028e8, Max: 0x00200000, ABSOLUTE)

    Execution Region ER_IROM1 (Exec base: 0x08000000, Load base: 0x08000000, Size: 0x000028d8, Max: 0x00200000, ABSOLUTE)

    Exec Addr    Load Addr    Size         Type   Attr      Idx    E Section Name        Object

    0x08000000   0x08000000   0x000001ac   Data   RO            3    RESET               startup_stm32f427xx.o
    0x080001ac   0x080001ac   0x00000008   Code   RO         1489  * !!!main             c_w.l(__main.o)
    0x080001b4   0x080001b4   0x0000005c   Code   RO         1702    !!!scatter          c_w.l(__scatter.o)
    0x08000210   0x08000210   0x0000001a   Code   RO         1706    !!handler_copy      c_w.l(__scatter_copy.o)
    0x0800022a   0x0800022a   0x00000002   PAD
    0x0800022c   0x0800022c   0x00000002   Code   RO         1703    !!handler_null      c_w.l(__scatter.o)
    0x0800022e   0x0800022e   0x00000002   PAD
    0x08000230   0x08000230   0x0000001c   Code   RO         1708    !!handler_zi        c_w.l(__scatter_zi.o)
    0x0800024c   0x0800024c   0x00000002   Code   RO         1567    .ARM.Collect$$libinit$$00000000  c_w.l(libinit.o)
    0x0800024e   0x0800024e   0x00000004   Code   RO         1576    .ARM.Collect$$libinit$$00000001  c_w.l(libinit2.o)
    0x08000252   0x08000252   0x00000000   Code   RO         1579    .ARM.Collect$$libinit$$00000004  c_w.l(libinit2.o)
    0x08000252   0x08000252   0x00000000   Code   RO         1581    .ARM.Collect$$libinit$$00000006  c_w.l(libinit2.o)
    0x08000252   0x08000252   0x00000000   Code   RO         1584    .ARM.Collect$$libinit$$0000000C  c_w.l(libinit2.o)
    0x08000252   0x08000252   0x00000000   Code   RO         1586    .ARM.Collect$$libinit$$0000000E  c_w.l(libinit2.o)
    0x08000252   0x08000252   0x00000000   Code   RO         1588    .ARM.Collect$$libinit$$00000010  c_w.l(libinit2.o)
    0x08000252   0x08000252   0x00000000   Code   RO         1591    .ARM.Collect$$libinit$$00000013  c_w.l(libinit2.o)
    0x08000252   0x08000252   0x00000000   Code   RO         1593    .ARM.Collect$$libinit$$00000015  c_w.l(libinit2.o)
    0x08000252   0x08000252   0x00000000   Code   RO         1595    .ARM.Collect$$libinit$$00000017  c_w.l(libinit2.o)
    0x08000252   0x08000252   0x00000000   Code   RO         1597    .ARM.Collect$$libinit$$00000019  c_w.l(libinit2.o)
    0x08000252   0x08000252   0x00000000   Code   RO         1599    .ARM.Collect$$libinit$$0000001B  c_w.l(libinit2.o)
    0x08000252   0x08000252   0x00000000   Code   RO         1601    .ARM.Collect$$libinit$$0000001D  c_w.l(libinit2.o)
    0x08000252   0x08000252   0x00000000   Code   RO         1603    .ARM.Collect$$libinit$$0000001F  c_w.l(libinit2.o)
    0x08000252   0x08000252   0x00000000   Code   RO         1605    .ARM.Collect$$libinit$$00000021  c_w.l(libinit2.o)
    0x08000252   0x08000252   0x00000000   Code   RO         1607    .ARM.Collect$$libinit$$00000023  c_w.l(libinit2.o)
    0x08000252   0x08000252   0x00000000   Code   RO         1609    .ARM.Collect$$libinit$$00000025  c_w.l(libinit2.o)
    0x08000252   0x08000252   0x00000000   Code   RO         1611    .ARM.Collect$$libinit$$00000027  c_w.l(libinit2.o)
    0x08000252   0x08000252   0x00000000   Code   RO         1615    .ARM.Collect$$libinit$$0000002E  c_w.l(libinit2.o)
    0x08000252   0x08000252   0x00000000   Code   RO         1617    .ARM.Collect$$libinit$$00000030  c_w.l(libinit2.o)
    0x08000252   0x08000252   0x00000000   Code   RO         1619    .ARM.Collect$$libinit$$00000032  c_w.l(libinit2.o)
    0x08000252   0x08000252   0x00000000   Code   RO         1621    .ARM.Collect$$libinit$$00000034  c_w.l(libinit2.o)
    0x08000252   0x08000252   0x00000002   Code   RO         1622    .ARM.Collect$$libinit$$00000035  c_w.l(libinit2.o)
    0x08000254   0x08000254   0x00000002   Code   RO         1657    .ARM.Collect$$libshutdown$$00000000  c_w.l(libshutdown.o)
    0x08000256   0x08000256   0x00000000   Code   RO         1685    .ARM.Collect$$libshutdown$$00000002  c_w.l(libshutdown2.o)
    0x08000256   0x08000256   0x00000000   Code   RO         1687    .ARM.Collect$$libshutdown$$00000004  c_w.l(libshutdown2.o)
    0x08000256   0x08000256   0x00000000   Code   RO         1690    .ARM.Collect$$libshutdown$$00000007  c_w.l(libshutdown2.o)
    0x08000256   0x08000256   0x00000000   Code   RO         1693    .ARM.Collect$$libshutdown$$0000000A  c_w.l(libshutdown2.o)
    0x08000256   0x08000256   0x00000000   Code   RO         1695    .ARM.Collect$$libshutdown$$0000000C  c_w.l(libshutdown2.o)
    0x08000256   0x08000256   0x00000000   Code   RO         1698    .ARM.Collect$$libshutdown$$0000000F  c_w.l(libshutdown2.o)
    0x08000256   0x08000256   0x00000002   Code   RO         1699    .ARM.Collect$$libshutdown$$00000010  c_w.l(libshutdown2.o)
    0x08000258   0x08000258   0x00000000   Code   RO         1511    .ARM.Collect$$rtentry$$00000000  c_w.l(__rtentry.o)
    0x08000258   0x08000258   0x00000000   Code   RO         1530    .ARM.Collect$$rtentry$$00000002  c_w.l(__rtentry2.o)
    0x08000258   0x08000258   0x00000006   Code   RO         1542    .ARM.Collect$$rtentry$$00000004  c_w.l(__rtentry4.o)
    0x0800025e   0x0800025e   0x00000000   Code   RO         1532    .ARM.Collect$$rtentry$$00000009  c_w.l(__rtentry2.o)
    0x0800025e   0x0800025e   0x00000004   Code   RO         1533    .ARM.Collect$$rtentry$$0000000A  c_w.l(__rtentry2.o)
    0x08000262   0x08000262   0x00000000   Code   RO         1535    .ARM.Collect$$rtentry$$0000000C  c_w.l(__rtentry2.o)
    0x08000262   0x08000262   0x00000008   Code   RO         1536    .ARM.Collect$$rtentry$$0000000D  c_w.l(__rtentry2.o)
    0x0800026a   0x0800026a   0x00000002   Code   RO         1568    .ARM.Collect$$rtexit$$00000000  c_w.l(rtexit.o)
    0x0800026c   0x0800026c   0x00000000   Code   RO         1628    .ARM.Collect$$rtexit$$00000002  c_w.l(rtexit2.o)
    0x0800026c   0x0800026c   0x00000004   Code   RO         1629    .ARM.Collect$$rtexit$$00000003  c_w.l(rtexit2.o)
    0x08000270   0x08000270   0x00000006   Code   RO         1630    .ARM.Collect$$rtexit$$00000004  c_w.l(rtexit2.o)
    0x08000276   0x08000276   0x00000002   PAD
    0x08000278   0x08000278   0x00000040   Code   RO            4    .text               startup_stm32f427xx.o
    0x080002b8   0x080002b8   0x000000f0   Code   RO         1483    .text               c_w.l(lludivv7m.o)
    0x080003a8   0x080003a8   0x0000004e   Code   RO         1485    .text               c_w.l(rt_memclr_w.o)
    0x080003f6   0x080003f6   0x00000006   Code   RO         1487    .text               c_w.l(heapauxi.o)
    0x080003fc   0x080003fc   0x00000008   Code   RO         1551    .text               c_w.l(libspace.o)
    0x08000404   0x08000404   0x0000004a   Code   RO         1554    .text               c_w.l(sys_stackheap_outer.o)
    0x0800044e   0x0800044e   0x00000012   Code   RO         1556    .text               c_w.l(exit.o)
    0x08000460   0x08000460   0x0000000c   Code   RO         1623    .text               c_w.l(sys_exit.o)
    0x0800046c   0x0800046c   0x00000002   Code   RO         1646    .text               c_w.l(use_no_semi.o)
    0x0800046e   0x0800046e   0x00000000   Code   RO         1648    .text               c_w.l(indicate_semi.o)
    0x0800046e   0x0800046e   0x00000002   Code   RO          199    .text.BusFault_Handler  stm32f4xx_it.o
    0x08000470   0x08000470   0x0000000c   Code   RO          211    .text.CAN1_RX0_IRQHandler  stm32f4xx_it.o
    0x0800047c   0x0800047c   0x0000000c   Code   RO          219    .text.CAN2_RX1_IRQHandler  stm32f4xx_it.o
    0x08000488   0x08000488   0x0000000c   Code   RO          217    .text.DMA2_Stream2_IRQHandler  stm32f4xx_it.o
    0x08000494   0x08000494   0x00000030   Code   RO          516    .text.DMA_CalcBaseAndBitshift  stm32f4xx_hal_dma.o
    0x080004c4   0x080004c4   0x00000022   Code   RO          522    .text.DMA_SetConfig  stm32f4xx_hal_dma.o
    0x080004e6   0x080004e6   0x00000002   Code   RO          205    .text.DebugMon_Handler  stm32f4xx_it.o
    0x080004e8   0x080004e8   0x00000004   Code   RO          103    .text.Error_Handler  main.o
    0x080004ec   0x080004ec   0x00000026   Code   RO          270    .text.HAL_CAN_ActivateNotification  stm32f4xx_hal_can.o
    0x08000512   0x08000512   0x00000002   PAD
    0x08000514   0x08000514   0x000000c8   Code   RO          246    .text.HAL_CAN_ConfigFilter  stm32f4xx_hal_can.o
    0x080005dc   0x080005dc   0x00000002   Code   RO          300    .text.HAL_CAN_ErrorCallback  stm32f4xx_hal_can.o
    0x080005de   0x080005de   0x000000ce   Code   RO          266    .text.HAL_CAN_GetRxMessage  stm32f4xx_hal_can.o
    0x080006ac   0x080006ac   0x000001f2   Code   RO          274    .text.HAL_CAN_IRQHandler  stm32f4xx_hal_can.o
    0x0800089e   0x0800089e   0x000000da   Code   RO          236    .text.HAL_CAN_Init  stm32f4xx_hal_can.o
    0x08000978   0x08000978   0x000000f4   Code   RO          136    .text.HAL_CAN_MspInit  can.o
    0x08000a6c   0x08000a6c   0x00000002   Code   RO          288    .text.HAL_CAN_RxFifo0FullCallback  stm32f4xx_hal_can.o
    0x08000a6e   0x08000a6e   0x00000002   PAD
    0x08000a70   0x08000a70   0x00000098   Code   RO           13    .text.HAL_CAN_RxFifo0MsgPendingCallback  can_user.o
    0x08000b08   0x08000b08   0x00000002   Code   RO          292    .text.HAL_CAN_RxFifo1FullCallback  stm32f4xx_hal_can.o
    0x08000b0a   0x08000b0a   0x00000002   PAD
    0x08000b0c   0x08000b0c   0x00000058   Code   RO           15    .text.HAL_CAN_RxFifo1MsgPendingCallback  can_user.o
    0x08000b64   0x08000b64   0x00000002   Code   RO          296    .text.HAL_CAN_SleepCallback  stm32f4xx_hal_can.o
    0x08000b66   0x08000b66   0x0000004c   Code   RO          248    .text.HAL_CAN_Start  stm32f4xx_hal_can.o
    0x08000bb2   0x08000bb2   0x00000002   Code   RO          278    .text.HAL_CAN_TxMailbox0AbortCallback  stm32f4xx_hal_can.o
    0x08000bb4   0x08000bb4   0x00000002   Code   RO          276    .text.HAL_CAN_TxMailbox0CompleteCallback  stm32f4xx_hal_can.o
    0x08000bb6   0x08000bb6   0x00000002   Code   RO          282    .text.HAL_CAN_TxMailbox1AbortCallback  stm32f4xx_hal_can.o
    0x08000bb8   0x08000bb8   0x00000002   Code   RO          280    .text.HAL_CAN_TxMailbox1CompleteCallback  stm32f4xx_hal_can.o
    0x08000bba   0x08000bba   0x00000002   Code   RO          286    .text.HAL_CAN_TxMailbox2AbortCallback  stm32f4xx_hal_can.o
    0x08000bbc   0x08000bbc   0x00000002   Code   RO          284    .text.HAL_CAN_TxMailbox2CompleteCallback  stm32f4xx_hal_can.o
    0x08000bbe   0x08000bbe   0x00000002   Code   RO          298    .text.HAL_CAN_WakeUpFromRxMsgCallback  stm32f4xx_hal_can.o
    0x08000bc0   0x08000bc0   0x0000007a   Code   RO          526    .text.HAL_DMA_Abort  stm32f4xx_hal_dma.o
    0x08000c3a   0x08000c3a   0x00000024   Code   RO          528    .text.HAL_DMA_Abort_IT  stm32f4xx_hal_dma.o
    0x08000c5e   0x08000c5e   0x00000002   PAD
    0x08000c60   0x08000c60   0x0000015c   Code   RO          532    .text.HAL_DMA_IRQHandler  stm32f4xx_hal_dma.o
    0x08000dbc   0x08000dbc   0x00000100   Code   RO          514    .text.HAL_DMA_Init  stm32f4xx_hal_dma.o
    0x08000ebc   0x08000ebc   0x0000005c   Code   RO          524    .text.HAL_DMA_Start_IT  stm32f4xx_hal_dma.o
    0x08000f18   0x08000f18   0x00000020   Code   RO          704    .text.HAL_Delay     stm32f4xx_hal.o
    0x08000f38   0x08000f38   0x00000198   Code   RO          476    .text.HAL_GPIO_Init  stm32f4xx_hal_gpio.o
    0x080010d0   0x080010d0   0x00000008   Code   RO          696    .text.HAL_GetTick   stm32f4xx_hal.o
    0x080010d8   0x080010d8   0x00000014   Code   RO          694    .text.HAL_IncTick   stm32f4xx_hal.o
    0x080010ec   0x080010ec   0x00000034   Code   RO          684    .text.HAL_Init      stm32f4xx_hal.o
    0x08001120   0x08001120   0x0000003c   Code   RO          686    .text.HAL_InitTick  stm32f4xx_hal.o
    0x0800115c   0x0800115c   0x00000034   Code   RO          228    .text.HAL_MspInit   stm32f4xx_hal_msp.o
    0x08001190   0x08001190   0x00000020   Code   RO          632    .text.HAL_NVIC_EnableIRQ  stm32f4xx_hal_cortex.o
    0x080011b0   0x080011b0   0x0000004c   Code   RO          630    .text.HAL_NVIC_SetPriority  stm32f4xx_hal_cortex.o
    0x080011fc   0x080011fc   0x00000020   Code   RO          628    .text.HAL_NVIC_SetPriorityGrouping  stm32f4xx_hal_cortex.o
    0x0800121c   0x0800121c   0x00000068   Code   RO          612    .text.HAL_PWREx_EnableOverDrive  stm32f4xx_hal_pwr_ex.o
    0x08001284   0x08001284   0x00000118   Code   RO          330    .text.HAL_RCC_ClockConfig  stm32f4xx_hal_rcc.o
    0x0800139c   0x0800139c   0x00000014   Code   RO          342    .text.HAL_RCC_GetPCLK1Freq  stm32f4xx_hal_rcc.o
    0x080013b0   0x080013b0   0x00000020   Code   RO          344    .text.HAL_RCC_GetPCLK2Freq  stm32f4xx_hal_rcc.o
    0x080013d0   0x080013d0   0x0000005c   Code   RO          332    .text.HAL_RCC_GetSysClockFreq  stm32f4xx_hal_rcc.o
    0x0800142c   0x0800142c   0x0000032c   Code   RO          328    .text.HAL_RCC_OscConfig  stm32f4xx_hal_rcc.o
    0x08001758   0x08001758   0x00000028   Code   RO          640    .text.HAL_SYSTICK_Config  stm32f4xx_hal_cortex.o
    0x08001780   0x08001780   0x00000002   Code   RO         1219    .text.HAL_TIMEx_BreakCallback  stm32f4xx_hal_tim_ex.o
    0x08001782   0x08001782   0x00000002   Code   RO         1215    .text.HAL_TIMEx_CommutCallback  stm32f4xx_hal_tim_ex.o
    0x08001784   0x08001784   0x00000070   Code   RO         1209    .text.HAL_TIMEx_MasterConfigSynchronization  stm32f4xx_hal_tim_ex.o
    0x080017f4   0x080017f4   0x0000001e   Code   RO          782    .text.HAL_TIM_Base_Init  stm32f4xx_hal_tim.o
    0x08001812   0x08001812   0x00000002   PAD
    0x08001814   0x08001814   0x0000003c   Code   RO          164    .text.HAL_TIM_Base_MspInit  tim.o
    0x08001850   0x08001850   0x0000007c   Code   RO          796    .text.HAL_TIM_Base_Start_IT  stm32f4xx_hal_tim.o
    0x080018cc   0x080018cc   0x000000b4   Code   RO          970    .text.HAL_TIM_ConfigClockSource  stm32f4xx_hal_tim.o
    0x08001980   0x08001980   0x00000002   Code   RO          918    .text.HAL_TIM_IC_CaptureCallback  stm32f4xx_hal_tim.o
    0x08001982   0x08001982   0x0000010a   Code   RO          916    .text.HAL_TIM_IRQHandler  stm32f4xx_hal_tim.o
    0x08001a8c   0x08001a8c   0x00000002   Code   RO          920    .text.HAL_TIM_OC_DelayElapsedCallback  stm32f4xx_hal_tim.o
    0x08001a8e   0x08001a8e   0x00000002   Code   RO          922    .text.HAL_TIM_PWM_PulseFinishedCallback  stm32f4xx_hal_tim.o
    0x08001a90   0x08001a90   0x00000030   Code   RO          105    .text.HAL_TIM_PeriodElapsedCallback  main.o
    0x08001ac0   0x08001ac0   0x00000002   Code   RO          926    .text.HAL_TIM_TriggerCallback  stm32f4xx_hal_tim.o
    0x08001ac2   0x08001ac2   0x00000044   Code   RO         1349    .text.HAL_UARTEx_ReceiveToIdle_DMA  stm32f4xx_hal_uart.o
    0x08001b06   0x08001b06   0x00000002   PAD
    0x08001b08   0x08001b08   0x00000064   Code   RO           76    .text.HAL_UARTEx_RxEventCallback  yaokong.o
    0x08001b6c   0x08001b6c   0x00000002   Code   RO         1385    .text.HAL_UART_ErrorCallback  stm32f4xx_hal_uart.o
    0x08001b6e   0x08001b6e   0x00000002   PAD
    0x08001b70   0x08001b70   0x00000244   Code   RO         1379    .text.HAL_UART_IRQHandler  stm32f4xx_hal_uart.o
    0x08001db4   0x08001db4   0x0000002c   Code   RO         1295    .text.HAL_UART_Init  stm32f4xx_hal_uart.o
    0x08001de0   0x08001de0   0x000000ac   Code   RO          179    .text.HAL_UART_MspInit  usart.o
    0x08001e8c   0x08001e8c   0x00000002   Code   RO         1393    .text.HAL_UART_RxCpltCallback  stm32f4xx_hal_uart.o
    0x08001e8e   0x08001e8e   0x00000002   Code   RO         1395    .text.HAL_UART_RxHalfCpltCallback  stm32f4xx_hal_uart.o
    0x08001e90   0x08001e90   0x00000002   Code   RO         1389    .text.HAL_UART_TxCpltCallback  stm32f4xx_hal_uart.o
    0x08001e92   0x08001e92   0x00000002   Code   RO          195    .text.HardFault_Handler  stm32f4xx_it.o
    0x08001e94   0x08001e94   0x00000020   Code   RO          132    .text.MX_CAN1_Init  can.o
    0x08001eb4   0x08001eb4   0x00000020   Code   RO          134    .text.MX_CAN2_Init  can.o
    0x08001ed4   0x08001ed4   0x00000030   Code   RO          153    .text.MX_DMA_Init   dma.o
    0x08001f04   0x08001f04   0x00000060   Code   RO          124    .text.MX_GPIO_Init  gpio.o
    0x08001f64   0x08001f64   0x00000060   Code   RO          162    .text.MX_TIM4_Init  tim.o
    0x08001fc4   0x08001fc4   0x00000040   Code   RO          177    .text.MX_USART1_UART_Init  usart.o
    0x08002004   0x08002004   0x00000002   Code   RO          197    .text.MemManage_Handler  stm32f4xx_it.o
    0x08002006   0x08002006   0x00000002   Code   RO          193    .text.NMI_Handler   stm32f4xx_it.o
    0x08002008   0x08002008   0x0000001c   Code   RO          140    .text.OUTLINED_FUNCTION_0  can.o
    0x08002024   0x08002024   0x0000000c   Code   RO          308    .text.OUTLINED_FUNCTION_0  stm32f4xx_hal_can.o
    0x08002030   0x08002030   0x0000000c   Code   RO          354    .text.OUTLINED_FUNCTION_0  stm32f4xx_hal_rcc.o
    0x0800203c   0x0800203c   0x0000000e   Code   RO          542    .text.OUTLINED_FUNCTION_0  stm32f4xx_hal_dma.o
    0x0800204a   0x0800204a   0x00000008   Code   RO          618    .text.OUTLINED_FUNCTION_0  stm32f4xx_hal_pwr_ex.o
    0x08002052   0x08002052   0x00000014   Code   RO         1415    .text.OUTLINED_FUNCTION_0  stm32f4xx_hal_uart.o
    0x08002066   0x08002066   0x0000000c   Code   RO          310    .text.OUTLINED_FUNCTION_1  stm32f4xx_hal_can.o
    0x08002072   0x08002072   0x0000000a   Code   RO          544    .text.OUTLINED_FUNCTION_1  stm32f4xx_hal_dma.o
    0x0800207c   0x0800207c   0x0000002e   Code   RO         1016    .text.OUTLINED_FUNCTION_1  stm32f4xx_hal_tim.o
    0x080020aa   0x080020aa   0x00000014   Code   RO         1417    .text.OUTLINED_FUNCTION_1  stm32f4xx_hal_uart.o
    0x080020be   0x080020be   0x00000014   Code   RO         1435    .text.OUTLINED_FUNCTION_10  stm32f4xx_hal_uart.o
    0x080020d2   0x080020d2   0x0000000a   Code   RO         1036    .text.OUTLINED_FUNCTION_11  stm32f4xx_hal_tim.o
    0x080020dc   0x080020dc   0x00000014   Code   RO         1437    .text.OUTLINED_FUNCTION_11  stm32f4xx_hal_uart.o
    0x080020f0   0x080020f0   0x0000000c   Code   RO         1441    .text.OUTLINED_FUNCTION_13  stm32f4xx_hal_uart.o
    0x080020fc   0x080020fc   0x0000000a   Code   RO         1042    .text.OUTLINED_FUNCTION_14  stm32f4xx_hal_tim.o
    0x08002106   0x08002106   0x0000000a   Code   RO         1443    .text.OUTLINED_FUNCTION_14  stm32f4xx_hal_uart.o
    0x08002110   0x08002110   0x0000000a   Code   RO         1451    .text.OUTLINED_FUNCTION_18  stm32f4xx_hal_uart.o
    0x0800211a   0x0800211a   0x00000008   Code   RO         1453    .text.OUTLINED_FUNCTION_19  stm32f4xx_hal_uart.o
    0x08002122   0x08002122   0x0000000e   Code   RO          312    .text.OUTLINED_FUNCTION_2  stm32f4xx_hal_can.o
    0x08002130   0x08002130   0x0000000a   Code   RO          358    .text.OUTLINED_FUNCTION_2  stm32f4xx_hal_rcc.o
    0x0800213a   0x0800213a   0x00000008   Code   RO          546    .text.OUTLINED_FUNCTION_2  stm32f4xx_hal_dma.o
    0x08002142   0x08002142   0x00000014   Code   RO         1419    .text.OUTLINED_FUNCTION_2  stm32f4xx_hal_uart.o
    0x08002156   0x08002156   0x00000006   Code   RO         1455    .text.OUTLINED_FUNCTION_20  stm32f4xx_hal_uart.o
    0x0800215c   0x0800215c   0x0000001a   Code   RO         1064    .text.OUTLINED_FUNCTION_25  stm32f4xx_hal_tim.o
    0x08002176   0x08002176   0x0000000a   Code   RO         1066    .text.OUTLINED_FUNCTION_26  stm32f4xx_hal_tim.o
    0x08002180   0x08002180   0x00000010   Code   RO          314    .text.OUTLINED_FUNCTION_3  stm32f4xx_hal_can.o
    0x08002190   0x08002190   0x0000000a   Code   RO          548    .text.OUTLINED_FUNCTION_3  stm32f4xx_hal_dma.o
    0x0800219a   0x0800219a   0x00000014   Code   RO         1076    .text.OUTLINED_FUNCTION_31  stm32f4xx_hal_tim.o
    0x080021ae   0x080021ae   0x0000000c   Code   RO          316    .text.OUTLINED_FUNCTION_4  stm32f4xx_hal_can.o
    0x080021ba   0x080021ba   0x00000016   Code   RO         1423    .text.OUTLINED_FUNCTION_4  stm32f4xx_hal_uart.o
    0x080021d0   0x080021d0   0x0000000c   Code   RO         1094    .text.OUTLINED_FUNCTION_40  stm32f4xx_hal_tim.o
    0x080021dc   0x080021dc   0x0000000a   Code   RO         1100    .text.OUTLINED_FUNCTION_43  stm32f4xx_hal_tim.o
    0x080021e6   0x080021e6   0x00000006   Code   RO         1110    .text.OUTLINED_FUNCTION_48  stm32f4xx_hal_tim.o
    0x080021ec   0x080021ec   0x00000008   Code   RO         1425    .text.OUTLINED_FUNCTION_5  stm32f4xx_hal_uart.o
    0x080021f4   0x080021f4   0x0000000e   Code   RO         1122    .text.OUTLINED_FUNCTION_54  stm32f4xx_hal_tim.o
    0x08002202   0x08002202   0x0000000a   Code   RO         1124    .text.OUTLINED_FUNCTION_55  stm32f4xx_hal_tim.o
    0x0800220c   0x0800220c   0x0000001c   Code   RO         1427    .text.OUTLINED_FUNCTION_6  stm32f4xx_hal_uart.o
    0x08002228   0x08002228   0x0000000e   Code   RO         1028    .text.OUTLINED_FUNCTION_7  stm32f4xx_hal_tim.o
    0x08002236   0x08002236   0x0000000c   Code   RO         1429    .text.OUTLINED_FUNCTION_7  stm32f4xx_hal_uart.o
    0x08002242   0x08002242   0x00000002   Code   RO          207    .text.PendSV_Handler  stm32f4xx_it.o
    0x08002244   0x08002244   0x00000002   Code   RO          203    .text.SVC_Handler   stm32f4xx_it.o
    0x08002246   0x08002246   0x00000004   Code   RO          209    .text.SysTick_Handler  stm32f4xx_it.o
    0x0800224a   0x0800224a   0x00000002   PAD
    0x0800224c   0x0800224c   0x000000ac   Code   RO          101    .text.SystemClock_Config  main.o
    0x080022f8   0x080022f8   0x00000010   Code   RO         1467    .text.SystemInit    system_stm32f4xx.o
    0x08002308   0x08002308   0x0000000c   Code   RO          213    .text.TIM4_IRQHandler  stm32f4xx_it.o
    0x08002314   0x08002314   0x000000e8   Code   RO          786    .text.TIM_Base_SetConfig  stm32f4xx_hal_tim.o
    0x080023fc   0x080023fc   0x00000022   Code   RO          972    .text.TIM_TI1_ConfigInputStage  stm32f4xx_hal_tim.o
    0x0800241e   0x0800241e   0x00000024   Code   RO          974    .text.TIM_TI2_ConfigInputStage  stm32f4xx_hal_tim.o
    0x08002442   0x08002442   0x0000000c   Code   RO         1383    .text.UART_DMAAbortOnError  stm32f4xx_hal_uart.o
    0x0800244e   0x0800244e   0x0000004c   Code   RO         1329    .text.UART_DMAError  stm32f4xx_hal_uart.o
    0x0800249a   0x0800249a   0x00000072   Code   RO         1411    .text.UART_DMAReceiveCplt  stm32f4xx_hal_uart.o
    0x0800250c   0x0800250c   0x00000018   Code   RO         1413    .text.UART_DMARxHalfCplt  stm32f4xx_hal_uart.o
    0x08002524   0x08002524   0x00000042   Code   RO         1343    .text.UART_EndRxTransfer  stm32f4xx_hal_uart.o
    0x08002566   0x08002566   0x0000001c   Code   RO         1341    .text.UART_EndTxTransfer  stm32f4xx_hal_uart.o
    0x08002582   0x08002582   0x000000ba   Code   RO         1381    .text.UART_Receive_IT  stm32f4xx_hal_uart.o
    0x0800263c   0x0800263c   0x000000c4   Code   RO         1299    .text.UART_SetConfig  stm32f4xx_hal_uart.o
    0x08002700   0x08002700   0x00000084   Code   RO         1333    .text.UART_Start_Receive_DMA  stm32f4xx_hal_uart.o
    0x08002784   0x08002784   0x00000008   Code   RO          215    .text.USART1_IRQHandler  stm32f4xx_it.o
    0x0800278c   0x0800278c   0x00000002   Code   RO          201    .text.UsageFault_Handler  stm32f4xx_it.o
    0x0800278e   0x0800278e   0x00000002   PAD
    0x08002790   0x08002790   0x00000080   Code   RO           11    .text.can_filter_init  can_user.o
    0x08002810   0x08002810   0x00000074   Code   RO           99    .text.main          main.o
    0x08002884   0x08002884   0x0000001a   Code   RO         1640    x$fpl$fpinit        fz_wm.l(fpinit.o)
    0x0800289e   0x0800289e   0x00000010   Data   RO         1472    .rodata.AHBPrescTable  system_stm32f4xx.o
    0x080028ae   0x080028ae   0x00000008   Data   RO         1473    .rodata.APBPrescTable  system_stm32f4xx.o
    0x080028b6   0x080028b6   0x00000002   PAD
    0x080028b8   0x080028b8   0x00000020   Data   RO         1701    Region$$Table       anon$$obj.o


    Execution Region RW_IRAM2 (Exec base: 0x10000000, Load base: 0x080028e8, Size: 0x00000000, Max: 0x00010000, ABSOLUTE)

    **** No section assigned to this execution region ****


    Execution Region RW_IRAM1 (Exec base: 0x20000000, Load base: 0x080028d8, Size: 0x00000820, Max: 0x00030000, ABSOLUTE)

    Exec Addr    Load Addr    Size         Type   Attr      Idx    E Section Name        Object

    0x20000000   0x080028d8   0x00000008   Data   RW          747    .data..L_MergedGlobals  stm32f4xx_hal.o
    0x20000008   0x080028e0   0x00000004   Data   RW         1471    .data.SystemCoreClock  system_stm32f4xx.o
    0x2000000c   0x080028e4   0x00000004   PAD
    0x20000010        -       0x00000060   Zero   RW         1552    .bss                c_w.l(libspace.o)
    0x20000070        -       0x00000004   Zero   RW          115    .bss..L_MergedGlobals  main.o
    0x20000074        -       0x00000004   Zero   RW          144    .bss.HAL_RCC_CAN1_CLK_ENABLED  can.o
    0x20000078        -       0x0000000c   Zero   RW          113    .bss.RC_Ctl         main.o
    0x20000084        -       0x00000028   Zero   RW          142    .bss.hcan1          can.o
    0x200000ac        -       0x00000028   Zero   RW          143    .bss.hcan2          can.o
    0x200000d4        -       0x00000060   Zero   RW          184    .bss.hdma_usart1_rx  usart.o
    0x20000134        -       0x00000048   Zero   RW          168    .bss.htim4          tim.o
    0x2000017c        -       0x00000048   Zero   RW          183    .bss.huart1         usart.o
    0x200001c4        -       0x00000028   Zero   RW          110    .bss.motor_recieve_dipan3508  main.o
    0x200001ec        -       0x0000000a   Zero   RW          111    .bss.motor_recieve_dipan6020  main.o
    0x200001f6        -       0x0000000a   Zero   RW          112    .bss.motor_reciver_bodan3508  main.o
    0x20000200        -       0x00000008   Zero   RW           31    .bss.rx_data        can_user.o
    0x20000208        -       0x00000012   Zero   RW          109    .bss.sbus_rx_buffer  main.o
    0x2000021a   0x080028e4   0x00000002   PAD
    0x2000021c        -       0x00000004   Zero   RW          746    .bss.uwTick         stm32f4xx_hal.o
    0x20000220        -       0x00000200   Zero   RW            2    HEAP                startup_stm32f427xx.o
    0x20000420        -       0x00000400   Zero   RW            1    STACK               startup_stm32f427xx.o


==============================================================================

Image component sizes


      Code (inc. data)   RO Data    RW Data    ZI Data      Debug   Object Name

       336         36          0          0         84       7168   can.o
       368         32          0          0          8       7162   can_user.o
        48          0          0          0          0       3668   dma.o
        96          4          0          0          0       1573   gpio.o
       340         36          0          0         94       7359   main.o
        64         26        428          0       1536        856   startup_stm32f427xx.o
       172         12          0          8          4       7865   stm32f4xx_hal.o
      1324         10          0          0          0      13532   stm32f4xx_hal_can.o
       180         24          0          0          0      10801   stm32f4xx_hal_cortex.o
       978         20          0          0          0       9231   stm32f4xx_hal_dma.o
       408         24          0          0          0       5305   stm32f4xx_hal_gpio.o
        52          0          0          0          0       1548   stm32f4xx_hal_msp.o
       112         12          0          0          0       4566   stm32f4xx_hal_pwr_ex.o
      1258         48          0          0          0       7684   stm32f4xx_hal_rcc.o
      1098         68          0          0          0      47368   stm32f4xx_hal_tim.o
       116          0          0          0          0      20260   stm32f4xx_hal_tim_ex.o
      1750         24          0          0          0      25669   stm32f4xx_hal_uart.o
        76         16          0          0          0       7749   stm32f4xx_it.o
        16          4         24          4          0       2726   system_stm32f4xx.o
       156          8          0          0         72       7553   tim.o
       236         20          0          0        168       7260   usart.o
       100         12          0          0          0       3485   yaokong.o

    ----------------------------------------------------------------------
      9302        436        486         12       1972     210388   Object Totals
         0          0         32          0          0          0   (incl. Generated)
        18          0          2          0          6          0   (incl. Padding)

    ----------------------------------------------------------------------

      Code (inc. data)   RO Data    RW Data    ZI Data      Debug   Library Member Name

         8          0          0          0          0         68   __main.o
         0          0          0          0          0          0   __rtentry.o
        12          0          0          0          0          0   __rtentry2.o
         6          0          0          0          0          0   __rtentry4.o
        94          8          0          0          0          0   __scatter.o
        26          0          0          0          0          0   __scatter_copy.o
        28          0          0          0          0          0   __scatter_zi.o
        18          0          0          0          0         80   exit.o
         6          0          0          0          0        152   heapauxi.o
         0          0          0          0          0          0   indicate_semi.o
         2          0          0          0          0          0   libinit.o
         6          0          0          0          0          0   libinit2.o
         2          0          0          0          0          0   libshutdown.o
         2          0          0          0          0          0   libshutdown2.o
         8          4          0          0         96         68   libspace.o
       240          0          0          0          0        100   lludivv7m.o
        78          0          0          0          0         80   rt_memclr_w.o
         2          0          0          0          0          0   rtexit.o
        10          0          0          0          0          0   rtexit2.o
        12          4          0          0          0         68   sys_exit.o
        74          0          0          0          0         80   sys_stackheap_outer.o
         2          0          0          0          0         68   use_no_semi.o
        26          0          0          0          0        116   fpinit.o

    ----------------------------------------------------------------------
       668         16          0          0         96        880   Library Totals
         6          0          0          0          0          0   (incl. Padding)

    ----------------------------------------------------------------------

      Code (inc. data)   RO Data    RW Data    ZI Data      Debug   Library Name

       636         16          0          0         96        764   c_w.l
        26          0          0          0          0        116   fz_wm.l

    ----------------------------------------------------------------------
       668         16          0          0         96        880   Library Totals

    ----------------------------------------------------------------------

==============================================================================


      Code (inc. data)   RO Data    RW Data    ZI Data      Debug   

      9970        452        486         12       2068     210676   Grand Totals
      9970        452        486         12       2068     210676   ELF Image Totals
      9970        452        486         12          0          0   ROM Totals

==============================================================================

    Total RO  Size (Code + RO Data)                10456 (  10.21kB)
    Total RW  Size (RW Data + ZI Data)              2080 (   2.03kB)
    Total ROM Size (Code + RO Data + RW Data)      10468 (  10.22kB)

==============================================================================

